
**** Build of configuration CPU1_FLASH for project FinalProjectwithCANAprilStarter ****

"C:\\ti\\ccs1270\\ccs\\utils\\bin\\gmake" -k -j 12 all -O 
 
Building file: "../F2837xD_CodeStartBranch.asm"
Invoking: C2000 Compiler
"C:/ti/ccs1270/ccs/tools/compiler/ti-cgt-c2000_22.6.1.LTS/bin/cl2000" -v28 -ml -mt --cla_support=cla1 --float_support=fpu32 --tmu_support=tmu0 --vcu_support=vcu2 -Ooff --include_path="C:/MARIUS_FINAL_PROJECT/se423_final_project/workspace/FinalProjectwithCANAprilStarter" --include_path="C:/MARIUS_FINAL_PROJECT/se423_final_project/C2000Ware_4_01_00_00/device_support/f2837xd/common/include" --include_path="C:/MARIUS_FINAL_PROJECT/se423_final_project/C2000Ware_4_01_00_00/device_support/f2837xd/headers/include" --include_path="C:/MARIUS_FINAL_PROJECT/se423_final_project/workspace/FinalProjectwithCANAprilStarter/device" --include_path="C:/MARIUS_FINAL_PROJECT/se423_final_project/C2000Ware_4_01_00_00/driverlib/f2837xd/driverlib" --include_path="C:/MARIUS_FINAL_PROJECT/se423_final_project/C2000Ware_4_01_00_00/libraries/dsp/FPU/c28/include" --include_path="C:/ti/ccs1270/ccs/tools/compiler/ti-cgt-c2000_22.6.1.LTS/include" --define=DEBUG --define=_FLASH --define=_LAUNCHXL_F28379D --define=_DUAL_HEADERS --define=CPU1 --c11 --diag_suppress=10063 --diag_warning=225 --diag_wrap=off --display_error_number --abi=coffabi --preproc_with_compile --preproc_dependency="F2837xD_CodeStartBranch.d_raw"  "../F2837xD_CodeStartBranch.asm"
Finished building: "../F2837xD_CodeStartBranch.asm"
 
Building file: "../F2837xD_Adc.c"
Invoking: C2000 Compiler
"C:/ti/ccs1270/ccs/tools/compiler/ti-cgt-c2000_22.6.1.LTS/bin/cl2000" -v28 -ml -mt --cla_support=cla1 --float_support=fpu32 --tmu_support=tmu0 --vcu_support=vcu2 -Ooff --include_path="C:/MARIUS_FINAL_PROJECT/se423_final_project/workspace/FinalProjectwithCANAprilStarter" --include_path="C:/MARIUS_FINAL_PROJECT/se423_final_project/C2000Ware_4_01_00_00/device_support/f2837xd/common/include" --include_path="C:/MARIUS_FINAL_PROJECT/se423_final_project/C2000Ware_4_01_00_00/device_support/f2837xd/headers/include" --include_path="C:/MARIUS_FINAL_PROJECT/se423_final_project/workspace/FinalProjectwithCANAprilStarter/device" --include_path="C:/MARIUS_FINAL_PROJECT/se423_final_project/C2000Ware_4_01_00_00/driverlib/f2837xd/driverlib" --include_path="C:/MARIUS_FINAL_PROJECT/se423_final_project/C2000Ware_4_01_00_00/libraries/dsp/FPU/c28/include" --include_path="C:/ti/ccs1270/ccs/tools/compiler/ti-cgt-c2000_22.6.1.LTS/include" --define=DEBUG --define=_FLASH --define=_LAUNCHXL_F28379D --define=_DUAL_HEADERS --define=CPU1 --c11 --diag_suppress=10063 --diag_warning=225 --diag_wrap=off --display_error_number --abi=coffabi --preproc_with_compile --preproc_dependency="F2837xD_Adc.d_raw"  "../F2837xD_Adc.c"
Finished building: "../F2837xD_Adc.c"
 
Building file: "../F2837xD_CpuTimers.c"
Invoking: C2000 Compiler
"C:/ti/ccs1270/ccs/tools/compiler/ti-cgt-c2000_22.6.1.LTS/bin/cl2000" -v28 -ml -mt --cla_support=cla1 --float_support=fpu32 --tmu_support=tmu0 --vcu_support=vcu2 -Ooff --include_path="C:/MARIUS_FINAL_PROJECT/se423_final_project/workspace/FinalProjectwithCANAprilStarter" --include_path="C:/MARIUS_FINAL_PROJECT/se423_final_project/C2000Ware_4_01_00_00/device_support/f2837xd/common/include" --include_path="C:/MARIUS_FINAL_PROJECT/se423_final_project/C2000Ware_4_01_00_00/device_support/f2837xd/headers/include" --include_path="C:/MARIUS_FINAL_PROJECT/se423_final_project/workspace/FinalProjectwithCANAprilStarter/device" --include_path="C:/MARIUS_FINAL_PROJECT/se423_final_project/C2000Ware_4_01_00_00/driverlib/f2837xd/driverlib" --include_path="C:/MARIUS_FINAL_PROJECT/se423_final_project/C2000Ware_4_01_00_00/libraries/dsp/FPU/c28/include" --include_path="C:/ti/ccs1270/ccs/tools/compiler/ti-cgt-c2000_22.6.1.LTS/include" --define=DEBUG --define=_FLASH --define=_LAUNCHXL_F28379D --define=_DUAL_HEADERS --define=CPU1 --c11 --diag_suppress=10063 --diag_warning=225 --diag_wrap=off --display_error_number --abi=coffabi --preproc_with_compile --preproc_dependency="F2837xD_CpuTimers.d_raw"  "../F2837xD_CpuTimers.c"
Finished building: "../F2837xD_CpuTimers.c"
 
Building file: "../F28379dCAN.c"
Invoking: C2000 Compiler
"C:/ti/ccs1270/ccs/tools/compiler/ti-cgt-c2000_22.6.1.LTS/bin/cl2000" -v28 -ml -mt --cla_support=cla1 --float_support=fpu32 --tmu_support=tmu0 --vcu_support=vcu2 -Ooff --include_path="C:/MARIUS_FINAL_PROJECT/se423_final_project/workspace/FinalProjectwithCANAprilStarter" --include_path="C:/MARIUS_FINAL_PROJECT/se423_final_project/C2000Ware_4_01_00_00/device_support/f2837xd/common/include" --include_path="C:/MARIUS_FINAL_PROJECT/se423_final_project/C2000Ware_4_01_00_00/device_support/f2837xd/headers/include" --include_path="C:/MARIUS_FINAL_PROJECT/se423_final_project/workspace/FinalProjectwithCANAprilStarter/device" --include_path="C:/MARIUS_FINAL_PROJECT/se423_final_project/C2000Ware_4_01_00_00/driverlib/f2837xd/driverlib" --include_path="C:/MARIUS_FINAL_PROJECT/se423_final_project/C2000Ware_4_01_00_00/libraries/dsp/FPU/c28/include" --include_path="C:/ti/ccs1270/ccs/tools/compiler/ti-cgt-c2000_22.6.1.LTS/include" --define=DEBUG --define=_FLASH --define=_LAUNCHXL_F28379D --define=_DUAL_HEADERS --define=CPU1 --c11 --diag_suppress=10063 --diag_warning=225 --diag_wrap=off --display_error_number --abi=coffabi --preproc_with_compile --preproc_dependency="F28379dCAN.d_raw"  "../F28379dCAN.c"
Finished building: "../F28379dCAN.c"
 
Building file: "../F2837xD_DefaultISR.c"
Invoking: C2000 Compiler
"C:/ti/ccs1270/ccs/tools/compiler/ti-cgt-c2000_22.6.1.LTS/bin/cl2000" -v28 -ml -mt --cla_support=cla1 --float_support=fpu32 --tmu_support=tmu0 --vcu_support=vcu2 -Ooff --include_path="C:/MARIUS_FINAL_PROJECT/se423_final_project/workspace/FinalProjectwithCANAprilStarter" --include_path="C:/MARIUS_FINAL_PROJECT/se423_final_project/C2000Ware_4_01_00_00/device_support/f2837xd/common/include" --include_path="C:/MARIUS_FINAL_PROJECT/se423_final_project/C2000Ware_4_01_00_00/device_support/f2837xd/headers/include" --include_path="C:/MARIUS_FINAL_PROJECT/se423_final_project/workspace/FinalProjectwithCANAprilStarter/device" --include_path="C:/MARIUS_FINAL_PROJECT/se423_final_project/C2000Ware_4_01_00_00/driverlib/f2837xd/driverlib" --include_path="C:/MARIUS_FINAL_PROJECT/se423_final_project/C2000Ware_4_01_00_00/libraries/dsp/FPU/c28/include" --include_path="C:/ti/ccs1270/ccs/tools/compiler/ti-cgt-c2000_22.6.1.LTS/include" --define=DEBUG --define=_FLASH --define=_LAUNCHXL_F28379D --define=_DUAL_HEADERS --define=CPU1 --c11 --diag_suppress=10063 --diag_warning=225 --diag_wrap=off --display_error_number --abi=coffabi --preproc_with_compile --preproc_dependency="F2837xD_DefaultISR.d_raw"  "../F2837xD_DefaultISR.c"
Finished building: "../F2837xD_DefaultISR.c"
 
Building file: "../F2837xD_EPwm.c"
Invoking: C2000 Compiler
"C:/ti/ccs1270/ccs/tools/compiler/ti-cgt-c2000_22.6.1.LTS/bin/cl2000" -v28 -ml -mt --cla_support=cla1 --float_support=fpu32 --tmu_support=tmu0 --vcu_support=vcu2 -Ooff --include_path="C:/MARIUS_FINAL_PROJECT/se423_final_project/workspace/FinalProjectwithCANAprilStarter" --include_path="C:/MARIUS_FINAL_PROJECT/se423_final_project/C2000Ware_4_01_00_00/device_support/f2837xd/common/include" --include_path="C:/MARIUS_FINAL_PROJECT/se423_final_project/C2000Ware_4_01_00_00/device_support/f2837xd/headers/include" --include_path="C:/MARIUS_FINAL_PROJECT/se423_final_project/workspace/FinalProjectwithCANAprilStarter/device" --include_path="C:/MARIUS_FINAL_PROJECT/se423_final_project/C2000Ware_4_01_00_00/driverlib/f2837xd/driverlib" --include_path="C:/MARIUS_FINAL_PROJECT/se423_final_project/C2000Ware_4_01_00_00/libraries/dsp/FPU/c28/include" --include_path="C:/ti/ccs1270/ccs/tools/compiler/ti-cgt-c2000_22.6.1.LTS/include" --define=DEBUG --define=_FLASH --define=_LAUNCHXL_F28379D --define=_DUAL_HEADERS --define=CPU1 --c11 --diag_suppress=10063 --diag_warning=225 --diag_wrap=off --display_error_number --abi=coffabi --preproc_with_compile --preproc_dependency="F2837xD_EPwm.d_raw"  "../F2837xD_EPwm.c"
Finished building: "../F2837xD_EPwm.c"
 
Building file: "../F28379dSerial.c"
Invoking: C2000 Compiler
"C:/ti/ccs1270/ccs/tools/compiler/ti-cgt-c2000_22.6.1.LTS/bin/cl2000" -v28 -ml -mt --cla_support=cla1 --float_support=fpu32 --tmu_support=tmu0 --vcu_support=vcu2 -Ooff --include_path="C:/MARIUS_FINAL_PROJECT/se423_final_project/workspace/FinalProjectwithCANAprilStarter" --include_path="C:/MARIUS_FINAL_PROJECT/se423_final_project/C2000Ware_4_01_00_00/device_support/f2837xd/common/include" --include_path="C:/MARIUS_FINAL_PROJECT/se423_final_project/C2000Ware_4_01_00_00/device_support/f2837xd/headers/include" --include_path="C:/MARIUS_FINAL_PROJECT/se423_final_project/workspace/FinalProjectwithCANAprilStarter/device" --include_path="C:/MARIUS_FINAL_PROJECT/se423_final_project/C2000Ware_4_01_00_00/driverlib/f2837xd/driverlib" --include_path="C:/MARIUS_FINAL_PROJECT/se423_final_project/C2000Ware_4_01_00_00/libraries/dsp/FPU/c28/include" --include_path="C:/ti/ccs1270/ccs/tools/compiler/ti-cgt-c2000_22.6.1.LTS/include" --define=DEBUG --define=_FLASH --define=_LAUNCHXL_F28379D --define=_DUAL_HEADERS --define=CPU1 --c11 --diag_suppress=10063 --diag_warning=225 --diag_wrap=off --display_error_number --abi=coffabi --preproc_with_compile --preproc_dependency="F28379dSerial.d_raw"  "../F28379dSerial.c"
Finished building: "../F28379dSerial.c"
 
Building file: "../F2837xD_PieCtrl.c"
Invoking: C2000 Compiler
"C:/ti/ccs1270/ccs/tools/compiler/ti-cgt-c2000_22.6.1.LTS/bin/cl2000" -v28 -ml -mt --cla_support=cla1 --float_support=fpu32 --tmu_support=tmu0 --vcu_support=vcu2 -Ooff --include_path="C:/MARIUS_FINAL_PROJECT/se423_final_project/workspace/FinalProjectwithCANAprilStarter" --include_path="C:/MARIUS_FINAL_PROJECT/se423_final_project/C2000Ware_4_01_00_00/device_support/f2837xd/common/include" --include_path="C:/MARIUS_FINAL_PROJECT/se423_final_project/C2000Ware_4_01_00_00/device_support/f2837xd/headers/include" --include_path="C:/MARIUS_FINAL_PROJECT/se423_final_project/workspace/FinalProjectwithCANAprilStarter/device" --include_path="C:/MARIUS_FINAL_PROJECT/se423_final_project/C2000Ware_4_01_00_00/driverlib/f2837xd/driverlib" --include_path="C:/MARIUS_FINAL_PROJECT/se423_final_project/C2000Ware_4_01_00_00/libraries/dsp/FPU/c28/include" --include_path="C:/ti/ccs1270/ccs/tools/compiler/ti-cgt-c2000_22.6.1.LTS/include" --define=DEBUG --define=_FLASH --define=_LAUNCHXL_F28379D --define=_DUAL_HEADERS --define=CPU1 --c11 --diag_suppress=10063 --diag_warning=225 --diag_wrap=off --display_error_number --abi=coffabi --preproc_with_compile --preproc_dependency="F2837xD_PieCtrl.d_raw"  "../F2837xD_PieCtrl.c"
Finished building: "../F2837xD_PieCtrl.c"
 
Building file: "../F2837xD_PieVect.c"
Invoking: C2000 Compiler
"C:/ti/ccs1270/ccs/tools/compiler/ti-cgt-c2000_22.6.1.LTS/bin/cl2000" -v28 -ml -mt --cla_support=cla1 --float_support=fpu32 --tmu_support=tmu0 --vcu_support=vcu2 -Ooff --include_path="C:/MARIUS_FINAL_PROJECT/se423_final_project/workspace/FinalProjectwithCANAprilStarter" --include_path="C:/MARIUS_FINAL_PROJECT/se423_final_project/C2000Ware_4_01_00_00/device_support/f2837xd/common/include" --include_path="C:/MARIUS_FINAL_PROJECT/se423_final_project/C2000Ware_4_01_00_00/device_support/f2837xd/headers/include" --include_path="C:/MARIUS_FINAL_PROJECT/se423_final_project/workspace/FinalProjectwithCANAprilStarter/device" --include_path="C:/MARIUS_FINAL_PROJECT/se423_final_project/C2000Ware_4_01_00_00/driverlib/f2837xd/driverlib" --include_path="C:/MARIUS_FINAL_PROJECT/se423_final_project/C2000Ware_4_01_00_00/libraries/dsp/FPU/c28/include" --include_path="C:/ti/ccs1270/ccs/tools/compiler/ti-cgt-c2000_22.6.1.LTS/include" --define=DEBUG --define=_FLASH --define=_LAUNCHXL_F28379D --define=_DUAL_HEADERS --define=CPU1 --c11 --diag_suppress=10063 --diag_warning=225 --diag_wrap=off --display_error_number --abi=coffabi --preproc_with_compile --preproc_dependency="F2837xD_PieVect.d_raw"  "../F2837xD_PieVect.c"
Finished building: "../F2837xD_PieVect.c"
 
Building file: "../F2837xD_Gpio.c"
Invoking: C2000 Compiler
"C:/ti/ccs1270/ccs/tools/compiler/ti-cgt-c2000_22.6.1.LTS/bin/cl2000" -v28 -ml -mt --cla_support=cla1 --float_support=fpu32 --tmu_support=tmu0 --vcu_support=vcu2 -Ooff --include_path="C:/MARIUS_FINAL_PROJECT/se423_final_project/workspace/FinalProjectwithCANAprilStarter" --include_path="C:/MARIUS_FINAL_PROJECT/se423_final_project/C2000Ware_4_01_00_00/device_support/f2837xd/common/include" --include_path="C:/MARIUS_FINAL_PROJECT/se423_final_project/C2000Ware_4_01_00_00/device_support/f2837xd/headers/include" --include_path="C:/MARIUS_FINAL_PROJECT/se423_final_project/workspace/FinalProjectwithCANAprilStarter/device" --include_path="C:/MARIUS_FINAL_PROJECT/se423_final_project/C2000Ware_4_01_00_00/driverlib/f2837xd/driverlib" --include_path="C:/MARIUS_FINAL_PROJECT/se423_final_project/C2000Ware_4_01_00_00/libraries/dsp/FPU/c28/include" --include_path="C:/ti/ccs1270/ccs/tools/compiler/ti-cgt-c2000_22.6.1.LTS/include" --define=DEBUG --define=_FLASH --define=_LAUNCHXL_F28379D --define=_DUAL_HEADERS --define=CPU1 --c11 --diag_suppress=10063 --diag_warning=225 --diag_wrap=off --display_error_number --abi=coffabi --preproc_with_compile --preproc_dependency="F2837xD_Gpio.d_raw"  "../F2837xD_Gpio.c"
Finished building: "../F2837xD_Gpio.c"
 
Building file: "../F2837xD_usDelay.asm"
Invoking: C2000 Compiler
"C:/ti/ccs1270/ccs/tools/compiler/ti-cgt-c2000_22.6.1.LTS/bin/cl2000" -v28 -ml -mt --cla_support=cla1 --float_support=fpu32 --tmu_support=tmu0 --vcu_support=vcu2 -Ooff --include_path="C:/MARIUS_FINAL_PROJECT/se423_final_project/workspace/FinalProjectwithCANAprilStarter" --include_path="C:/MARIUS_FINAL_PROJECT/se423_final_project/C2000Ware_4_01_00_00/device_support/f2837xd/common/include" --include_path="C:/MARIUS_FINAL_PROJECT/se423_final_project/C2000Ware_4_01_00_00/device_support/f2837xd/headers/include" --include_path="C:/MARIUS_FINAL_PROJECT/se423_final_project/workspace/FinalProjectwithCANAprilStarter/device" --include_path="C:/MARIUS_FINAL_PROJECT/se423_final_project/C2000Ware_4_01_00_00/driverlib/f2837xd/driverlib" --include_path="C:/MARIUS_FINAL_PROJECT/se423_final_project/C2000Ware_4_01_00_00/libraries/dsp/FPU/c28/include" --include_path="C:/ti/ccs1270/ccs/tools/compiler/ti-cgt-c2000_22.6.1.LTS/include" --define=DEBUG --define=_FLASH --define=_LAUNCHXL_F28379D --define=_DUAL_HEADERS --define=CPU1 --c11 --diag_suppress=10063 --diag_warning=225 --diag_wrap=off --display_error_number --abi=coffabi --preproc_with_compile --preproc_dependency="F2837xD_usDelay.d_raw"  "../F2837xD_usDelay.asm"
Finished building: "../F2837xD_usDelay.asm"
 
Building file: "../F2837xD_Spi.c"
Invoking: C2000 Compiler
"C:/ti/ccs1270/ccs/tools/compiler/ti-cgt-c2000_22.6.1.LTS/bin/cl2000" -v28 -ml -mt --cla_support=cla1 --float_support=fpu32 --tmu_support=tmu0 --vcu_support=vcu2 -Ooff --include_path="C:/MARIUS_FINAL_PROJECT/se423_final_project/workspace/FinalProjectwithCANAprilStarter" --include_path="C:/MARIUS_FINAL_PROJECT/se423_final_project/C2000Ware_4_01_00_00/device_support/f2837xd/common/include" --include_path="C:/MARIUS_FINAL_PROJECT/se423_final_project/C2000Ware_4_01_00_00/device_support/f2837xd/headers/include" --include_path="C:/MARIUS_FINAL_PROJECT/se423_final_project/workspace/FinalProjectwithCANAprilStarter/device" --include_path="C:/MARIUS_FINAL_PROJECT/se423_final_project/C2000Ware_4_01_00_00/driverlib/f2837xd/driverlib" --include_path="C:/MARIUS_FINAL_PROJECT/se423_final_project/C2000Ware_4_01_00_00/libraries/dsp/FPU/c28/include" --include_path="C:/ti/ccs1270/ccs/tools/compiler/ti-cgt-c2000_22.6.1.LTS/include" --define=DEBUG --define=_FLASH --define=_LAUNCHXL_F28379D --define=_DUAL_HEADERS --define=CPU1 --c11 --diag_suppress=10063 --diag_warning=225 --diag_wrap=off --display_error_number --abi=coffabi --preproc_with_compile --preproc_dependency="F2837xD_Spi.d_raw"  "../F2837xD_Spi.c"
Finished building: "../F2837xD_Spi.c"
 
Building file: "../F2837xD_SysCtrl.c"
Invoking: C2000 Compiler
"C:/ti/ccs1270/ccs/tools/compiler/ti-cgt-c2000_22.6.1.LTS/bin/cl2000" -v28 -ml -mt --cla_support=cla1 --float_support=fpu32 --tmu_support=tmu0 --vcu_support=vcu2 -Ooff --include_path="C:/MARIUS_FINAL_PROJECT/se423_final_project/workspace/FinalProjectwithCANAprilStarter" --include_path="C:/MARIUS_FINAL_PROJECT/se423_final_project/C2000Ware_4_01_00_00/device_support/f2837xd/common/include" --include_path="C:/MARIUS_FINAL_PROJECT/se423_final_project/C2000Ware_4_01_00_00/device_support/f2837xd/headers/include" --include_path="C:/MARIUS_FINAL_PROJECT/se423_final_project/workspace/FinalProjectwithCANAprilStarter/device" --include_path="C:/MARIUS_FINAL_PROJECT/se423_final_project/C2000Ware_4_01_00_00/driverlib/f2837xd/driverlib" --include_path="C:/MARIUS_FINAL_PROJECT/se423_final_project/C2000Ware_4_01_00_00/libraries/dsp/FPU/c28/include" --include_path="C:/ti/ccs1270/ccs/tools/compiler/ti-cgt-c2000_22.6.1.LTS/include" --define=DEBUG --define=_FLASH --define=_LAUNCHXL_F28379D --define=_DUAL_HEADERS --define=CPU1 --c11 --diag_suppress=10063 --diag_warning=225 --diag_wrap=off --display_error_number --abi=coffabi --preproc_with_compile --preproc_dependency="F2837xD_SysCtrl.d_raw"  "../F2837xD_SysCtrl.c"
"../F2837xD_SysCtrl.c", line 837 (col. 47): advice #2614-D: (Performance) Use --fp_mode=relaxed to enable TMU hardware support for FP division.
Finished building: "../F2837xD_SysCtrl.c"
 
Building file: "../F2837xD_GlobalVariableDefs.c"
Invoking: C2000 Compiler
"C:/ti/ccs1270/ccs/tools/compiler/ti-cgt-c2000_22.6.1.LTS/bin/cl2000" -v28 -ml -mt --cla_support=cla1 --float_support=fpu32 --tmu_support=tmu0 --vcu_support=vcu2 -Ooff --include_path="C:/MARIUS_FINAL_PROJECT/se423_final_project/workspace/FinalProjectwithCANAprilStarter" --include_path="C:/MARIUS_FINAL_PROJECT/se423_final_project/C2000Ware_4_01_00_00/device_support/f2837xd/common/include" --include_path="C:/MARIUS_FINAL_PROJECT/se423_final_project/C2000Ware_4_01_00_00/device_support/f2837xd/headers/include" --include_path="C:/MARIUS_FINAL_PROJECT/se423_final_project/workspace/FinalProjectwithCANAprilStarter/device" --include_path="C:/MARIUS_FINAL_PROJECT/se423_final_project/C2000Ware_4_01_00_00/driverlib/f2837xd/driverlib" --include_path="C:/MARIUS_FINAL_PROJECT/se423_final_project/C2000Ware_4_01_00_00/libraries/dsp/FPU/c28/include" --include_path="C:/ti/ccs1270/ccs/tools/compiler/ti-cgt-c2000_22.6.1.LTS/include" --define=DEBUG --define=_FLASH --define=_LAUNCHXL_F28379D --define=_DUAL_HEADERS --define=CPU1 --c11 --diag_suppress=10063 --diag_warning=225 --diag_wrap=off --display_error_number --abi=coffabi --preproc_with_compile --preproc_dependency="F2837xD_GlobalVariableDefs.d_raw"  "../F2837xD_GlobalVariableDefs.c"
Finished building: "../F2837xD_GlobalVariableDefs.c"
 
Building file: "../MatrixMath.c"
Invoking: C2000 Compiler
"C:/ti/ccs1270/ccs/tools/compiler/ti-cgt-c2000_22.6.1.LTS/bin/cl2000" -v28 -ml -mt --cla_support=cla1 --float_support=fpu32 --tmu_support=tmu0 --vcu_support=vcu2 -Ooff --include_path="C:/MARIUS_FINAL_PROJECT/se423_final_project/workspace/FinalProjectwithCANAprilStarter" --include_path="C:/MARIUS_FINAL_PROJECT/se423_final_project/C2000Ware_4_01_00_00/device_support/f2837xd/common/include" --include_path="C:/MARIUS_FINAL_PROJECT/se423_final_project/C2000Ware_4_01_00_00/device_support/f2837xd/headers/include" --include_path="C:/MARIUS_FINAL_PROJECT/se423_final_project/workspace/FinalProjectwithCANAprilStarter/device" --include_path="C:/MARIUS_FINAL_PROJECT/se423_final_project/C2000Ware_4_01_00_00/driverlib/f2837xd/driverlib" --include_path="C:/MARIUS_FINAL_PROJECT/se423_final_project/C2000Ware_4_01_00_00/libraries/dsp/FPU/c28/include" --include_path="C:/ti/ccs1270/ccs/tools/compiler/ti-cgt-c2000_22.6.1.LTS/include" --define=DEBUG --define=_FLASH --define=_LAUNCHXL_F28379D --define=_DUAL_HEADERS --define=CPU1 --c11 --diag_suppress=10063 --diag_warning=225 --diag_wrap=off --display_error_number --abi=coffabi --preproc_with_compile --preproc_dependency="MatrixMath.d_raw"  "../MatrixMath.c"
"../MatrixMath.c", line 39 (col. 19): advice #2614-D: (Performance) Use --fp_mode=relaxed to enable TMU hardware support for FP division.
Finished building: "../MatrixMath.c"
 
Building file: "../OptiTrack.c"
Invoking: C2000 Compiler
"C:/ti/ccs1270/ccs/tools/compiler/ti-cgt-c2000_22.6.1.LTS/bin/cl2000" -v28 -ml -mt --cla_support=cla1 --float_support=fpu32 --tmu_support=tmu0 --vcu_support=vcu2 -Ooff --include_path="C:/MARIUS_FINAL_PROJECT/se423_final_project/workspace/FinalProjectwithCANAprilStarter" --include_path="C:/MARIUS_FINAL_PROJECT/se423_final_project/C2000Ware_4_01_00_00/device_support/f2837xd/common/include" --include_path="C:/MARIUS_FINAL_PROJECT/se423_final_project/C2000Ware_4_01_00_00/device_support/f2837xd/headers/include" --include_path="C:/MARIUS_FINAL_PROJECT/se423_final_project/workspace/FinalProjectwithCANAprilStarter/device" --include_path="C:/MARIUS_FINAL_PROJECT/se423_final_project/C2000Ware_4_01_00_00/driverlib/f2837xd/driverlib" --include_path="C:/MARIUS_FINAL_PROJECT/se423_final_project/C2000Ware_4_01_00_00/libraries/dsp/FPU/c28/include" --include_path="C:/ti/ccs1270/ccs/tools/compiler/ti-cgt-c2000_22.6.1.LTS/include" --define=DEBUG --define=_FLASH --define=_LAUNCHXL_F28379D --define=_DUAL_HEADERS --define=CPU1 --c11 --diag_suppress=10063 --diag_warning=225 --diag_wrap=off --display_error_number --abi=coffabi --preproc_with_compile --preproc_dependency="OptiTrack.d_raw"  "../OptiTrack.c"
"../OptiTrack.c", line 66 (col. 81): advice #2614-D: (Performance) Use --fp_mode=relaxed to enable TMU hardware support for FP division.
Finished building: "../OptiTrack.c"
 
Building file: "../user_xy.c"
Invoking: C2000 Compiler
"C:/ti/ccs1270/ccs/tools/compiler/ti-cgt-c2000_22.6.1.LTS/bin/cl2000" -v28 -ml -mt --cla_support=cla1 --float_support=fpu32 --tmu_support=tmu0 --vcu_support=vcu2 -Ooff --include_path="C:/MARIUS_FINAL_PROJECT/se423_final_project/workspace/FinalProjectwithCANAprilStarter" --include_path="C:/MARIUS_FINAL_PROJECT/se423_final_project/C2000Ware_4_01_00_00/device_support/f2837xd/common/include" --include_path="C:/MARIUS_FINAL_PROJECT/se423_final_project/C2000Ware_4_01_00_00/device_support/f2837xd/headers/include" --include_path="C:/MARIUS_FINAL_PROJECT/se423_final_project/workspace/FinalProjectwithCANAprilStarter/device" --include_path="C:/MARIUS_FINAL_PROJECT/se423_final_project/C2000Ware_4_01_00_00/driverlib/f2837xd/driverlib" --include_path="C:/MARIUS_FINAL_PROJECT/se423_final_project/C2000Ware_4_01_00_00/libraries/dsp/FPU/c28/include" --include_path="C:/ti/ccs1270/ccs/tools/compiler/ti-cgt-c2000_22.6.1.LTS/include" --define=DEBUG --define=_FLASH --define=_LAUNCHXL_F28379D --define=_DUAL_HEADERS --define=CPU1 --c11 --diag_suppress=10063 --diag_warning=225 --diag_wrap=off --display_error_number --abi=coffabi --preproc_with_compile --preproc_dependency="user_xy.d_raw"  "../user_xy.c"
"../user_xy.c", line 58 (col. 15): advice #2614-D: (Performance) Use --fp_mode=relaxed to enable TMU hardware support for atan2f.
"../user_xy.c", line 74 (col. 49): advice #2614-D: (Performance) Use --fp_mode=relaxed to enable TMU hardware support for FP division.
"../user_xy.c", line 83 (col. 14): advice #2614-D: (Performance) Use --fp_mode=relaxed to enable TMU hardware support for sqrtf.
Finished building: "../user_xy.c"
 
Building file: "../device/device.c"
Invoking: C2000 Compiler
"C:/ti/ccs1270/ccs/tools/compiler/ti-cgt-c2000_22.6.1.LTS/bin/cl2000" -v28 -ml -mt --cla_support=cla1 --float_support=fpu32 --tmu_support=tmu0 --vcu_support=vcu2 -Ooff --include_path="C:/MARIUS_FINAL_PROJECT/se423_final_project/workspace/FinalProjectwithCANAprilStarter" --include_path="C:/MARIUS_FINAL_PROJECT/se423_final_project/C2000Ware_4_01_00_00/device_support/f2837xd/common/include" --include_path="C:/MARIUS_FINAL_PROJECT/se423_final_project/C2000Ware_4_01_00_00/device_support/f2837xd/headers/include" --include_path="C:/MARIUS_FINAL_PROJECT/se423_final_project/workspace/FinalProjectwithCANAprilStarter/device" --include_path="C:/MARIUS_FINAL_PROJECT/se423_final_project/C2000Ware_4_01_00_00/driverlib/f2837xd/driverlib" --include_path="C:/MARIUS_FINAL_PROJECT/se423_final_project/C2000Ware_4_01_00_00/libraries/dsp/FPU/c28/include" --include_path="C:/ti/ccs1270/ccs/tools/compiler/ti-cgt-c2000_22.6.1.LTS/include" --define=DEBUG --define=_FLASH --define=_LAUNCHXL_F28379D --define=_DUAL_HEADERS --define=CPU1 --c11 --diag_suppress=10063 --diag_warning=225 --diag_wrap=off --display_error_number --abi=coffabi --preproc_with_compile --preproc_dependency="device/device.d_raw" --obj_directory="device"  "../device/device.c"
Finished building: "../device/device.c"
 
Building file: "../FinalProjectwithCANAprilStarter_main.c"
Invoking: C2000 Compiler
"C:/ti/ccs1270/ccs/tools/compiler/ti-cgt-c2000_22.6.1.LTS/bin/cl2000" -v28 -ml -mt --cla_support=cla1 --float_support=fpu32 --tmu_support=tmu0 --vcu_support=vcu2 -Ooff --include_path="C:/MARIUS_FINAL_PROJECT/se423_final_project/workspace/FinalProjectwithCANAprilStarter" --include_path="C:/MARIUS_FINAL_PROJECT/se423_final_project/C2000Ware_4_01_00_00/device_support/f2837xd/common/include" --include_path="C:/MARIUS_FINAL_PROJECT/se423_final_project/C2000Ware_4_01_00_00/device_support/f2837xd/headers/include" --include_path="C:/MARIUS_FINAL_PROJECT/se423_final_project/workspace/FinalProjectwithCANAprilStarter/device" --include_path="C:/MARIUS_FINAL_PROJECT/se423_final_project/C2000Ware_4_01_00_00/driverlib/f2837xd/driverlib" --include_path="C:/MARIUS_FINAL_PROJECT/se423_final_project/C2000Ware_4_01_00_00/libraries/dsp/FPU/c28/include" --include_path="C:/ti/ccs1270/ccs/tools/compiler/ti-cgt-c2000_22.6.1.LTS/include" --define=DEBUG --define=_FLASH --define=_LAUNCHXL_F28379D --define=_DUAL_HEADERS --define=CPU1 --c11 --diag_suppress=10063 --diag_warning=225 --diag_wrap=off --display_error_number --abi=coffabi --preproc_with_compile --preproc_dependency="FinalProjectwithCANAprilStarter_main.d_raw"  "../FinalProjectwithCANAprilStarter_main.c"
"../FinalProjectwithCANAprilStarter_main.c", line 737 (col. 32): advice #2614-D: (Performance) Use --fp_mode=relaxed to enable TMU hardware support for FP division.
"../FinalProjectwithCANAprilStarter_main.c", line 1048 (col. 23): advice #2614-D: (Performance) Use --fp_mode=relaxed to enable TMU hardware support for cosf.
"../FinalProjectwithCANAprilStarter_main.c", line 1049 (col. 23): advice #2614-D: (Performance) Use --fp_mode=relaxed to enable TMU hardware support for sinf.
Finished building: "../FinalProjectwithCANAprilStarter_main.c"
 
Building file: "../SE423Lib.c"
Invoking: C2000 Compiler
"C:/ti/ccs1270/ccs/tools/compiler/ti-cgt-c2000_22.6.1.LTS/bin/cl2000" -v28 -ml -mt --cla_support=cla1 --float_support=fpu32 --tmu_support=tmu0 --vcu_support=vcu2 -Ooff --include_path="C:/MARIUS_FINAL_PROJECT/se423_final_project/workspace/FinalProjectwithCANAprilStarter" --include_path="C:/MARIUS_FINAL_PROJECT/se423_final_project/C2000Ware_4_01_00_00/device_support/f2837xd/common/include" --include_path="C:/MARIUS_FINAL_PROJECT/se423_final_project/C2000Ware_4_01_00_00/device_support/f2837xd/headers/include" --include_path="C:/MARIUS_FINAL_PROJECT/se423_final_project/workspace/FinalProjectwithCANAprilStarter/device" --include_path="C:/MARIUS_FINAL_PROJECT/se423_final_project/C2000Ware_4_01_00_00/driverlib/f2837xd/driverlib" --include_path="C:/MARIUS_FINAL_PROJECT/se423_final_project/C2000Ware_4_01_00_00/libraries/dsp/FPU/c28/include" --include_path="C:/ti/ccs1270/ccs/tools/compiler/ti-cgt-c2000_22.6.1.LTS/include" --define=DEBUG --define=_FLASH --define=_LAUNCHXL_F28379D --define=_DUAL_HEADERS --define=CPU1 --c11 --diag_suppress=10063 --diag_warning=225 --diag_wrap=off --display_error_number --abi=coffabi --preproc_with_compile --preproc_dependency="SE423Lib.d_raw"  "../SE423Lib.c"
"../SE423Lib.c", line 26 (col. 51): advice #2614-D: (Performance) Use --fp_mode=relaxed to enable TMU hardware support for FP division.
Finished building: "../SE423Lib.c"
 
Building target: "FinalProjectwithCANAprilStarter.out"
Invoking: C2000 Linker
"C:/ti/ccs1270/ccs/tools/compiler/ti-cgt-c2000_22.6.1.LTS/bin/cl2000" -v28 -ml -mt --cla_support=cla1 --float_support=fpu32 --tmu_support=tmu0 --vcu_support=vcu2 -Ooff --define=DEBUG --define=_FLASH --define=_LAUNCHXL_F28379D --define=_DUAL_HEADERS --define=CPU1 --c11 --diag_suppress=10063 --diag_warning=225 --diag_wrap=off --display_error_number --abi=coffabi -z -m"FinalProjectwithCANAprilStarter.map" --stack_size=0x800 --warn_sections -i"C:/ti/ccs1270/ccs/tools/compiler/ti-cgt-c2000_22.6.1.LTS/lib" -i"C:/ti/ccs1270/ccs/tools/compiler/ti-cgt-c2000_22.6.1.LTS/include" --reread_libs --diag_wrap=off --display_error_number --xml_link_info="FinalProjectwithCANAprilStarter_linkInfo.xml" --rom_model -o "FinalProjectwithCANAprilStarter.out" "./F28379dCAN.obj" "./F28379dSerial.obj" "./F2837xD_Adc.obj" "./F2837xD_CodeStartBranch.obj" "./F2837xD_CpuTimers.obj" "./F2837xD_DefaultISR.obj" "./F2837xD_EPwm.obj" "./F2837xD_GlobalVariableDefs.obj" "./F2837xD_Gpio.obj" "./F2837xD_PieCtrl.obj" "./F2837xD_PieVect.obj" "./F2837xD_Spi.obj" "./F2837xD_SysCtrl.obj" "./F2837xD_usDelay.obj" "./FinalProjectwithCANAprilStarter_main.obj" "./MatrixMath.obj" "./OptiTrack.obj" "./SE423Lib.obj" "./user_xy.obj" "./device/device.obj" "../2837xD_FLASH_lnk_cpu1.cmd" "../F2837xD_Headers_nonBIOS_cpu1.cmd" "C:/MARIUS_FINAL_PROJECT/se423_final_project/C2000Ware_4_01_00_00/libraries/dsp/FPU/c28/lib/c28x_fpu_dsp_library.lib" "C:/MARIUS_FINAL_PROJECT/se423_final_project/C2000Ware_4_01_00_00/driverlib/f2837xd/driverlib/ccs/Debug/driverlib.lib"  -llibc.a 
<Linking>
Finished building target: "FinalProjectwithCANAprilStarter.out"
 
C:/Program Files/C2Prog 2.x/c2p-cli mkehx --target=28379,378,377,375D-CPU01_SCI FinalProjectwithCANAprilStarter.out FlashIt.ehx
makefile:176: recipe for target 'post-build' failed
process_begin: CreateProcess(NULL, C:/Program Files/C2Prog 2.x/c2p-cli mkehx --target=28379,378,377,375D-CPU01_SCI FinalProjectwithCANAprilStarter.out FlashIt.ehx, ...) failed.
 
gmake[2]: [post-build] Error 2 (ignored)
 

**** Build Finished ****
