<?xml version="1.0" encoding="ISO-8859-1" ?>
<link_info>
   <banner>TMS320C2000 Linker PC v22.6.1.LTS</banner>
   <copyright>Copyright (c) 1996-2018 Texas Instruments Incorporated</copyright>
   <link_time>0x69fa5912</link_time>
   <link_errors>0x0</link_errors>
   <output_file>FinalProjectwithCANAprilStarter.out</output_file>
   <entry_point>
      <name>_c_int00</name>
      <address>0xf5ec</address>
   </entry_point>
   <input_file_list>
      <input_file id="fl-2">
         <path>.\</path>
         <kind>object</kind>
         <file>F28379dCAN.obj</file>
         <name>F28379dCAN.obj</name>
      </input_file>
      <input_file id="fl-3">
         <path>.\</path>
         <kind>object</kind>
         <file>F28379dSerial.obj</file>
         <name>F28379dSerial.obj</name>
      </input_file>
      <input_file id="fl-4">
         <path>.\</path>
         <kind>object</kind>
         <file>F2837xD_Adc.obj</file>
         <name>F2837xD_Adc.obj</name>
      </input_file>
      <input_file id="fl-5">
         <path>.\</path>
         <kind>object</kind>
         <file>F2837xD_CodeStartBranch.obj</file>
         <name>F2837xD_CodeStartBranch.obj</name>
      </input_file>
      <input_file id="fl-6">
         <path>.\</path>
         <kind>object</kind>
         <file>F2837xD_CpuTimers.obj</file>
         <name>F2837xD_CpuTimers.obj</name>
      </input_file>
      <input_file id="fl-7">
         <path>.\</path>
         <kind>object</kind>
         <file>F2837xD_DefaultISR.obj</file>
         <name>F2837xD_DefaultISR.obj</name>
      </input_file>
      <input_file id="fl-8">
         <path>.\</path>
         <kind>object</kind>
         <file>F2837xD_EPwm.obj</file>
         <name>F2837xD_EPwm.obj</name>
      </input_file>
      <input_file id="fl-9">
         <path>.\</path>
         <kind>object</kind>
         <file>F2837xD_GlobalVariableDefs.obj</file>
         <name>F2837xD_GlobalVariableDefs.obj</name>
      </input_file>
      <input_file id="fl-a">
         <path>.\</path>
         <kind>object</kind>
         <file>F2837xD_Gpio.obj</file>
         <name>F2837xD_Gpio.obj</name>
      </input_file>
      <input_file id="fl-b">
         <path>.\</path>
         <kind>object</kind>
         <file>F2837xD_PieCtrl.obj</file>
         <name>F2837xD_PieCtrl.obj</name>
      </input_file>
      <input_file id="fl-c">
         <path>.\</path>
         <kind>object</kind>
         <file>F2837xD_PieVect.obj</file>
         <name>F2837xD_PieVect.obj</name>
      </input_file>
      <input_file id="fl-d">
         <path>.\</path>
         <kind>object</kind>
         <file>F2837xD_Spi.obj</file>
         <name>F2837xD_Spi.obj</name>
      </input_file>
      <input_file id="fl-e">
         <path>.\</path>
         <kind>object</kind>
         <file>F2837xD_SysCtrl.obj</file>
         <name>F2837xD_SysCtrl.obj</name>
      </input_file>
      <input_file id="fl-f">
         <path>.\</path>
         <kind>object</kind>
         <file>F2837xD_usDelay.obj</file>
         <name>F2837xD_usDelay.obj</name>
      </input_file>
      <input_file id="fl-10">
         <path>.\</path>
         <kind>object</kind>
         <file>FinalProjectwithCANAprilStarter_main.obj</file>
         <name>FinalProjectwithCANAprilStarter_main.obj</name>
      </input_file>
      <input_file id="fl-11">
         <path>.\</path>
         <kind>object</kind>
         <file>MatrixMath.obj</file>
         <name>MatrixMath.obj</name>
      </input_file>
      <input_file id="fl-12">
         <path>.\</path>
         <kind>object</kind>
         <file>OptiTrack.obj</file>
         <name>OptiTrack.obj</name>
      </input_file>
      <input_file id="fl-13">
         <path>.\</path>
         <kind>object</kind>
         <file>SE423Lib.obj</file>
         <name>SE423Lib.obj</name>
      </input_file>
      <input_file id="fl-14">
         <path>.\</path>
         <kind>object</kind>
         <file>user_xy.obj</file>
         <name>user_xy.obj</name>
      </input_file>
      <input_file id="fl-15">
         <path>.\device\</path>
         <kind>object</kind>
         <file>device.obj</file>
         <name>device.obj</name>
      </input_file>
      <input_file id="fl-1c">
         <kind>object</kind>
         <file>&lt;internal&gt;</file>
         <name>&lt;internal&gt;</name>
      </input_file>
      <input_file id="fl-23">
         <path>C:\MARIUS_FINAL_PROJECT\se423_final_project\C2000Ware_4_01_00_00\driverlib\f2837xd\driverlib\ccs\Debug\</path>
         <kind>archive</kind>
         <file>driverlib_coff.lib</file>
         <name>gpio.obj</name>
      </input_file>
      <input_file id="fl-24">
         <path>C:\MARIUS_FINAL_PROJECT\se423_final_project\C2000Ware_4_01_00_00\driverlib\f2837xd\driverlib\ccs\Debug\</path>
         <kind>archive</kind>
         <file>driverlib_coff.lib</file>
         <name>sysctl.obj</name>
      </input_file>
      <input_file id="fl-30">
         <path>C:\ti\ccs1270\ccs\tools\compiler\ti-cgt-c2000_22.6.1.LTS\lib\</path>
         <kind>archive</kind>
         <file>rts2800_fpu32.lib</file>
         <name>e_atan2f.c.obj</name>
      </input_file>
      <input_file id="fl-31">
         <path>C:\ti\ccs1270\ccs\tools\compiler\ti-cgt-c2000_22.6.1.LTS\lib\</path>
         <kind>archive</kind>
         <file>rts2800_fpu32.lib</file>
         <name>e_fmodf.c.obj</name>
      </input_file>
      <input_file id="fl-32">
         <path>C:\ti\ccs1270\ccs\tools\compiler\ti-cgt-c2000_22.6.1.LTS\lib\</path>
         <kind>archive</kind>
         <file>rts2800_fpu32.lib</file>
         <name>e_sqrtf.c.obj</name>
      </input_file>
      <input_file id="fl-33">
         <path>C:\ti\ccs1270\ccs\tools\compiler\ti-cgt-c2000_22.6.1.LTS\lib\</path>
         <kind>archive</kind>
         <file>rts2800_fpu32.lib</file>
         <name>s_atanf.c.obj</name>
      </input_file>
      <input_file id="fl-34">
         <path>C:\ti\ccs1270\ccs\tools\compiler\ti-cgt-c2000_22.6.1.LTS\lib\</path>
         <kind>archive</kind>
         <file>rts2800_fpu32.lib</file>
         <name>s_ceilf.c.obj</name>
      </input_file>
      <input_file id="fl-35">
         <path>C:\ti\ccs1270\ccs\tools\compiler\ti-cgt-c2000_22.6.1.LTS\lib\</path>
         <kind>archive</kind>
         <file>rts2800_fpu32.lib</file>
         <name>s_cosf.c.obj</name>
      </input_file>
      <input_file id="fl-36">
         <path>C:\ti\ccs1270\ccs\tools\compiler\ti-cgt-c2000_22.6.1.LTS\lib\</path>
         <kind>archive</kind>
         <file>rts2800_fpu32.lib</file>
         <name>s_floorf.c.obj</name>
      </input_file>
      <input_file id="fl-37">
         <path>C:\ti\ccs1270\ccs\tools\compiler\ti-cgt-c2000_22.6.1.LTS\lib\</path>
         <kind>archive</kind>
         <file>rts2800_fpu32.lib</file>
         <name>s_sinf.c.obj</name>
      </input_file>
      <input_file id="fl-38">
         <path>C:\ti\ccs1270\ccs\tools\compiler\ti-cgt-c2000_22.6.1.LTS\lib\</path>
         <kind>archive</kind>
         <file>rts2800_fpu32.lib</file>
         <name>vsprintf.c.obj</name>
      </input_file>
      <input_file id="fl-39">
         <path>C:\ti\ccs1270\ccs\tools\compiler\ti-cgt-c2000_22.6.1.LTS\lib\</path>
         <kind>archive</kind>
         <file>rts2800_fpu32.lib</file>
         <name>boot28.asm.obj</name>
      </input_file>
      <input_file id="fl-3a">
         <path>C:\ti\ccs1270\ccs\tools\compiler\ti-cgt-c2000_22.6.1.LTS\lib\</path>
         <kind>archive</kind>
         <file>rts2800_fpu32.lib</file>
         <name>fs_div28.asm.obj</name>
      </input_file>
      <input_file id="fl-3b">
         <path>C:\ti\ccs1270\ccs\tools\compiler\ti-cgt-c2000_22.6.1.LTS\lib\</path>
         <kind>archive</kind>
         <file>rts2800_fpu32.lib</file>
         <name>u_div28.asm.obj</name>
      </input_file>
      <input_file id="fl-3c">
         <path>C:\ti\ccs1270\ccs\tools\compiler\ti-cgt-c2000_22.6.1.LTS\lib\</path>
         <kind>archive</kind>
         <file>rts2800_fpu32.lib</file>
         <name>l_div28.asm.obj</name>
      </input_file>
      <input_file id="fl-3d">
         <path>C:\ti\ccs1270\ccs\tools\compiler\ti-cgt-c2000_22.6.1.LTS\lib\</path>
         <kind>archive</kind>
         <file>rts2800_fpu32.lib</file>
         <name>cpy_tbl.c.obj</name>
      </input_file>
      <input_file id="fl-3e">
         <path>C:\ti\ccs1270\ccs\tools\compiler\ti-cgt-c2000_22.6.1.LTS\lib\</path>
         <kind>archive</kind>
         <file>rts2800_fpu32.lib</file>
         <name>memcpy.c.obj</name>
      </input_file>
      <input_file id="fl-3f">
         <path>C:\ti\ccs1270\ccs\tools\compiler\ti-cgt-c2000_22.6.1.LTS\lib\</path>
         <kind>archive</kind>
         <file>rts2800_fpu32.lib</file>
         <name>pre_init.c.obj</name>
      </input_file>
      <input_file id="fl-40">
         <path>C:\ti\ccs1270\ccs\tools\compiler\ti-cgt-c2000_22.6.1.LTS\lib\</path>
         <kind>archive</kind>
         <file>rts2800_fpu32.lib</file>
         <name>startup.c.obj</name>
      </input_file>
      <input_file id="fl-41">
         <path>C:\ti\ccs1270\ccs\tools\compiler\ti-cgt-c2000_22.6.1.LTS\lib\</path>
         <kind>archive</kind>
         <file>rts2800_fpu32.lib</file>
         <name>exit.c.obj</name>
      </input_file>
      <input_file id="fl-42">
         <path>C:\ti\ccs1270\ccs\tools\compiler\ti-cgt-c2000_22.6.1.LTS\lib\</path>
         <kind>archive</kind>
         <file>rts2800_fpu32.lib</file>
         <name>_lock.c.obj</name>
      </input_file>
      <input_file id="fl-43">
         <path>C:\ti\ccs1270\ccs\tools\compiler\ti-cgt-c2000_22.6.1.LTS\lib\</path>
         <kind>archive</kind>
         <file>rts2800_fpu32.lib</file>
         <name>args_main.c.obj</name>
      </input_file>
      <input_file id="fl-44">
         <path>C:\ti\ccs1270\ccs\tools\compiler\ti-cgt-c2000_22.6.1.LTS\lib\</path>
         <kind>archive</kind>
         <file>rts2800_fpu32.lib</file>
         <name>strlen.c.obj</name>
      </input_file>
      <input_file id="fl-45">
         <path>C:\ti\ccs1270\ccs\tools\compiler\ti-cgt-c2000_22.6.1.LTS\lib\</path>
         <kind>archive</kind>
         <file>rts2800_fpu32.lib</file>
         <name>errno.c.obj</name>
      </input_file>
      <input_file id="fl-46">
         <path>C:\ti\ccs1270\ccs\tools\compiler\ti-cgt-c2000_22.6.1.LTS\lib\</path>
         <kind>archive</kind>
         <file>rts2800_fpu32.lib</file>
         <name>_printfi.c.obj</name>
      </input_file>
      <input_file id="fl-47">
         <path>C:\ti\ccs1270\ccs\tools\compiler\ti-cgt-c2000_22.6.1.LTS\lib\</path>
         <kind>archive</kind>
         <file>rts2800_fpu32.lib</file>
         <name>fd_cmp28.asm.obj</name>
      </input_file>
      <input_file id="fl-48">
         <path>C:\ti\ccs1270\ccs\tools\compiler\ti-cgt-c2000_22.6.1.LTS\lib\</path>
         <kind>archive</kind>
         <file>rts2800_fpu32.lib</file>
         <name>fd_mpy28.asm.obj</name>
      </input_file>
      <input_file id="fl-49">
         <path>C:\ti\ccs1270\ccs\tools\compiler\ti-cgt-c2000_22.6.1.LTS\lib\</path>
         <kind>archive</kind>
         <file>rts2800_fpu32.lib</file>
         <name>fd_neg28.asm.obj</name>
      </input_file>
      <input_file id="fl-4a">
         <path>C:\ti\ccs1270\ccs\tools\compiler\ti-cgt-c2000_22.6.1.LTS\lib\</path>
         <kind>archive</kind>
         <file>rts2800_fpu32.lib</file>
         <name>fd_sub28.asm.obj</name>
      </input_file>
      <input_file id="fl-4b">
         <path>C:\ti\ccs1270\ccs\tools\compiler\ti-cgt-c2000_22.6.1.LTS\lib\</path>
         <kind>archive</kind>
         <file>rts2800_fpu32.lib</file>
         <name>fd_toi28.asm.obj</name>
      </input_file>
      <input_file id="fl-4c">
         <path>C:\ti\ccs1270\ccs\tools\compiler\ti-cgt-c2000_22.6.1.LTS\lib\</path>
         <kind>archive</kind>
         <file>rts2800_fpu32.lib</file>
         <name>fd_tol28.asm.obj</name>
      </input_file>
      <input_file id="fl-4d">
         <path>C:\ti\ccs1270\ccs\tools\compiler\ti-cgt-c2000_22.6.1.LTS\lib\</path>
         <kind>archive</kind>
         <file>rts2800_fpu32.lib</file>
         <name>ll_aox28.asm.obj</name>
      </input_file>
      <input_file id="fl-4e">
         <path>C:\ti\ccs1270\ccs\tools\compiler\ti-cgt-c2000_22.6.1.LTS\lib\</path>
         <kind>archive</kind>
         <file>rts2800_fpu32.lib</file>
         <name>ll_cmp28.asm.obj</name>
      </input_file>
      <input_file id="fl-4f">
         <path>C:\ti\ccs1270\ccs\tools\compiler\ti-cgt-c2000_22.6.1.LTS\lib\</path>
         <kind>archive</kind>
         <file>rts2800_fpu32.lib</file>
         <name>ll_div28.asm.obj</name>
      </input_file>
      <input_file id="fl-50">
         <path>C:\ti\ccs1270\ccs\tools\compiler\ti-cgt-c2000_22.6.1.LTS\lib\</path>
         <kind>archive</kind>
         <file>rts2800_fpu32.lib</file>
         <name>i_tofd28.asm.obj</name>
      </input_file>
      <input_file id="fl-51">
         <path>C:\ti\ccs1270\ccs\tools\compiler\ti-cgt-c2000_22.6.1.LTS\lib\</path>
         <kind>archive</kind>
         <file>rts2800_fpu32.lib</file>
         <name>l_tofd28.asm.obj</name>
      </input_file>
      <input_file id="fl-52">
         <path>C:\ti\ccs1270\ccs\tools\compiler\ti-cgt-c2000_22.6.1.LTS\lib\</path>
         <kind>archive</kind>
         <file>rts2800_fpu32.lib</file>
         <name>fs_tofdfpu32.asm.obj</name>
      </input_file>
      <input_file id="fl-53">
         <path>C:\ti\ccs1270\ccs\tools\compiler\ti-cgt-c2000_22.6.1.LTS\lib\</path>
         <kind>archive</kind>
         <file>rts2800_fpu32.lib</file>
         <name>fd_div28.asm.obj</name>
      </input_file>
      <input_file id="fl-54">
         <path>C:\ti\ccs1270\ccs\tools\compiler\ti-cgt-c2000_22.6.1.LTS\lib\</path>
         <kind>archive</kind>
         <file>rts2800_fpu32.lib</file>
         <name>_ltoa.c.obj</name>
      </input_file>
      <input_file id="fl-55">
         <path>C:\ti\ccs1270\ccs\tools\compiler\ti-cgt-c2000_22.6.1.LTS\lib\</path>
         <kind>archive</kind>
         <file>rts2800_fpu32.lib</file>
         <name>atoi.c.obj</name>
      </input_file>
      <input_file id="fl-56">
         <path>C:\ti\ccs1270\ccs\tools\compiler\ti-cgt-c2000_22.6.1.LTS\lib\</path>
         <kind>archive</kind>
         <file>rts2800_fpu32.lib</file>
         <name>ctype.c.obj</name>
      </input_file>
      <input_file id="fl-57">
         <path>C:\ti\ccs1270\ccs\tools\compiler\ti-cgt-c2000_22.6.1.LTS\lib\</path>
         <kind>archive</kind>
         <file>rts2800_fpu32.lib</file>
         <name>memccpy.c.obj</name>
      </input_file>
      <input_file id="fl-58">
         <path>C:\ti\ccs1270\ccs\tools\compiler\ti-cgt-c2000_22.6.1.LTS\lib\</path>
         <kind>archive</kind>
         <file>rts2800_fpu32.lib</file>
         <name>memset.c.obj</name>
      </input_file>
      <input_file id="fl-59">
         <path>C:\ti\ccs1270\ccs\tools\compiler\ti-cgt-c2000_22.6.1.LTS\lib\</path>
         <kind>archive</kind>
         <file>rts2800_fpu32.lib</file>
         <name>strchr.c.obj</name>
      </input_file>
      <input_file id="fl-5a">
         <path>C:\ti\ccs1270\ccs\tools\compiler\ti-cgt-c2000_22.6.1.LTS\lib\</path>
         <kind>archive</kind>
         <file>rts2800_fpu32.lib</file>
         <name>strcpy.c.obj</name>
      </input_file>
      <input_file id="fl-5b">
         <path>C:\ti\ccs1270\ccs\tools\compiler\ti-cgt-c2000_22.6.1.LTS\lib\</path>
         <kind>archive</kind>
         <file>rts2800_fpu32.lib</file>
         <name>s_frexp.c.obj</name>
      </input_file>
      <input_file id="fl-5c">
         <path>C:\ti\ccs1270\ccs\tools\compiler\ti-cgt-c2000_22.6.1.LTS\lib\</path>
         <kind>archive</kind>
         <file>rts2800_fpu32.lib</file>
         <name>s_scalbn.c.obj</name>
      </input_file>
      <input_file id="fl-5d">
         <path>C:\ti\ccs1270\ccs\tools\compiler\ti-cgt-c2000_22.6.1.LTS\lib\</path>
         <kind>archive</kind>
         <file>rts2800_fpu32.lib</file>
         <name>wcslen.c.obj</name>
      </input_file>
      <input_file id="fl-5e">
         <path>C:\ti\ccs1270\ccs\tools\compiler\ti-cgt-c2000_22.6.1.LTS\lib\</path>
         <kind>archive</kind>
         <file>rts2800_fpu32.lib</file>
         <name>fd_add28.asm.obj</name>
      </input_file>
      <input_file id="fl-5f">
         <path>C:\ti\ccs1270\ccs\tools\compiler\ti-cgt-c2000_22.6.1.LTS\lib\</path>
         <kind>archive</kind>
         <file>rts2800_fpu32.lib</file>
         <name>s_copysign.c.obj</name>
      </input_file>
   </input_file_list>
   <object_component_list>
      <object_component id="oc-a7">
         <name>codestart</name>
         <load_address>0x0</load_address>
         <run_address>0x0</run_address>
         <size>0x2</size>
         <input_file_ref idref="fl-5"/>
      </object_component>
      <object_component id="oc-14b">
         <name>.text:retain</name>
         <load_address>0x8000</load_address>
         <run_address>0x8000</run_address>
         <size>0xe76</size>
         <input_file_ref idref="fl-10"/>
      </object_component>
      <object_component id="oc-280">
         <name>.text</name>
         <load_address>0x8e76</load_address>
         <run_address>0x8e76</run_address>
         <size>0x8ff</size>
         <input_file_ref idref="fl-13"/>
      </object_component>
      <object_component id="oc-27b">
         <name>.text</name>
         <load_address>0x9775</load_address>
         <run_address>0x9775</run_address>
         <size>0x7de</size>
         <input_file_ref idref="fl-3"/>
      </object_component>
      <object_component id="oc-278">
         <name>.text</name>
         <load_address>0x9f53</load_address>
         <run_address>0x9f53</run_address>
         <size>0x1</size>
         <input_file_ref idref="fl-40"/>
      </object_component>
      <object_component id="oc-2dc">
         <name>.text</name>
         <load_address>0x9f54</load_address>
         <run_address>0x9f54</run_address>
         <size>0x6d0</size>
         <input_file_ref idref="fl-46"/>
      </object_component>
      <object_component id="oc-2a9">
         <name>.text</name>
         <load_address>0xa624</load_address>
         <run_address>0xa624</run_address>
         <size>0x177</size>
         <input_file_ref idref="fl-14"/>
      </object_component>
      <object_component id="oc-28b">
         <name>.text</name>
         <load_address>0xa79b</load_address>
         <run_address>0xa79b</run_address>
         <size>0x63</size>
         <input_file_ref idref="fl-35"/>
      </object_component>
      <object_component id="oc-276">
         <name>.text</name>
         <load_address>0xa7fe</load_address>
         <run_address>0xa7fe</run_address>
         <size>0x2</size>
         <input_file_ref idref="fl-3f"/>
      </object_component>
      <object_component id="oc-9c">
         <name>.text:retain</name>
         <load_address>0xc000</load_address>
         <run_address>0xc000</run_address>
         <size>0x5fc</size>
         <input_file_ref idref="fl-3"/>
      </object_component>
      <object_component id="oc-2cc">
         <name>.text:__TI_printfi</name>
         <load_address>0xc5fc</load_address>
         <run_address>0xc5fc</run_address>
         <size>0x5f5</size>
         <input_file_ref idref="fl-46"/>
      </object_component>
      <object_component id="oc-b3">
         <name>.text:retain</name>
         <load_address>0xcbf1</load_address>
         <run_address>0xcbf1</run_address>
         <size>0x585</size>
         <input_file_ref idref="fl-7"/>
      </object_component>
      <object_component id="oc-2c3">
         <name>.text</name>
         <load_address>0xd176</load_address>
         <run_address>0xd176</run_address>
         <size>0x4ab</size>
         <input_file_ref idref="fl-e"/>
      </object_component>
      <object_component id="oc-2aa">
         <name>.text</name>
         <load_address>0xd621</load_address>
         <run_address>0xd621</run_address>
         <size>0x413</size>
         <input_file_ref idref="fl-10"/>
      </object_component>
      <object_component id="oc-2c8">
         <name>.text</name>
         <load_address>0xda34</load_address>
         <run_address>0xda34</run_address>
         <size>0x3fa</size>
         <input_file_ref idref="fl-15"/>
      </object_component>
      <object_component id="oc-2ad">
         <name>.text</name>
         <load_address>0xde2e</load_address>
         <run_address>0xde2e</run_address>
         <size>0x36e</size>
         <input_file_ref idref="fl-2"/>
      </object_component>
      <object_component id="oc-28a">
         <name>.text</name>
         <load_address>0xe19c</load_address>
         <run_address>0xe19c</run_address>
         <size>0x35e</size>
         <input_file_ref idref="fl-12"/>
      </object_component>
      <object_component id="oc-293">
         <name>.text</name>
         <load_address>0xe4fa</load_address>
         <run_address>0xe4fa</run_address>
         <size>0x2aa</size>
         <input_file_ref idref="fl-11"/>
      </object_component>
      <object_component id="oc-2b8">
         <name>.text</name>
         <load_address>0xe7a4</load_address>
         <run_address>0xe7a4</run_address>
         <size>0x244</size>
         <input_file_ref idref="fl-a"/>
      </object_component>
      <object_component id="oc-2d1">
         <name>.text:_SysCtl_setClock</name>
         <load_address>0xe9e8</load_address>
         <run_address>0xe9e8</run_address>
         <size>0x207</size>
         <input_file_ref idref="fl-24"/>
      </object_component>
      <object_component id="oc-222">
         <name>.text</name>
         <load_address>0xebef</load_address>
         <run_address>0xebef</run_address>
         <size>0x107</size>
         <input_file_ref idref="fl-4f"/>
      </object_component>
      <object_component id="oc-2bd">
         <name>.text</name>
         <load_address>0xecf6</load_address>
         <run_address>0xecf6</run_address>
         <size>0xf0</size>
         <input_file_ref idref="fl-4"/>
      </object_component>
      <object_component id="oc-2c0">
         <name>.text</name>
         <load_address>0xede6</load_address>
         <run_address>0xede6</run_address>
         <size>0xd2</size>
         <input_file_ref idref="fl-30"/>
      </object_component>
      <object_component id="oc-2be">
         <name>.text</name>
         <load_address>0xeeb8</load_address>
         <run_address>0xeeb8</run_address>
         <size>0xcf</size>
         <input_file_ref idref="fl-31"/>
      </object_component>
      <object_component id="oc-2ce">
         <name>.text</name>
         <load_address>0xef87</load_address>
         <run_address>0xef87</run_address>
         <size>0xca</size>
         <input_file_ref idref="fl-33"/>
      </object_component>
      <object_component id="oc-2e9">
         <name>.text</name>
         <load_address>0xf051</load_address>
         <run_address>0xf051</run_address>
         <size>0xa9</size>
         <input_file_ref idref="fl-5c"/>
      </object_component>
      <object_component id="oc-26c">
         <name>.text</name>
         <load_address>0xf0fa</load_address>
         <run_address>0xf0fa</run_address>
         <size>0x9c</size>
         <input_file_ref idref="fl-5e"/>
      </object_component>
      <object_component id="oc-236">
         <name>.text</name>
         <load_address>0xf196</load_address>
         <run_address>0xf196</run_address>
         <size>0x8b</size>
         <input_file_ref idref="fl-53"/>
      </object_component>
      <object_component id="oc-1b6">
         <name>.text</name>
         <load_address>0xf221</load_address>
         <run_address>0xf221</run_address>
         <size>0x88</size>
         <input_file_ref idref="fl-3a"/>
      </object_component>
      <object_component id="oc-1ff">
         <name>.text</name>
         <load_address>0xf2a9</load_address>
         <run_address>0xf2a9</run_address>
         <size>0x83</size>
         <input_file_ref idref="fl-48"/>
      </object_component>
      <object_component id="oc-2c6">
         <name>.text</name>
         <load_address>0xf32c</load_address>
         <run_address>0xf32c</run_address>
         <size>0x7c</size>
         <input_file_ref idref="fl-6"/>
      </object_component>
      <object_component id="oc-2eb">
         <name>.text:_SysCtl_selectXTAL</name>
         <load_address>0xf3a8</load_address>
         <run_address>0xf3a8</run_address>
         <size>0x6b</size>
         <input_file_ref idref="fl-24"/>
      </object_component>
      <object_component id="oc-2d0">
         <name>.text:_SysCtl_getDeviceParametric</name>
         <load_address>0xf413</load_address>
         <run_address>0xf413</run_address>
         <size>0x68</size>
         <input_file_ref idref="fl-24"/>
      </object_component>
      <object_component id="oc-28e">
         <name>.text</name>
         <load_address>0xf47b</load_address>
         <run_address>0xf47b</run_address>
         <size>0x66</size>
         <input_file_ref idref="fl-37"/>
      </object_component>
      <object_component id="oc-2e8">
         <name>.text</name>
         <load_address>0xf4e1</load_address>
         <run_address>0xf4e1</run_address>
         <size>0x5a</size>
         <input_file_ref idref="fl-5b"/>
      </object_component>
      <object_component id="oc-2bf">
         <name>.text</name>
         <load_address>0xf53b</load_address>
         <run_address>0xf53b</run_address>
         <size>0x59</size>
         <input_file_ref idref="fl-36"/>
      </object_component>
      <object_component id="oc-2c1">
         <name>.text</name>
         <load_address>0xf594</load_address>
         <run_address>0xf594</run_address>
         <size>0x58</size>
         <input_file_ref idref="fl-34"/>
      </object_component>
      <object_component id="oc-90">
         <name>.text</name>
         <load_address>0xf5ec</load_address>
         <run_address>0xf5ec</run_address>
         <size>0x56</size>
         <input_file_ref idref="fl-39"/>
      </object_component>
      <object_component id="oc-2e3">
         <name>.text:_SysCtl_selectOscSource</name>
         <load_address>0xf642</load_address>
         <run_address>0xf642</run_address>
         <size>0x54</size>
         <input_file_ref idref="fl-24"/>
      </object_component>
      <object_component id="oc-2d2">
         <name>.text:_SysCtl_getClock</name>
         <load_address>0xf696</load_address>
         <run_address>0xf696</run_address>
         <size>0x51</size>
         <input_file_ref idref="fl-24"/>
      </object_component>
      <object_component id="oc-2d7">
         <name>.text:_GPIO_setMasterCore</name>
         <load_address>0xf6e7</load_address>
         <run_address>0xf6e7</run_address>
         <size>0x38</size>
         <input_file_ref idref="fl-23"/>
      </object_component>
      <object_component id="oc-2d5">
         <name>.text:_GPIO_setQualificationMode</name>
         <load_address>0xf71f</load_address>
         <run_address>0xf71f</run_address>
         <size>0x38</size>
         <input_file_ref idref="fl-23"/>
      </object_component>
      <object_component id="oc-2d6">
         <name>.text:_GPIO_setPinConfig</name>
         <load_address>0xf757</load_address>
         <run_address>0xf757</run_address>
         <size>0x37</size>
         <input_file_ref idref="fl-23"/>
      </object_component>
      <object_component id="oc-2d4">
         <name>.text:_GPIO_setDirectionMode</name>
         <load_address>0xf78e</load_address>
         <run_address>0xf78e</run_address>
         <size>0x31</size>
         <input_file_ref idref="fl-23"/>
      </object_component>
      <object_component id="oc-2d9">
         <name>.text</name>
         <load_address>0xf7bf</load_address>
         <run_address>0xf7bf</run_address>
         <size>0x31</size>
         <input_file_ref idref="fl-55"/>
      </object_component>
      <object_component id="oc-2e7">
         <name>.text</name>
         <load_address>0xf7f0</load_address>
         <run_address>0xf7f0</run_address>
         <size>0x30</size>
         <input_file_ref idref="fl-54"/>
      </object_component>
      <object_component id="oc-2ba">
         <name>.text</name>
         <load_address>0xf820</load_address>
         <run_address>0xf820</run_address>
         <size>0x30</size>
         <input_file_ref idref="fl-38"/>
      </object_component>
      <object_component id="oc-1fa">
         <name>.text</name>
         <load_address>0xf850</load_address>
         <run_address>0xf850</run_address>
         <size>0x2a</size>
         <input_file_ref idref="fl-47"/>
      </object_component>
      <object_component id="oc-1c0">
         <name>.text</name>
         <load_address>0xf87a</load_address>
         <run_address>0xf87a</run_address>
         <size>0x2a</size>
         <input_file_ref idref="fl-3c"/>
      </object_component>
      <object_component id="oc-27a">
         <name>.text</name>
         <load_address>0xf8a4</load_address>
         <run_address>0xf8a4</run_address>
         <size>0x29</size>
         <input_file_ref idref="fl-41"/>
      </object_component>
      <object_component id="oc-2c4">
         <name>.text</name>
         <load_address>0xf8cd</load_address>
         <run_address>0xf8cd</run_address>
         <size>0x28</size>
         <input_file_ref idref="fl-b"/>
      </object_component>
      <object_component id="oc-2c2">
         <name>.text</name>
         <load_address>0xf8f6</load_address>
         <run_address>0xf8f6</run_address>
         <size>0x27</size>
         <input_file_ref idref="fl-32"/>
      </object_component>
      <object_component id="oc-2c5">
         <name>.text</name>
         <load_address>0xf91d</load_address>
         <run_address>0xf91d</run_address>
         <size>0x26</size>
         <input_file_ref idref="fl-c"/>
      </object_component>
      <object_component id="oc-2f0">
         <name>.text:_CPUTimer_selectClockSource</name>
         <load_address>0xf943</load_address>
         <run_address>0xf943</run_address>
         <size>0x24</size>
         <input_file_ref idref="fl-24"/>
      </object_component>
      <object_component id="oc-277">
         <name>.text</name>
         <load_address>0xf967</load_address>
         <run_address>0xf967</run_address>
         <size>0x24</size>
         <input_file_ref idref="fl-3d"/>
      </object_component>
      <object_component id="oc-2ec">
         <name>.text</name>
         <load_address>0xf98b</load_address>
         <run_address>0xf98b</run_address>
         <size>0x24</size>
         <input_file_ref idref="fl-5f"/>
      </object_component>
      <object_component id="oc-20e">
         <name>.text</name>
         <load_address>0xf9af</load_address>
         <run_address>0xf9af</run_address>
         <size>0x21</size>
         <input_file_ref idref="fl-4b"/>
      </object_component>
      <object_component id="oc-2f6">
         <name>.text:_CPUTimer_getTimerOverflowStatus</name>
         <load_address>0xf9d0</load_address>
         <run_address>0xf9d0</run_address>
         <size>0x20</size>
         <input_file_ref idref="fl-24"/>
      </object_component>
      <object_component id="oc-213">
         <name>.text</name>
         <load_address>0xf9f0</load_address>
         <run_address>0xf9f0</run_address>
         <size>0x1f</size>
         <input_file_ref idref="fl-4c"/>
      </object_component>
      <object_component id="oc-21d">
         <name>.text</name>
         <load_address>0xfa0f</load_address>
         <run_address>0xfa0f</run_address>
         <size>0x1e</size>
         <input_file_ref idref="fl-4e"/>
      </object_component>
      <object_component id="oc-227">
         <name>.text</name>
         <load_address>0xfa2d</load_address>
         <run_address>0xfa2d</run_address>
         <size>0x1d</size>
         <input_file_ref idref="fl-50"/>
      </object_component>
      <object_component id="oc-2b5">
         <name>.text</name>
         <load_address>0xfa4a</load_address>
         <run_address>0xfa4a</run_address>
         <size>0x1d</size>
         <input_file_ref idref="fl-3e"/>
      </object_component>
      <object_component id="oc-231">
         <name>.text</name>
         <load_address>0xfa67</load_address>
         <run_address>0xfa67</run_address>
         <size>0x1c</size>
         <input_file_ref idref="fl-52"/>
      </object_component>
      <object_component id="oc-22c">
         <name>.text</name>
         <load_address>0xfa83</load_address>
         <run_address>0xfa83</run_address>
         <size>0x1c</size>
         <input_file_ref idref="fl-51"/>
      </object_component>
      <object_component id="oc-2f2">
         <name>.text:_CPUTimer_startTimer</name>
         <load_address>0xfa9f</load_address>
         <run_address>0xfa9f</run_address>
         <size>0x1b</size>
         <input_file_ref idref="fl-24"/>
      </object_component>
      <object_component id="oc-2f5">
         <name>.text:_CPUTimer_isBaseValid</name>
         <load_address>0xfaba</load_address>
         <run_address>0xfaba</run_address>
         <size>0x1a</size>
         <input_file_ref idref="fl-24"/>
      </object_component>
      <object_component id="oc-2d3">
         <name>.text:_SysCtl_getLowSpeedClock</name>
         <load_address>0xfad4</load_address>
         <run_address>0xfad4</run_address>
         <size>0x1a</size>
         <input_file_ref idref="fl-24"/>
      </object_component>
      <object_component id="oc-2f3">
         <name>.text:_SysCtl_pollCpuTimer</name>
         <load_address>0xfaee</load_address>
         <run_address>0xfaee</run_address>
         <size>0x19</size>
         <input_file_ref idref="fl-24"/>
      </object_component>
      <object_component id="oc-218">
         <name>.text</name>
         <load_address>0xfb07</load_address>
         <run_address>0xfb07</run_address>
         <size>0x18</size>
         <input_file_ref idref="fl-4d"/>
      </object_component>
      <object_component id="oc-2ee">
         <name>.text:_CPUTimer_stopTimer</name>
         <load_address>0xfb1f</load_address>
         <run_address>0xfb1f</run_address>
         <size>0x14</size>
         <input_file_ref idref="fl-24"/>
      </object_component>
      <object_component id="oc-2f1">
         <name>.text:_CPUTimer_clearOverflowFlag</name>
         <load_address>0xfb33</load_address>
         <run_address>0xfb33</run_address>
         <size>0x12</size>
         <input_file_ref idref="fl-24"/>
      </object_component>
      <object_component id="oc-2ed">
         <name>.text:_CPUTimer_disableInterrupt</name>
         <load_address>0xfb45</load_address>
         <run_address>0xfb45</run_address>
         <size>0x12</size>
         <input_file_ref idref="fl-24"/>
      </object_component>
      <object_component id="oc-2ef">
         <name>.text:_CPUTimer_setPeriod</name>
         <load_address>0xfb57</load_address>
         <run_address>0xfb57</run_address>
         <size>0x12</size>
         <input_file_ref idref="fl-24"/>
      </object_component>
      <object_component id="oc-279">
         <name>.text</name>
         <load_address>0xfb69</load_address>
         <run_address>0xfb69</run_address>
         <size>0x12</size>
         <input_file_ref idref="fl-43"/>
      </object_component>
      <object_component id="oc-2dd">
         <name>.text</name>
         <load_address>0xfb7b</load_address>
         <run_address>0xfb7b</run_address>
         <size>0x10</size>
         <input_file_ref idref="fl-57"/>
      </object_component>
      <object_component id="oc-2e5">
         <name>.text:_GPIO_isPinValid</name>
         <load_address>0xfb8b</load_address>
         <run_address>0xfb8b</run_address>
         <size>0xe</size>
         <input_file_ref idref="fl-23"/>
      </object_component>
      <object_component id="oc-209">
         <name>.text</name>
         <load_address>0xfb99</load_address>
         <run_address>0xfb99</run_address>
         <size>0xe</size>
         <input_file_ref idref="fl-4a"/>
      </object_component>
      <object_component id="oc-2ea">
         <name>.text</name>
         <load_address>0xfba7</load_address>
         <run_address>0xfba7</run_address>
         <size>0xc</size>
         <input_file_ref idref="fl-59"/>
      </object_component>
      <object_component id="oc-2e2">
         <name>.text:_SysCtl_isMCDClockFailureDetected</name>
         <load_address>0xfbb3</load_address>
         <run_address>0xfbb3</run_address>
         <size>0xb</size>
         <input_file_ref idref="fl-24"/>
      </object_component>
      <object_component id="oc-1bb">
         <name>.text</name>
         <load_address>0xfbbe</load_address>
         <run_address>0xfbbe</run_address>
         <size>0xb</size>
         <input_file_ref idref="fl-3b"/>
      </object_component>
      <object_component id="oc-2e4">
         <name>.text:_SysCtl_serviceWatchdog</name>
         <load_address>0xfbc9</load_address>
         <run_address>0xfbc9</run_address>
         <size>0x9</size>
         <input_file_ref idref="fl-24"/>
      </object_component>
      <object_component id="oc-2ca">
         <name>.text</name>
         <load_address>0xfbd2</load_address>
         <run_address>0xfbd2</run_address>
         <size>0x9</size>
         <input_file_ref idref="fl-42"/>
      </object_component>
      <object_component id="oc-204">
         <name>.text</name>
         <load_address>0xfbdb</load_address>
         <run_address>0xfbdb</run_address>
         <size>0x9</size>
         <input_file_ref idref="fl-49"/>
      </object_component>
      <object_component id="oc-2de">
         <name>.text</name>
         <load_address>0xfbe4</load_address>
         <run_address>0xfbe4</run_address>
         <size>0x9</size>
         <input_file_ref idref="fl-5d"/>
      </object_component>
      <object_component id="oc-a6">
         <name>.text</name>
         <load_address>0xfbed</load_address>
         <run_address>0xfbed</run_address>
         <size>0x8</size>
         <input_file_ref idref="fl-5"/>
      </object_component>
      <object_component id="oc-2bb">
         <name>.text</name>
         <load_address>0xfbf5</load_address>
         <run_address>0xfbf5</run_address>
         <size>0x8</size>
         <input_file_ref idref="fl-44"/>
      </object_component>
      <object_component id="oc-2f4">
         <name>.text:_SysCtl_resetMCD</name>
         <load_address>0xfbfd</load_address>
         <run_address>0xfbfd</run_address>
         <size>0x7</size>
         <input_file_ref idref="fl-24"/>
      </object_component>
      <object_component id="oc-2da">
         <name>.text</name>
         <load_address>0xfc04</load_address>
         <run_address>0xfc04</run_address>
         <size>0x7</size>
         <input_file_ref idref="fl-58"/>
      </object_component>
      <object_component id="oc-2db">
         <name>.text</name>
         <load_address>0xfc0b</load_address>
         <run_address>0xfc0b</run_address>
         <size>0x5</size>
         <input_file_ref idref="fl-5a"/>
      </object_component>
      <object_component id="oc-149">
         <name>.cinit</name>
         <load_address>0xb000</load_address>
         <run_address>0xb000</run_address>
         <size>0x2ac</size>
         <input_file_ref idref="fl-10"/>
      </object_component>
      <object_component id="oc-9a">
         <name>.cinit</name>
         <load_address>0xb2ac</load_address>
         <run_address>0xb2ac</run_address>
         <size>0xa4</size>
         <input_file_ref idref="fl-3"/>
      </object_component>
      <object_component id="oc-15e">
         <name>.cinit</name>
         <load_address>0xb350</load_address>
         <run_address>0xb350</run_address>
         <size>0x54</size>
         <input_file_ref idref="fl-13"/>
      </object_component>
      <object_component id="oc-157">
         <name>.cinit</name>
         <load_address>0xb3a4</load_address>
         <run_address>0xb3a4</run_address>
         <size>0x22</size>
         <input_file_ref idref="fl-12"/>
      </object_component>
      <object_component id="oc-2a3">
         <name>.cinit:_K</name>
         <load_address>0xb3c6</load_address>
         <run_address>0xb3c6</run_address>
         <size>0x15</size>
         <input_file_ref idref="fl-10"/>
      </object_component>
      <object_component id="oc-297">
         <name>.cinit:_P_pred</name>
         <load_address>0xb3db</load_address>
         <run_address>0xb3db</run_address>
         <size>0x15</size>
         <input_file_ref idref="fl-10"/>
      </object_component>
      <object_component id="oc-299">
         <name>.cinit:_Q</name>
         <load_address>0xb3f0</load_address>
         <run_address>0xb3f0</run_address>
         <size>0x15</size>
         <input_file_ref idref="fl-10"/>
      </object_component>
      <object_component id="oc-29f">
         <name>.cinit:_R</name>
         <load_address>0xb405</load_address>
         <run_address>0xb405</run_address>
         <size>0x15</size>
         <input_file_ref idref="fl-10"/>
      </object_component>
      <object_component id="oc-29d">
         <name>.cinit:_S</name>
         <load_address>0xb41a</load_address>
         <run_address>0xb41a</run_address>
         <size>0x15</size>
         <input_file_ref idref="fl-10"/>
      </object_component>
      <object_component id="oc-2a1">
         <name>.cinit:_S_inv</name>
         <load_address>0xb42f</load_address>
         <run_address>0xb42f</run_address>
         <size>0x15</size>
         <input_file_ref idref="fl-10"/>
      </object_component>
      <object_component id="oc-2a7">
         <name>.cinit:_eye3</name>
         <load_address>0xb444</load_address>
         <run_address>0xb444</run_address>
         <size>0x15</size>
         <input_file_ref idref="fl-10"/>
      </object_component>
      <object_component id="oc-28d">
         <name>.cinit:_B</name>
         <load_address>0xb459</load_address>
         <run_address>0xb459</run_address>
         <size>0xf</size>
         <input_file_ref idref="fl-10"/>
      </object_component>
      <object_component id="oc-16a">
         <name>.cinit</name>
         <load_address>0xb468</load_address>
         <run_address>0xb468</run_address>
         <size>0xf</size>
         <input_file_ref idref="fl-15"/>
      </object_component>
      <object_component id="oc-288">
         <name>.cinit:_G_command</name>
         <load_address>0xb477</load_address>
         <run_address>0xb477</run_address>
         <size>0xe</size>
         <input_file_ref idref="fl-10"/>
      </object_component>
      <object_component id="oc-1da">
         <name>.cinit</name>
         <load_address>0xb485</load_address>
         <run_address>0xb485</run_address>
         <size>0xe</size>
         <input_file_ref idref="fl-41"/>
      </object_component>
      <object_component id="oc-292">
         <name>.cinit:_Bu</name>
         <load_address>0xb493</load_address>
         <run_address>0xb493</run_address>
         <size>0x9</size>
         <input_file_ref idref="fl-10"/>
      </object_component>
      <object_component id="oc-295">
         <name>.cinit:_x_pred</name>
         <load_address>0xb49c</load_address>
         <run_address>0xb49c</run_address>
         <size>0x9</size>
         <input_file_ref idref="fl-10"/>
      </object_component>
      <object_component id="oc-290">
         <name>.cinit:_u</name>
         <load_address>0xb4a5</load_address>
         <run_address>0xb4a5</run_address>
         <size>0x7</size>
         <input_file_ref idref="fl-10"/>
      </object_component>
      <object_component id="oc-92">
         <name>.cinit</name>
         <load_address>0xb4ac</load_address>
         <run_address>0xb4ac</run_address>
         <size>0x5</size>
         <input_file_ref idref="fl-2"/>
      </object_component>
      <object_component id="oc-2b7">
         <name>.cinit:__lock</name>
         <load_address>0xb4b1</load_address>
         <run_address>0xb4b1</run_address>
         <size>0x5</size>
         <input_file_ref idref="fl-42"/>
      </object_component>
      <object_component id="oc-2cb">
         <name>.cinit:__unlock</name>
         <load_address>0xb4b6</load_address>
         <run_address>0xb4b6</run_address>
         <size>0x5</size>
         <input_file_ref idref="fl-42"/>
      </object_component>
      <object_component id="oc-1f0">
         <name>.cinit</name>
         <load_address>0xb4bb</load_address>
         <run_address>0xb4bb</run_address>
         <size>0x4</size>
         <input_file_ref idref="fl-45"/>
      </object_component>
      <object_component id="oc-1b1">
         <name>.reset</name>
         <load_address>0x3fffc0</load_address>
         <run_address>0x3fffc0</run_address>
         <size>0x2</size>
         <input_file_ref idref="fl-39"/>
      </object_component>
      <object_component id="oc-1b0">
         <name>.stack</name>
         <uninitialized>true</uninitialized>
         <run_address>0xb800</run_address>
         <size>0x0</size>
         <input_file_ref idref="fl-39"/>
      </object_component>
      <object_component id="oc-38c">
         <name>.stack</name>
         <uninitialized>true</uninitialized>
         <run_address>0xb800</run_address>
         <size>0x0</size>
      </object_component>
      <object_component id="oc-93">
         <name>.ebss</name>
         <uninitialized>true</uninitialized>
         <run_address>0x1627e</run_address>
         <size>0x2</size>
         <input_file_ref idref="fl-2"/>
      </object_component>
      <object_component id="oc-2ae">
         <name>.ebss:_rxMsgData</name>
         <uninitialized>true</uninitialized>
         <run_address>0x16448</run_address>
         <size>0x8</size>
         <input_file_ref idref="fl-2"/>
      </object_component>
      <object_component id="oc-9b">
         <name>.ebss</name>
         <uninitialized>true</uninitialized>
         <run_address>0x15580</run_address>
         <size>0x506</size>
         <input_file_ref idref="fl-3"/>
      </object_component>
      <object_component id="oc-283">
         <name>.ebss:_Optitrackdata</name>
         <uninitialized>true</uninitialized>
         <run_address>0x161b6</run_address>
         <size>0xa</size>
         <input_file_ref idref="fl-3"/>
      </object_component>
      <object_component id="oc-284">
         <name>.ebss:_fromLVvalues</name>
         <uninitialized>true</uninitialized>
         <run_address>0x16070</run_address>
         <size>0x10</size>
         <input_file_ref idref="fl-3"/>
      </object_component>
      <object_component id="oc-27c">
         <name>.ebss:_fromCAMvaluesThreshold1</name>
         <uninitialized>true</uninitialized>
         <run_address>0x1632c</run_address>
         <size>0x12</size>
         <input_file_ref idref="fl-3"/>
      </object_component>
      <object_component id="oc-27d">
         <name>.ebss:_fromCAMvaluesThreshold2</name>
         <uninitialized>true</uninitialized>
         <run_address>0x16392</run_address>
         <size>0x12</size>
         <input_file_ref idref="fl-3"/>
      </object_component>
      <object_component id="oc-27e">
         <name>.ebss:_fromCAMvaluesAprilTag1</name>
         <uninitialized>true</uninitialized>
         <run_address>0x1631a</run_address>
         <size>0x12</size>
         <input_file_ref idref="fl-3"/>
      </object_component>
      <object_component id="oc-285">
         <name>.ebss:_LinuxCommands</name>
         <uninitialized>true</uninitialized>
         <run_address>0x15e6a</run_address>
         <size>0x16</size>
         <input_file_ref idref="fl-3"/>
      </object_component>
      <object_component id="oc-2ab">
         <name>.ebss:_LVsenddata</name>
         <uninitialized>true</uninitialized>
         <run_address>0x15a86</run_address>
         <size>0x22</size>
         <input_file_ref idref="fl-3"/>
      </object_component>
      <object_component id="oc-282">
         <name>.ebss:_path_received</name>
         <uninitialized>true</uninitialized>
         <run_address>0x16340</run_address>
         <size>0x51</size>
         <input_file_ref idref="fl-3"/>
      </object_component>
      <object_component id="oc-2b9">
         <name>.ebss:_serial_printf_bufSCIA</name>
         <uninitialized>true</uninitialized>
         <run_address>0x16280</run_address>
         <size>0x88</size>
         <input_file_ref idref="fl-3"/>
      </object_component>
      <object_component id="oc-2bc">
         <name>.ebss:_UART_printf_bufferSCIB</name>
         <uninitialized>true</uninitialized>
         <run_address>0x161c0</run_address>
         <size>0x88</size>
         <input_file_ref idref="fl-3"/>
      </object_component>
      <object_component id="oc-281">
         <name>.ebss:_buf</name>
         <uninitialized>true</uninitialized>
         <run_address>0x15e80</run_address>
         <size>0x1dd</size>
         <input_file_ref idref="fl-3"/>
      </object_component>
      <object_component id="oc-27f">
         <name>.ebss:_ladar_data</name>
         <uninitialized>true</uninitialized>
         <run_address>0x15000</run_address>
         <size>0x558</size>
         <input_file_ref idref="fl-3"/>
      </object_component>
      <object_component id="oc-ad">
         <name>.ebss</name>
         <uninitialized>true</uninitialized>
         <run_address>0x15aa8</run_address>
         <size>0x18</size>
         <input_file_ref idref="fl-6"/>
      </object_component>
      <object_component id="oc-14a">
         <name>.ebss</name>
         <uninitialized>true</uninitialized>
         <run_address>0x16080</run_address>
         <size>0x112</size>
         <input_file_ref idref="fl-10"/>
      </object_component>
      <object_component id="oc-2af">
         <name>.ebss:_dis_raw_1</name>
         <uninitialized>true</uninitialized>
         <run_address>0x163fc</run_address>
         <size>0x4</size>
         <input_file_ref idref="fl-10"/>
      </object_component>
      <object_component id="oc-2b0">
         <name>.ebss:_dis_raw_2</name>
         <uninitialized>true</uninitialized>
         <run_address>0x16474</run_address>
         <size>0x4</size>
         <input_file_ref idref="fl-10"/>
      </object_component>
      <object_component id="oc-28f">
         <name>.ebss:_u</name>
         <uninitialized>true</uninitialized>
         <run_address>0x16478</run_address>
         <size>0x4</size>
         <input_file_ref idref="fl-10"/>
      </object_component>
      <object_component id="oc-294">
         <name>.ebss:_x_pred</name>
         <uninitialized>true</uninitialized>
         <run_address>0x16456</run_address>
         <size>0x6</size>
         <input_file_ref idref="fl-10"/>
      </object_component>
      <object_component id="oc-291">
         <name>.ebss:_Bu</name>
         <uninitialized>true</uninitialized>
         <run_address>0x1557a</run_address>
         <size>0x6</size>
         <input_file_ref idref="fl-10"/>
      </object_component>
      <object_component id="oc-29a">
         <name>.ebss:_z</name>
         <uninitialized>true</uninitialized>
         <run_address>0x16462</run_address>
         <size>0x6</size>
         <input_file_ref idref="fl-10"/>
      </object_component>
      <object_component id="oc-2a4">
         <name>.ebss:_temp_3x1</name>
         <uninitialized>true</uninitialized>
         <run_address>0x16450</run_address>
         <size>0x6</size>
         <input_file_ref idref="fl-10"/>
      </object_component>
      <object_component id="oc-29b">
         <name>.ebss:_ytilde</name>
         <uninitialized>true</uninitialized>
         <run_address>0x1645c</run_address>
         <size>0x6</size>
         <input_file_ref idref="fl-10"/>
      </object_component>
      <object_component id="oc-2b2">
         <name>.ebss:_quality_raw_1</name>
         <uninitialized>true</uninitialized>
         <run_address>0x16436</run_address>
         <size>0x8</size>
         <input_file_ref idref="fl-10"/>
      </object_component>
      <object_component id="oc-2b4">
         <name>.ebss:_quality_raw_2</name>
         <uninitialized>true</uninitialized>
         <run_address>0x16440</run_address>
         <size>0x8</size>
         <input_file_ref idref="fl-10"/>
      </object_component>
      <object_component id="oc-2b1">
         <name>.ebss:_lightlevel_raw_1</name>
         <uninitialized>true</uninitialized>
         <run_address>0x16426</run_address>
         <size>0x8</size>
         <input_file_ref idref="fl-10"/>
      </object_component>
      <object_component id="oc-2b3">
         <name>.ebss:_lightlevel_raw_2</name>
         <uninitialized>true</uninitialized>
         <run_address>0x1642e</run_address>
         <size>0x8</size>
         <input_file_ref idref="fl-10"/>
      </object_component>
      <object_component id="oc-289">
         <name>.ebss:_IMU_data</name>
         <uninitialized>true</uninitialized>
         <run_address>0x163b6</run_address>
         <size>0x9</size>
         <input_file_ref idref="fl-10"/>
      </object_component>
      <object_component id="oc-287">
         <name>.ebss:_G_command</name>
         <uninitialized>true</uninitialized>
         <run_address>0x1641a</run_address>
         <size>0xb</size>
         <input_file_ref idref="fl-10"/>
      </object_component>
      <object_component id="oc-28c">
         <name>.ebss:_B</name>
         <uninitialized>true</uninitialized>
         <run_address>0x1640e</run_address>
         <size>0xc</size>
         <input_file_ref idref="fl-10"/>
      </object_component>
      <object_component id="oc-2a6">
         <name>.ebss:_eye3</name>
         <uninitialized>true</uninitialized>
         <run_address>0x16308</run_address>
         <size>0x12</size>
         <input_file_ref idref="fl-10"/>
      </object_component>
      <object_component id="oc-2a2">
         <name>.ebss:_K</name>
         <uninitialized>true</uninitialized>
         <run_address>0x1605e</run_address>
         <size>0x12</size>
         <input_file_ref idref="fl-10"/>
      </object_component>
      <object_component id="oc-298">
         <name>.ebss:_Q</name>
         <uninitialized>true</uninitialized>
         <run_address>0x161a4</run_address>
         <size>0x12</size>
         <input_file_ref idref="fl-10"/>
      </object_component>
      <object_component id="oc-29e">
         <name>.ebss:_R</name>
         <uninitialized>true</uninitialized>
         <run_address>0x16248</run_address>
         <size>0x12</size>
         <input_file_ref idref="fl-10"/>
      </object_component>
      <object_component id="oc-29c">
         <name>.ebss:_S</name>
         <uninitialized>true</uninitialized>
         <run_address>0x1625a</run_address>
         <size>0x12</size>
         <input_file_ref idref="fl-10"/>
      </object_component>
      <object_component id="oc-2a0">
         <name>.ebss:_S_inv</name>
         <uninitialized>true</uninitialized>
         <run_address>0x1626c</run_address>
         <size>0x12</size>
         <input_file_ref idref="fl-10"/>
      </object_component>
      <object_component id="oc-296">
         <name>.ebss:_P_pred</name>
         <uninitialized>true</uninitialized>
         <run_address>0x16192</run_address>
         <size>0x12</size>
         <input_file_ref idref="fl-10"/>
      </object_component>
      <object_component id="oc-2a5">
         <name>.ebss:_temp_3x3</name>
         <uninitialized>true</uninitialized>
         <run_address>0x163a4</run_address>
         <size>0x12</size>
         <input_file_ref idref="fl-10"/>
      </object_component>
      <object_component id="oc-286">
         <name>.ebss:_readdata</name>
         <uninitialized>true</uninitialized>
         <run_address>0x15e50</run_address>
         <size>0x19</size>
         <input_file_ref idref="fl-10"/>
      </object_component>
      <object_component id="oc-2a8">
         <name>.ebss:_robotdest</name>
         <uninitialized>true</uninitialized>
         <run_address>0x163c0</run_address>
         <size>0x3c</size>
         <input_file_ref idref="fl-10"/>
      </object_component>
      <object_component id="oc-2ac">
         <name>.ebss:_ladar_pts</name>
         <uninitialized>true</uninitialized>
         <run_address>0x15ac0</run_address>
         <size>0x390</size>
         <input_file_ref idref="fl-10"/>
      </object_component>
      <object_component id="oc-158">
         <name>.ebss</name>
         <uninitialized>true</uninitialized>
         <run_address>0x16400</run_address>
         <size>0xe</size>
         <input_file_ref idref="fl-12"/>
      </object_component>
      <object_component id="oc-15f">
         <name>.ebss</name>
         <uninitialized>true</uninitialized>
         <run_address>0x15558</run_address>
         <size>0x22</size>
         <input_file_ref idref="fl-13"/>
      </object_component>
      <object_component id="oc-16b">
         <name>.ebss</name>
         <uninitialized>true</uninitialized>
         <run_address>0x16468</run_address>
         <size>0x6</size>
         <input_file_ref idref="fl-15"/>
      </object_component>
      <object_component id="oc-1db">
         <name>.ebss</name>
         <uninitialized>true</uninitialized>
         <run_address>0x1646e</run_address>
         <size>0x6</size>
         <input_file_ref idref="fl-41"/>
      </object_component>
      <object_component id="oc-2b6">
         <name>.ebss:__lock</name>
         <uninitialized>true</uninitialized>
         <run_address>0x1633e</run_address>
         <size>0x2</size>
         <input_file_ref idref="fl-42"/>
      </object_component>
      <object_component id="oc-2d8">
         <name>.ebss:__unlock</name>
         <uninitialized>true</uninitialized>
         <run_address>0x1643e</run_address>
         <size>0x2</size>
         <input_file_ref idref="fl-42"/>
      </object_component>
      <object_component id="oc-1f1">
         <name>.ebss</name>
         <uninitialized>true</uninitialized>
         <run_address>0x15e69</run_address>
         <size>0x1</size>
         <input_file_ref idref="fl-45"/>
      </object_component>
      <object_component id="oc-2cf">
         <name>.econst:_PieVectTableInit</name>
         <load_address>0xa800</load_address>
         <run_address>0xa800</run_address>
         <size>0x1c0</size>
         <input_file_ref idref="fl-c"/>
      </object_component>
      <object_component id="oc-14c">
         <name>.econst:.string</name>
         <load_address>0xa9c0</load_address>
         <run_address>0xa9c0</run_address>
         <size>0x13d</size>
         <input_file_ref idref="fl-10"/>
      </object_component>
      <object_component id="oc-2e6">
         <name>.econst:.string:__ctypes_</name>
         <load_address>0xaafd</load_address>
         <run_address>0xaafd</run_address>
         <size>0x101</size>
         <input_file_ref idref="fl-56"/>
      </object_component>
      <object_component id="oc-179">
         <name>.econst:.string</name>
         <load_address>0xabfe</load_address>
         <run_address>0xabfe</run_address>
         <size>0xc2</size>
         <input_file_ref idref="fl-24"/>
      </object_component>
      <object_component id="oc-172">
         <name>.econst:.string</name>
         <load_address>0xacc0</load_address>
         <run_address>0xacc0</run_address>
         <size>0xbc</size>
         <input_file_ref idref="fl-23"/>
      </object_component>
      <object_component id="oc-94">
         <name>.econst:.string</name>
         <load_address>0xad7c</load_address>
         <run_address>0xad7c</run_address>
         <size>0x74</size>
         <input_file_ref idref="fl-2"/>
      </object_component>
      <object_component id="oc-1f5">
         <name>.econst:.string</name>
         <load_address>0xadf0</load_address>
         <run_address>0xadf0</run_address>
         <size>0x26</size>
         <input_file_ref idref="fl-46"/>
      </object_component>
      <object_component id="oc-1f4">
         <name>.econst</name>
         <load_address>0xae16</load_address>
         <run_address>0xae16</run_address>
         <size>0x1c</size>
         <input_file_ref idref="fl-46"/>
      </object_component>
      <object_component id="oc-262">
         <name>.econst</name>
         <load_address>0xae32</load_address>
         <run_address>0xae32</run_address>
         <size>0x1c</size>
         <input_file_ref idref="fl-5c"/>
      </object_component>
      <object_component id="oc-2c7">
         <name>.econst:.string:_$P$T0$1</name>
         <load_address>0xae4e</load_address>
         <run_address>0xae4e</run_address>
         <size>0x13</size>
         <input_file_ref idref="fl-10"/>
      </object_component>
      <object_component id="oc-16c">
         <name>.econst:.string</name>
         <load_address>0xae62</load_address>
         <run_address>0xae62</run_address>
         <size>0x13</size>
         <input_file_ref idref="fl-15"/>
      </object_component>
      <object_component id="oc-17f">
         <name>.econst</name>
         <load_address>0xae76</load_address>
         <run_address>0xae76</run_address>
         <size>0xc</size>
         <input_file_ref idref="fl-30"/>
      </object_component>
      <object_component id="oc-2e1">
         <name>.econst:_aT</name>
         <load_address>0xae82</load_address>
         <run_address>0xae82</run_address>
         <size>0xa</size>
         <input_file_ref idref="fl-33"/>
      </object_component>
      <object_component id="oc-2c9">
         <name>.econst:_canBitValues</name>
         <load_address>0xae8c</load_address>
         <run_address>0xae8c</run_address>
         <size>0x9</size>
         <input_file_ref idref="fl-2"/>
      </object_component>
      <object_component id="oc-2df">
         <name>.econst:_atanhi</name>
         <load_address>0xae96</load_address>
         <run_address>0xae96</run_address>
         <size>0x8</size>
         <input_file_ref idref="fl-33"/>
      </object_component>
      <object_component id="oc-2e0">
         <name>.econst:_atanlo</name>
         <load_address>0xae9e</load_address>
         <run_address>0xae9e</run_address>
         <size>0x8</size>
         <input_file_ref idref="fl-33"/>
      </object_component>
      <object_component id="oc-25c">
         <name>.econst</name>
         <load_address>0xaea6</load_address>
         <run_address>0xaea6</run_address>
         <size>0x8</size>
         <input_file_ref idref="fl-5b"/>
      </object_component>
      <object_component id="oc-2cd">
         <name>.econst:_Zero</name>
         <load_address>0xaeae</load_address>
         <run_address>0xaeae</run_address>
         <size>0x4</size>
         <input_file_ref idref="fl-31"/>
      </object_component>
      <object_component id="oc-190">
         <name>.econst</name>
         <load_address>0xaeb2</load_address>
         <run_address>0xaeb2</run_address>
         <size>0x4</size>
         <input_file_ref idref="fl-33"/>
      </object_component>
      <object_component id="oc-185">
         <name>.econst</name>
         <load_address>0xaeb6</load_address>
         <run_address>0xaeb6</run_address>
         <size>0x2</size>
         <input_file_ref idref="fl-31"/>
      </object_component>
      <object_component id="oc-196">
         <name>.econst</name>
         <load_address>0xaeb8</load_address>
         <run_address>0xaeb8</run_address>
         <size>0x2</size>
         <input_file_ref idref="fl-34"/>
      </object_component>
      <object_component id="oc-1a1">
         <name>.econst</name>
         <load_address>0xaeba</load_address>
         <run_address>0xaeba</run_address>
         <size>0x2</size>
         <input_file_ref idref="fl-36"/>
      </object_component>
      <object_component id="oc-143">
         <name>.TI.ramfunc</name>
         <load_address>0x123</load_address>
         <run_address>0x123</run_address>
         <size>0x4</size>
         <input_file_ref idref="fl-f"/>
      </object_component>
      <object_component id="oc-178">
         <name>.TI.ramfunc</name>
         <load_address>0x127</load_address>
         <run_address>0x127</run_address>
         <size>0x4</size>
         <input_file_ref idref="fl-24"/>
      </object_component>
      <object_component id="oc-128">
         <name>PieVectTableFile</name>
         <uninitialized>true</uninitialized>
         <run_address>0xd00</run_address>
         <size>0x1c0</size>
         <input_file_ref idref="fl-9"/>
      </object_component>
      <object_component id="oc-f8">
         <name>AccessProtectionRegsFile</name>
         <uninitialized>true</uninitialized>
         <run_address>0x5f4c0</run_address>
         <size>0x2e</size>
         <input_file_ref idref="fl-9"/>
      </object_component>
      <object_component id="oc-10d">
         <name>AdcaRegsFile</name>
         <uninitialized>true</uninitialized>
         <run_address>0x7400</run_address>
         <size>0x7c</size>
         <input_file_ref idref="fl-9"/>
      </object_component>
      <object_component id="oc-10e">
         <name>AdcbRegsFile</name>
         <uninitialized>true</uninitialized>
         <run_address>0x7480</run_address>
         <size>0x7c</size>
         <input_file_ref idref="fl-9"/>
      </object_component>
      <object_component id="oc-10f">
         <name>AdccRegsFile</name>
         <uninitialized>true</uninitialized>
         <run_address>0x7500</run_address>
         <size>0x7c</size>
         <input_file_ref idref="fl-9"/>
      </object_component>
      <object_component id="oc-110">
         <name>AdcdRegsFile</name>
         <uninitialized>true</uninitialized>
         <run_address>0x7580</run_address>
         <size>0x7c</size>
         <input_file_ref idref="fl-9"/>
      </object_component>
      <object_component id="oc-d5">
         <name>AdcaResultRegsFile</name>
         <uninitialized>true</uninitialized>
         <run_address>0xb00</run_address>
         <size>0x18</size>
         <input_file_ref idref="fl-9"/>
      </object_component>
      <object_component id="oc-d6">
         <name>AdcbResultRegsFile</name>
         <uninitialized>true</uninitialized>
         <run_address>0xb20</run_address>
         <size>0x18</size>
         <input_file_ref idref="fl-9"/>
      </object_component>
      <object_component id="oc-d7">
         <name>AdccResultRegsFile</name>
         <uninitialized>true</uninitialized>
         <run_address>0xb40</run_address>
         <size>0x18</size>
         <input_file_ref idref="fl-9"/>
      </object_component>
      <object_component id="oc-d8">
         <name>AdcdResultRegsFile</name>
         <uninitialized>true</uninitialized>
         <run_address>0xb60</run_address>
         <size>0x18</size>
         <input_file_ref idref="fl-9"/>
      </object_component>
      <object_component id="oc-fc">
         <name>AnalogSubsysRegsFile</name>
         <uninitialized>true</uninitialized>
         <run_address>0x5d180</run_address>
         <size>0x3e</size>
         <input_file_ref idref="fl-9"/>
      </object_component>
      <object_component id="oc-124">
         <name>CanaRegsFile</name>
         <uninitialized>true</uninitialized>
         <run_address>0x48000</run_address>
         <size>0x164</size>
         <input_file_ref idref="fl-9"/>
      </object_component>
      <object_component id="oc-125">
         <name>CanbRegsFile</name>
         <uninitialized>true</uninitialized>
         <run_address>0x4a000</run_address>
         <size>0x164</size>
         <input_file_ref idref="fl-9"/>
      </object_component>
      <object_component id="oc-fd">
         <name>Cla1RegsFile</name>
         <uninitialized>true</uninitialized>
         <run_address>0x1400</run_address>
         <size>0x3e</size>
         <input_file_ref idref="fl-9"/>
      </object_component>
      <object_component id="oc-11f">
         <name>Clb1DataExchRegsFile</name>
         <uninitialized>true</uninitialized>
         <run_address>0x3200</run_address>
         <size>0x108</size>
         <input_file_ref idref="fl-9"/>
      </object_component>
      <object_component id="oc-120">
         <name>Clb2DataExchRegsFile</name>
         <uninitialized>true</uninitialized>
         <run_address>0x3600</run_address>
         <size>0x108</size>
         <input_file_ref idref="fl-9"/>
      </object_component>
      <object_component id="oc-121">
         <name>Clb3DataExchRegsFile</name>
         <uninitialized>true</uninitialized>
         <run_address>0x3a00</run_address>
         <size>0x108</size>
         <input_file_ref idref="fl-9"/>
      </object_component>
      <object_component id="oc-122">
         <name>Clb4DataExchRegsFile</name>
         <uninitialized>true</uninitialized>
         <run_address>0x3e00</run_address>
         <size>0x108</size>
         <input_file_ref idref="fl-9"/>
      </object_component>
      <object_component id="oc-fe">
         <name>Clb1LogicCfgRegsFile</name>
         <uninitialized>true</uninitialized>
         <run_address>0x3000</run_address>
         <size>0x3e</size>
         <input_file_ref idref="fl-9"/>
      </object_component>
      <object_component id="oc-ff">
         <name>Clb2LogicCfgRegsFile</name>
         <uninitialized>true</uninitialized>
         <run_address>0x3400</run_address>
         <size>0x3e</size>
         <input_file_ref idref="fl-9"/>
      </object_component>
      <object_component id="oc-100">
         <name>Clb3LogicCfgRegsFile</name>
         <uninitialized>true</uninitialized>
         <run_address>0x3800</run_address>
         <size>0x3e</size>
         <input_file_ref idref="fl-9"/>
      </object_component>
      <object_component id="oc-101">
         <name>Clb4LogicCfgRegsFile</name>
         <uninitialized>true</uninitialized>
         <run_address>0x3c00</run_address>
         <size>0x3e</size>
         <input_file_ref idref="fl-9"/>
      </object_component>
      <object_component id="oc-102">
         <name>Clb1LogicCtrlRegsFile</name>
         <uninitialized>true</uninitialized>
         <run_address>0x3100</run_address>
         <size>0x40</size>
         <input_file_ref idref="fl-9"/>
      </object_component>
      <object_component id="oc-103">
         <name>Clb2LogicCtrlRegsFile</name>
         <uninitialized>true</uninitialized>
         <run_address>0x3500</run_address>
         <size>0x40</size>
         <input_file_ref idref="fl-9"/>
      </object_component>
      <object_component id="oc-104">
         <name>Clb3LogicCtrlRegsFile</name>
         <uninitialized>true</uninitialized>
         <run_address>0x3900</run_address>
         <size>0x40</size>
         <input_file_ref idref="fl-9"/>
      </object_component>
      <object_component id="oc-105">
         <name>Clb4LogicCtrlRegsFile</name>
         <uninitialized>true</uninitialized>
         <run_address>0x3d00</run_address>
         <size>0x40</size>
         <input_file_ref idref="fl-9"/>
      </object_component>
      <object_component id="oc-106">
         <name>ClbXbarRegsFile</name>
         <uninitialized>true</uninitialized>
         <run_address>0x7a40</run_address>
         <size>0x40</size>
         <input_file_ref idref="fl-9"/>
      </object_component>
      <object_component id="oc-fa">
         <name>ClkCfgRegsFile</name>
         <uninitialized>true</uninitialized>
         <run_address>0x5d200</run_address>
         <size>0x32</size>
         <input_file_ref idref="fl-9"/>
      </object_component>
      <object_component id="oc-e1">
         <name>Cmpss1RegsFile</name>
         <uninitialized>true</uninitialized>
         <run_address>0x5c80</run_address>
         <size>0x1b</size>
         <input_file_ref idref="fl-9"/>
      </object_component>
      <object_component id="oc-e2">
         <name>Cmpss2RegsFile</name>
         <uninitialized>true</uninitialized>
         <run_address>0x5ca0</run_address>
         <size>0x1b</size>
         <input_file_ref idref="fl-9"/>
      </object_component>
      <object_component id="oc-e3">
         <name>Cmpss3RegsFile</name>
         <uninitialized>true</uninitialized>
         <run_address>0x5cc0</run_address>
         <size>0x1b</size>
         <input_file_ref idref="fl-9"/>
      </object_component>
      <object_component id="oc-e4">
         <name>Cmpss4RegsFile</name>
         <uninitialized>true</uninitialized>
         <run_address>0x5ce0</run_address>
         <size>0x1b</size>
         <input_file_ref idref="fl-9"/>
      </object_component>
      <object_component id="oc-e5">
         <name>Cmpss5RegsFile</name>
         <uninitialized>true</uninitialized>
         <run_address>0x5d00</run_address>
         <size>0x1b</size>
         <input_file_ref idref="fl-9"/>
      </object_component>
      <object_component id="oc-e6">
         <name>Cmpss6RegsFile</name>
         <uninitialized>true</uninitialized>
         <run_address>0x5d20</run_address>
         <size>0x1b</size>
         <input_file_ref idref="fl-9"/>
      </object_component>
      <object_component id="oc-e7">
         <name>Cmpss7RegsFile</name>
         <uninitialized>true</uninitialized>
         <run_address>0x5d40</run_address>
         <size>0x1b</size>
         <input_file_ref idref="fl-9"/>
      </object_component>
      <object_component id="oc-e8">
         <name>Cmpss8RegsFile</name>
         <uninitialized>true</uninitialized>
         <run_address>0x5d60</run_address>
         <size>0x1b</size>
         <input_file_ref idref="fl-9"/>
      </object_component>
      <object_component id="oc-c7">
         <name>CpuTimer0RegsFile</name>
         <uninitialized>true</uninitialized>
         <run_address>0xc00</run_address>
         <size>0x8</size>
         <input_file_ref idref="fl-9"/>
      </object_component>
      <object_component id="oc-c8">
         <name>CpuTimer1RegsFile</name>
         <uninitialized>true</uninitialized>
         <run_address>0xc08</run_address>
         <size>0x8</size>
         <input_file_ref idref="fl-9"/>
      </object_component>
      <object_component id="oc-c9">
         <name>CpuTimer2RegsFile</name>
         <uninitialized>true</uninitialized>
         <run_address>0xc10</run_address>
         <size>0x8</size>
         <input_file_ref idref="fl-9"/>
      </object_component>
      <object_component id="oc-111">
         <name>CpuSysRegsFile</name>
         <uninitialized>true</uninitialized>
         <run_address>0x5d300</run_address>
         <size>0x82</size>
         <input_file_ref idref="fl-9"/>
      </object_component>
      <object_component id="oc-c3">
         <name>DacaRegsFile</name>
         <uninitialized>true</uninitialized>
         <run_address>0x5c00</run_address>
         <size>0x7</size>
         <input_file_ref idref="fl-9"/>
      </object_component>
      <object_component id="oc-c4">
         <name>DacbRegsFile</name>
         <uninitialized>true</uninitialized>
         <run_address>0x5c10</run_address>
         <size>0x7</size>
         <input_file_ref idref="fl-9"/>
      </object_component>
      <object_component id="oc-c5">
         <name>DaccRegsFile</name>
         <uninitialized>true</uninitialized>
         <run_address>0x5c20</run_address>
         <size>0x7</size>
         <input_file_ref idref="fl-9"/>
      </object_component>
      <object_component id="oc-c1">
         <name>DcsmCommonRegsFile</name>
         <uninitialized>true</uninitialized>
         <run_address>0x5f070</run_address>
         <size>0x6</size>
         <input_file_ref idref="fl-9"/>
      </object_component>
      <object_component id="oc-ea">
         <name>DcsmZ1RegsFile</name>
         <uninitialized>true</uninitialized>
         <run_address>0x5f000</run_address>
         <size>0x22</size>
         <input_file_ref idref="fl-9"/>
      </object_component>
      <object_component id="oc-eb">
         <name>DcsmZ2RegsFile</name>
         <uninitialized>true</uninitialized>
         <run_address>0x5f040</run_address>
         <size>0x22</size>
         <input_file_ref idref="fl-9"/>
      </object_component>
      <object_component id="oc-123">
         <name>DevCfgRegsFile</name>
         <uninitialized>true</uninitialized>
         <run_address>0x5d000</run_address>
         <size>0x12e</size>
         <input_file_ref idref="fl-9"/>
      </object_component>
      <object_component id="oc-d9">
         <name>DmaClaSrcSelRegsFile</name>
         <uninitialized>true</uninitialized>
         <run_address>0x7980</run_address>
         <size>0x1a</size>
         <input_file_ref idref="fl-9"/>
      </object_component>
      <object_component id="oc-112">
         <name>DmaRegsFile</name>
         <uninitialized>true</uninitialized>
         <run_address>0x1000</run_address>
         <size>0xe0</size>
         <input_file_ref idref="fl-9"/>
      </object_component>
      <object_component id="oc-da">
         <name>ECap1RegsFile</name>
         <uninitialized>true</uninitialized>
         <run_address>0x5000</run_address>
         <size>0x1a</size>
         <input_file_ref idref="fl-9"/>
      </object_component>
      <object_component id="oc-db">
         <name>ECap2RegsFile</name>
         <uninitialized>true</uninitialized>
         <run_address>0x5020</run_address>
         <size>0x1a</size>
         <input_file_ref idref="fl-9"/>
      </object_component>
      <object_component id="oc-dc">
         <name>ECap3RegsFile</name>
         <uninitialized>true</uninitialized>
         <run_address>0x5040</run_address>
         <size>0x1a</size>
         <input_file_ref idref="fl-9"/>
      </object_component>
      <object_component id="oc-dd">
         <name>ECap4RegsFile</name>
         <uninitialized>true</uninitialized>
         <run_address>0x5060</run_address>
         <size>0x1a</size>
         <input_file_ref idref="fl-9"/>
      </object_component>
      <object_component id="oc-de">
         <name>ECap5RegsFile</name>
         <uninitialized>true</uninitialized>
         <run_address>0x5080</run_address>
         <size>0x1a</size>
         <input_file_ref idref="fl-9"/>
      </object_component>
      <object_component id="oc-df">
         <name>ECap6RegsFile</name>
         <uninitialized>true</uninitialized>
         <run_address>0x50a0</run_address>
         <size>0x1a</size>
         <input_file_ref idref="fl-9"/>
      </object_component>
      <object_component id="oc-ca">
         <name>Emif1ConfigRegsFile</name>
         <uninitialized>true</uninitialized>
         <run_address>0x5f480</run_address>
         <size>0xa</size>
         <input_file_ref idref="fl-9"/>
      </object_component>
      <object_component id="oc-cb">
         <name>Emif2ConfigRegsFile</name>
         <uninitialized>true</uninitialized>
         <run_address>0x5f4a0</run_address>
         <size>0xa</size>
         <input_file_ref idref="fl-9"/>
      </object_component>
      <object_component id="oc-f4">
         <name>Emif1RegsFile</name>
         <uninitialized>true</uninitialized>
         <run_address>0x47000</run_address>
         <size>0x28</size>
         <input_file_ref idref="fl-9"/>
      </object_component>
      <object_component id="oc-f5">
         <name>Emif2RegsFile</name>
         <uninitialized>true</uninitialized>
         <run_address>0x47800</run_address>
         <size>0x28</size>
         <input_file_ref idref="fl-9"/>
      </object_component>
      <object_component id="oc-113">
         <name>EPwm1RegsFile</name>
         <uninitialized>true</uninitialized>
         <run_address>0x4000</run_address>
         <size>0x100</size>
         <input_file_ref idref="fl-9"/>
      </object_component>
      <object_component id="oc-114">
         <name>EPwm2RegsFile</name>
         <uninitialized>true</uninitialized>
         <run_address>0x4100</run_address>
         <size>0x100</size>
         <input_file_ref idref="fl-9"/>
      </object_component>
      <object_component id="oc-115">
         <name>EPwm3RegsFile</name>
         <uninitialized>true</uninitialized>
         <run_address>0x4200</run_address>
[...]
         <object_component_ref idref="oc-280"/>
      </symbol>
      <symbol id="sm-972">
         <name>_setEPWM3B_RCServo</name>
         <value>0x9351</value>
         <object_component_ref idref="oc-280"/>
      </symbol>
      <symbol id="sm-974">
         <name>_PostSWI1</name>
         <value>0x961e</value>
         <object_component_ref idref="oc-280"/>
      </symbol>
      <symbol id="sm-976">
         <name>_PostSWI2</name>
         <value>0x9623</value>
         <object_component_ref idref="oc-280"/>
      </symbol>
      <symbol id="sm-978">
         <name>_PostSWI3</name>
         <value>0x9628</value>
         <object_component_ref idref="oc-280"/>
      </symbol>
      <symbol id="sm-97a">
         <name>_PI_Cneg</name>
         <value>0x15564</value>
         <object_component_ref idref="oc-15f"/>
      </symbol>
      <symbol id="sm-97b">
         <name>_PI_RightWheel_1</name>
         <value>0x1555c</value>
         <object_component_ref idref="oc-15f"/>
      </symbol>
      <symbol id="sm-97c">
         <name>_init_ADCsAndDACs</name>
         <value>0x9463</value>
         <object_component_ref idref="oc-280"/>
      </symbol>
      <symbol id="sm-97e">
         <name>_PI_LeftVel</name>
         <value>0x1555e</value>
         <object_component_ref idref="oc-15f"/>
      </symbol>
      <symbol id="sm-97f">
         <name>_setDACA</name>
         <value>0x8e76</value>
         <object_component_ref idref="oc-280"/>
      </symbol>
      <symbol id="sm-981">
         <name>_setDACB</name>
         <value>0x8ea3</value>
         <object_component_ref idref="oc-280"/>
      </symbol>
      <symbol id="sm-983">
         <name>_PI_Vpos</name>
         <value>0x15566</value>
         <object_component_ref idref="oc-15f"/>
      </symbol>
      <symbol id="sm-984">
         <name>_PI_e2</name>
         <value>0x1556c</value>
         <object_component_ref idref="oc-15f"/>
      </symbol>
      <symbol id="sm-985">
         <name>_PI_e1</name>
         <value>0x1556a</value>
         <object_component_ref idref="oc-15f"/>
      </symbol>
      <symbol id="sm-986">
         <name>_readEncRight</name>
         <value>0x8ff1</value>
         <object_component_ref idref="oc-280"/>
      </symbol>
      <symbol id="sm-988">
         <name>_PI_Kp_turn</name>
         <value>0x15578</value>
         <object_component_ref idref="oc-15f"/>
      </symbol>
      <symbol id="sm-989">
         <name>_init_EPWM1and2</name>
         <value>0x9409</value>
         <object_component_ref idref="oc-280"/>
      </symbol>
      <symbol id="sm-98b">
         <name>_PI_e2s</name>
         <value>0x15570</value>
         <object_component_ref idref="oc-15f"/>
      </symbol>
      <symbol id="sm-98c">
         <name>_dummyread</name>
         <value>0x15558</value>
         <object_component_ref idref="oc-15f"/>
      </symbol>
      <symbol id="sm-98d">
         <name>_PI_e1s</name>
         <value>0x1556e</value>
         <object_component_ref idref="oc-15f"/>
      </symbol>
      <symbol id="sm-98e">
         <name>_PI_LeftWheel_1</name>
         <value>0x1555a</value>
         <object_component_ref idref="oc-15f"/>
      </symbol>
      <symbol id="sm-98f">
         <name>_readEncWheel</name>
         <value>0x900c</value>
         <object_component_ref idref="oc-280"/>
      </symbol>
      <symbol id="sm-991">
         <name>_setupSpib</name>
         <value>0x9027</value>
         <object_component_ref idref="oc-280"/>
      </symbol>
      <symbol id="sm-9b0">
         <name>_my_atanf</name>
         <value>0xa624</value>
         <object_component_ref idref="oc-2a9"/>
      </symbol>
      <symbol id="sm-9b2">
         <name>_xy_control</name>
         <value>0xa66a</value>
         <object_component_ref idref="oc-2a9"/>
      </symbol>
      <symbol id="sm-9e4">
         <name>_Example_done</name>
         <value>0xde2d</value>
         <object_component_ref idref="oc-2c8"/>
      </symbol>
      <symbol id="sm-9e6">
         <name>_Example_Fail</name>
         <value>0x1646c</value>
         <object_component_ref idref="oc-16b"/>
      </symbol>
      <symbol id="sm-9e7">
         <name>_Device_bootCPU2</name>
         <value>0xdca2</value>
         <object_component_ref idref="oc-2c8"/>
      </symbol>
      <symbol id="sm-9e9">
         <name>_Device_initGPIO</name>
         <value>0xdc0a</value>
         <object_component_ref idref="oc-2c8"/>
      </symbol>
      <symbol id="sm-9eb">
         <name>_Example_setResultPass</name>
         <value>0xde23</value>
         <object_component_ref idref="oc-2c8"/>
      </symbol>
      <symbol id="sm-9ed">
         <name>___error__</name>
         <value>0xde1c</value>
         <object_component_ref idref="oc-2c8"/>
      </symbol>
      <symbol id="sm-9ef">
         <name>_Example_Result</name>
         <value>0x16468</value>
         <object_component_ref idref="oc-16b"/>
      </symbol>
      <symbol id="sm-9f0">
         <name>_Example_setResultFail</name>
         <value>0xde28</value>
         <object_component_ref idref="oc-2c8"/>
      </symbol>
      <symbol id="sm-9f2">
         <name>_Device_enableUnbondedGPIOPullupsFor176Pin</name>
         <value>0xdc2b</value>
         <object_component_ref idref="oc-2c8"/>
      </symbol>
      <symbol id="sm-9f4">
         <name>_Device_enableUnbondedGPIOPullups</name>
         <value>0xdc5b</value>
         <object_component_ref idref="oc-2c8"/>
      </symbol>
      <symbol id="sm-9f6">
         <name>_Device_init</name>
         <value>0xdadf</value>
         <object_component_ref idref="oc-2c8"/>
      </symbol>
      <symbol id="sm-9f8">
         <name>_Example_PassCount</name>
         <value>0x1646a</value>
         <object_component_ref idref="oc-16b"/>
      </symbol>
      <symbol id="sm-9f9">
         <name>_Device_enableUnbondedGPIOPullupsFor100Pin</name>
         <value>0xdc3e</value>
         <object_component_ref idref="oc-2c8"/>
      </symbol>
      <symbol id="sm-9fb">
         <name>_Device_enableAllPeripherals</name>
         <value>0xdb1f</value>
         <object_component_ref idref="oc-2c8"/>
      </symbol>
      <symbol id="sm-9fd">
         <name>_Device_configureTMXAnalogTrim</name>
         <value>0xdc71</value>
         <object_component_ref idref="oc-2c8"/>
      </symbol>
      <symbol id="sm-a1e">
         <name>_GPIO_setMasterCore</name>
         <value>0xf6e7</value>
         <object_component_ref idref="oc-2d7"/>
      </symbol>
      <symbol id="sm-a20">
         <name>_GPIO_setPinConfig</name>
         <value>0xf757</value>
         <object_component_ref idref="oc-2d6"/>
      </symbol>
      <symbol id="sm-a22">
         <name>_GPIO_setDirectionMode</name>
         <value>0xf78e</value>
         <object_component_ref idref="oc-2d4"/>
      </symbol>
      <symbol id="sm-a24">
         <name>_GPIO_setQualificationMode</name>
         <value>0xf71f</value>
         <object_component_ref idref="oc-2d5"/>
      </symbol>
      <symbol id="sm-aad">
         <name>_SysCtl_selectXTAL</name>
         <value>0xf3a8</value>
         <object_component_ref idref="oc-2eb"/>
      </symbol>
      <symbol id="sm-aaf">
         <name>_SysCtl_delay</name>
         <value>0x127</value>
         <object_component_ref idref="oc-178"/>
      </symbol>
      <symbol id="sm-ab0">
         <name>_SysCtl_selectOscSource</name>
         <value>0xf642</value>
         <object_component_ref idref="oc-2e3"/>
      </symbol>
      <symbol id="sm-ab2">
         <name>_SysCtl_setClock</name>
         <value>0xe9e8</value>
         <object_component_ref idref="oc-2d1"/>
      </symbol>
      <symbol id="sm-ab4">
         <name>_SysCtl_getLowSpeedClock</name>
         <value>0xfad4</value>
         <object_component_ref idref="oc-2d3"/>
      </symbol>
      <symbol id="sm-ab6">
         <name>_SysCtl_getClock</name>
         <value>0xf696</value>
         <object_component_ref idref="oc-2d2"/>
      </symbol>
      <symbol id="sm-ab8">
         <name>_SysCtl_getDeviceParametric</name>
         <value>0xf413</value>
         <object_component_ref idref="oc-2d0"/>
      </symbol>
      <symbol id="sm-ae8">
         <name>_atan2f</name>
         <value>0xede6</value>
         <object_component_ref idref="oc-2c0"/>
      </symbol>
      <symbol id="sm-aea">
         <name>_atan2</name>
         <value>0xede6</value>
         <object_component_ref idref="oc-2c0"/>
      </symbol>
      <symbol id="sm-b16">
         <name>_fmodf</name>
         <value>0xeeb8</value>
         <object_component_ref idref="oc-2be"/>
      </symbol>
      <symbol id="sm-b18">
         <name>_fmod</name>
         <value>0xeeb8</value>
         <object_component_ref idref="oc-2be"/>
      </symbol>
      <symbol id="sm-b28">
         <name>_sqrtf</name>
         <value>0xf8f6</value>
         <object_component_ref idref="oc-2c2"/>
      </symbol>
      <symbol id="sm-b2a">
         <name>_sqrt</name>
         <value>0xf8f6</value>
         <object_component_ref idref="oc-2c2"/>
      </symbol>
      <symbol id="sm-b4f">
         <name>_atan</name>
         <value>0xef87</value>
         <object_component_ref idref="oc-2ce"/>
      </symbol>
      <symbol id="sm-b50">
         <name>_atanf</name>
         <value>0xef87</value>
         <object_component_ref idref="oc-2ce"/>
      </symbol>
      <symbol id="sm-b67">
         <name>_ceilf</name>
         <value>0xf594</value>
         <object_component_ref idref="oc-2c1"/>
      </symbol>
      <symbol id="sm-b69">
         <name>_ceil</name>
         <value>0xf594</value>
         <object_component_ref idref="oc-2c1"/>
      </symbol>
      <symbol id="sm-b77">
         <name>_cos</name>
         <value>0xa79b</value>
         <object_component_ref idref="oc-28b"/>
      </symbol>
      <symbol id="sm-b78">
         <name>_cosf</name>
         <value>0xa79b</value>
         <object_component_ref idref="oc-28b"/>
      </symbol>
      <symbol id="sm-b8f">
         <name>_floorf</name>
         <value>0xf53b</value>
         <object_component_ref idref="oc-2bf"/>
      </symbol>
      <symbol id="sm-b91">
         <name>_floor</name>
         <value>0xf53b</value>
         <object_component_ref idref="oc-2bf"/>
      </symbol>
      <symbol id="sm-b9e">
         <name>_sin</name>
         <value>0xf47b</value>
         <object_component_ref idref="oc-28e"/>
      </symbol>
      <symbol id="sm-b9f">
         <name>_sinf</name>
         <value>0xf47b</value>
         <object_component_ref idref="oc-28e"/>
      </symbol>
      <symbol id="sm-bae">
         <name>_vsprintf</name>
         <value>0xf820</value>
         <object_component_ref idref="oc-2ba"/>
      </symbol>
      <symbol id="sm-bca">
         <name>_c_int00</name>
         <value>0xf5ec</value>
         <object_component_ref idref="oc-90"/>
      </symbol>
      <symbol id="sm-bcb">
         <name>__stack</name>
         <value>0xb800</value>
         <object_component_ref idref="oc-1b0"/>
      </symbol>
      <symbol id="sm-bdc">
         <name>FS$$DIV</name>
         <value>0xf221</value>
         <object_component_ref idref="oc-1b6"/>
      </symbol>
      <symbol id="sm-be8">
         <name>U$$MOD</name>
         <value>0xfbc3</value>
         <object_component_ref idref="oc-1bb"/>
      </symbol>
      <symbol id="sm-be9">
         <name>U$$DIV</name>
         <value>0xfbbe</value>
         <object_component_ref idref="oc-1bb"/>
      </symbol>
      <symbol id="sm-bf5">
         <name>UL$$MOD</name>
         <value>0xf89e</value>
         <object_component_ref idref="oc-1c0"/>
      </symbol>
      <symbol id="sm-bf6">
         <name>L$$MOD</name>
         <value>0xf889</value>
         <object_component_ref idref="oc-1c0"/>
      </symbol>
      <symbol id="sm-bf7">
         <name>L$$DIV</name>
         <value>0xf87a</value>
         <object_component_ref idref="oc-1c0"/>
      </symbol>
      <symbol id="sm-bf8">
         <name>UL$$DIV</name>
         <value>0xf897</value>
         <object_component_ref idref="oc-1c0"/>
      </symbol>
      <symbol id="sm-c07">
         <name>_copy_in</name>
         <value>0xf967</value>
         <object_component_ref idref="oc-277"/>
      </symbol>
      <symbol id="sm-c19">
         <name>_memcpy</name>
         <value>0xfa4a</value>
         <object_component_ref idref="oc-2b5"/>
      </symbol>
      <symbol id="sm-c26">
         <name>__system_pre_init</name>
         <value>0xa7fe</value>
         <object_component_ref idref="oc-276"/>
      </symbol>
      <symbol id="sm-c34">
         <name>__system_post_cinit</name>
         <value>0x9f53</value>
         <object_component_ref idref="oc-278"/>
      </symbol>
      <symbol id="sm-c49">
         <name>C$$EXIT</name>
         <value>0xf8a4</value>
         <object_component_ref idref="oc-27a"/>
      </symbol>
      <symbol id="sm-c4a">
         <name>_exit</name>
         <value>0xf8a6</value>
         <object_component_ref idref="oc-27a"/>
      </symbol>
      <symbol id="sm-c4c">
         <name>___TI_cleanup_ptr</name>
         <value>0x16470</value>
         <object_component_ref idref="oc-1db"/>
      </symbol>
      <symbol id="sm-c4d">
         <name>___TI_enable_exit_profile_output</name>
         <value>0x1646e</value>
         <object_component_ref idref="oc-1db"/>
      </symbol>
      <symbol id="sm-c4e">
         <name>_abort</name>
         <value>0xf8a4</value>
         <object_component_ref idref="oc-27a"/>
      </symbol>
      <symbol id="sm-c50">
         <name>___TI_dtors_ptr</name>
         <value>0x16472</value>
         <object_component_ref idref="oc-1db"/>
      </symbol>
      <symbol id="sm-c64">
         <name>__unlock</name>
         <value>0x1643e</value>
         <object_component_ref idref="oc-2d8"/>
      </symbol>
      <symbol id="sm-c65">
         <name>__lock</name>
         <value>0x1633e</value>
         <object_component_ref idref="oc-2b6"/>
      </symbol>
      <symbol id="sm-c66">
         <name>__register_lock</name>
         <value>0xfbd6</value>
         <object_component_ref idref="oc-2ca"/>
      </symbol>
      <symbol id="sm-c68">
         <name>__nop</name>
         <value>0xfbda</value>
         <object_component_ref idref="oc-2ca"/>
      </symbol>
      <symbol id="sm-c6a">
         <name>__register_unlock</name>
         <value>0xfbd2</value>
         <object_component_ref idref="oc-2ca"/>
      </symbol>
      <symbol id="sm-c7a">
         <name>__args_main</name>
         <value>0xfb69</value>
         <object_component_ref idref="oc-279"/>
      </symbol>
      <symbol id="sm-c88">
         <name>_strlen</name>
         <value>0xfbf5</value>
         <object_component_ref idref="oc-2bb"/>
      </symbol>
      <symbol id="sm-c93">
         <name>_errno</name>
         <value>0x15e69</value>
         <object_component_ref idref="oc-1f1"/>
      </symbol>
      <symbol id="sm-df6">
         <name>___TI_printfi</name>
         <value>0xca6c</value>
         <object_component_ref idref="oc-2cc"/>
      </symbol>
      <symbol id="sm-e07">
         <name>FD$$CMP</name>
         <value>0xf850</value>
         <object_component_ref idref="oc-1fa"/>
      </symbol>
      <symbol id="sm-e19">
         <name>FD$$MPY</name>
         <value>0xf2a9</value>
         <object_component_ref idref="oc-1ff"/>
      </symbol>
      <symbol id="sm-e26">
         <name>FD$$NEG</name>
         <value>0xfbdb</value>
         <object_component_ref idref="oc-204"/>
      </symbol>
      <symbol id="sm-e32">
         <name>FD$$SUB</name>
         <value>0xfb99</value>
         <object_component_ref idref="oc-209"/>
      </symbol>
      <symbol id="sm-e41">
         <name>FD$$TOI</name>
         <value>0xf9af</value>
         <object_component_ref idref="oc-20e"/>
      </symbol>
      <symbol id="sm-e50">
         <name>FD$$TOL</name>
         <value>0xf9f0</value>
         <object_component_ref idref="oc-213"/>
      </symbol>
      <symbol id="sm-e5c">
         <name>LL$$AND</name>
         <value>0xfb07</value>
         <object_component_ref idref="oc-218"/>
      </symbol>
      <symbol id="sm-e5d">
         <name>LL$$OR</name>
         <value>0xfb0f</value>
         <object_component_ref idref="oc-218"/>
      </symbol>
      <symbol id="sm-e5e">
         <name>LL$$XOR</name>
         <value>0xfb17</value>
         <object_component_ref idref="oc-218"/>
      </symbol>
      <symbol id="sm-e6c">
         <name>ULL$$CMP</name>
         <value>0xfa21</value>
         <object_component_ref idref="oc-21d"/>
      </symbol>
      <symbol id="sm-e6d">
         <name>LL$$CMP</name>
         <value>0xfa0f</value>
         <object_component_ref idref="oc-21d"/>
      </symbol>
      <symbol id="sm-e99">
         <name>ULL$$MOD</name>
         <value>0xec94</value>
         <object_component_ref idref="oc-222"/>
      </symbol>
      <symbol id="sm-e9a">
         <name>ULL$$DIV</name>
         <value>0xec65</value>
         <object_component_ref idref="oc-222"/>
      </symbol>
      <symbol id="sm-e9b">
         <name>LL$$MOD</name>
         <value>0xec2b</value>
         <object_component_ref idref="oc-222"/>
      </symbol>
      <symbol id="sm-e9c">
         <name>LL$$DIV</name>
         <value>0xebef</value>
         <object_component_ref idref="oc-222"/>
      </symbol>
      <symbol id="sm-eac">
         <name>I$$TOFD</name>
         <value>0xfa2d</value>
         <object_component_ref idref="oc-227"/>
      </symbol>
      <symbol id="sm-ebc">
         <name>L$$TOFD</name>
         <value>0xfa83</value>
         <object_component_ref idref="oc-22c"/>
      </symbol>
      <symbol id="sm-ecc">
         <name>FS$$TOFD</name>
         <value>0xfa67</value>
         <object_component_ref idref="oc-231"/>
      </symbol>
      <symbol id="sm-ee3">
         <name>FD$$DIV</name>
         <value>0xf196</value>
         <object_component_ref idref="oc-236"/>
      </symbol>
      <symbol id="sm-ef1">
         <name>___TI_ltoa</name>
         <value>0xf7f0</value>
         <object_component_ref idref="oc-2e7"/>
      </symbol>
      <symbol id="sm-f06">
         <name>_atoi</name>
         <value>0xf7bf</value>
         <object_component_ref idref="oc-2d9"/>
      </symbol>
      <symbol id="sm-f0f">
         <name>__ctypes_</name>
         <value>0xaafd</value>
         <object_component_ref idref="oc-2e6"/>
      </symbol>
      <symbol id="sm-f1e">
         <name>_memccpy</name>
         <value>0xfb7b</value>
         <object_component_ref idref="oc-2dd"/>
      </symbol>
      <symbol id="sm-f2d">
         <name>_memset</name>
         <value>0xfc04</value>
         <object_component_ref idref="oc-2da"/>
      </symbol>
      <symbol id="sm-f3d">
         <name>_strchr</name>
         <value>0xfba7</value>
         <object_component_ref idref="oc-2ea"/>
      </symbol>
      <symbol id="sm-f4b">
         <name>_strcpy</name>
         <value>0xfc0b</value>
         <object_component_ref idref="oc-2db"/>
      </symbol>
      <symbol id="sm-f5f">
         <name>_frexpl</name>
         <value>0xf4e1</value>
         <object_component_ref idref="oc-2e8"/>
      </symbol>
      <symbol id="sm-f7e">
         <name>_scalbnl</name>
         <value>0xf051</value>
         <object_component_ref idref="oc-2e9"/>
      </symbol>
      <symbol id="sm-f80">
         <name>_ldexpl</name>
         <value>0xf051</value>
         <object_component_ref idref="oc-2e9"/>
      </symbol>
      <symbol id="sm-f8e">
         <name>_wcslen</name>
         <value>0xfbe4</value>
         <object_component_ref idref="oc-2de"/>
      </symbol>
      <symbol id="sm-faa">
         <name>FD$$ADD</name>
         <value>0xf0fa</value>
         <object_component_ref idref="oc-26c"/>
      </symbol>
      <symbol id="sm-fb7">
         <name>_copysignl</name>
         <value>0xf98b</value>
         <object_component_ref idref="oc-2ec"/>
      </symbol>
   </symbol_table>
   <title>Link successful</title>
</link_info>
