<?xml version="1.0" encoding="ISO-8859-1" ?>
<link_info>
   <banner>TMS320C2000 Linker PC v22.6.1.LTS</banner>
   <copyright>Copyright (c) 1996-2018 Texas Instruments Incorporated</copyright>
   <link_time>0x6a03c3e5</link_time>
   <link_errors>0x0</link_errors>
   <output_file>FinalProjectwithCANAprilStarter.out</output_file>
   <entry_point>
      <name>_c_int00</name>
      <address>0x85958</address>
   </entry_point>
   <input_file_list>
      <input_file id="fl-2">
         <path>.\</path>
         <kind>object</kind>
         <file>F28379dCAN.obj</file>
         <name>F28379dCAN.obj</name>
      </input_file>
      <input_file id="fl-3">
         <path>.\</path>
         <kind>object</kind>
         <file>F28379dSerial.obj</file>
         <name>F28379dSerial.obj</name>
      </input_file>
      <input_file id="fl-4">
         <path>.\</path>
         <kind>object</kind>
         <file>F2837xD_Adc.obj</file>
         <name>F2837xD_Adc.obj</name>
      </input_file>
      <input_file id="fl-5">
         <path>.\</path>
         <kind>object</kind>
         <file>F2837xD_CodeStartBranch.obj</file>
         <name>F2837xD_CodeStartBranch.obj</name>
      </input_file>
      <input_file id="fl-6">
         <path>.\</path>
         <kind>object</kind>
         <file>F2837xD_CpuTimers.obj</file>
         <name>F2837xD_CpuTimers.obj</name>
      </input_file>
      <input_file id="fl-7">
         <path>.\</path>
         <kind>object</kind>
         <file>F2837xD_DefaultISR.obj</file>
         <name>F2837xD_DefaultISR.obj</name>
      </input_file>
      <input_file id="fl-8">
         <path>.\</path>
         <kind>object</kind>
         <file>F2837xD_EPwm.obj</file>
         <name>F2837xD_EPwm.obj</name>
      </input_file>
      <input_file id="fl-9">
         <path>.\</path>
         <kind>object</kind>
         <file>F2837xD_GlobalVariableDefs.obj</file>
         <name>F2837xD_GlobalVariableDefs.obj</name>
      </input_file>
      <input_file id="fl-a">
         <path>.\</path>
         <kind>object</kind>
         <file>F2837xD_Gpio.obj</file>
         <name>F2837xD_Gpio.obj</name>
      </input_file>
      <input_file id="fl-b">
         <path>.\</path>
         <kind>object</kind>
         <file>F2837xD_PieCtrl.obj</file>
         <name>F2837xD_PieCtrl.obj</name>
      </input_file>
      <input_file id="fl-c">
         <path>.\</path>
         <kind>object</kind>
         <file>F2837xD_PieVect.obj</file>
         <name>F2837xD_PieVect.obj</name>
      </input_file>
      <input_file id="fl-d">
         <path>.\</path>
         <kind>object</kind>
         <file>F2837xD_Spi.obj</file>
         <name>F2837xD_Spi.obj</name>
      </input_file>
      <input_file id="fl-e">
         <path>.\</path>
         <kind>object</kind>
         <file>F2837xD_SysCtrl.obj</file>
         <name>F2837xD_SysCtrl.obj</name>
      </input_file>
      <input_file id="fl-f">
         <path>.\</path>
         <kind>object</kind>
         <file>F2837xD_usDelay.obj</file>
         <name>F2837xD_usDelay.obj</name>
      </input_file>
      <input_file id="fl-10">
         <path>.\</path>
         <kind>object</kind>
         <file>FinalProjectwithCANAprilStarter_main.obj</file>
         <name>FinalProjectwithCANAprilStarter_main.obj</name>
      </input_file>
      <input_file id="fl-11">
         <path>.\</path>
         <kind>object</kind>
         <file>MatrixMath.obj</file>
         <name>MatrixMath.obj</name>
      </input_file>
      <input_file id="fl-12">
         <path>.\</path>
         <kind>object</kind>
         <file>OptiTrack.obj</file>
         <name>OptiTrack.obj</name>
      </input_file>
      <input_file id="fl-13">
         <path>.\</path>
         <kind>object</kind>
         <file>SE423Lib.obj</file>
         <name>SE423Lib.obj</name>
      </input_file>
      <input_file id="fl-14">
         <path>.\</path>
         <kind>object</kind>
         <file>user_xy.obj</file>
         <name>user_xy.obj</name>
      </input_file>
      <input_file id="fl-15">
         <path>.\device\</path>
         <kind>object</kind>
         <file>device.obj</file>
         <name>device.obj</name>
      </input_file>
      <input_file id="fl-1c">
         <kind>object</kind>
         <file>&lt;internal&gt;</file>
         <name>&lt;internal&gt;</name>
      </input_file>
      <input_file id="fl-23">
         <path>C:\MARIUS_FINAL_PROJECT\se423_final_project\C2000Ware_4_01_00_00\driverlib\f2837xd\driverlib\ccs\Debug\</path>
         <kind>archive</kind>
         <file>driverlib_coff.lib</file>
         <name>flash.obj</name>
      </input_file>
      <input_file id="fl-24">
         <path>C:\MARIUS_FINAL_PROJECT\se423_final_project\C2000Ware_4_01_00_00\driverlib\f2837xd\driverlib\ccs\Debug\</path>
         <kind>archive</kind>
         <file>driverlib_coff.lib</file>
         <name>gpio.obj</name>
      </input_file>
      <input_file id="fl-25">
         <path>C:\MARIUS_FINAL_PROJECT\se423_final_project\C2000Ware_4_01_00_00\driverlib\f2837xd\driverlib\ccs\Debug\</path>
         <kind>archive</kind>
         <file>driverlib_coff.lib</file>
         <name>sysctl.obj</name>
      </input_file>
      <input_file id="fl-31">
         <path>C:\ti\ccs1270\ccs\tools\compiler\ti-cgt-c2000_22.6.1.LTS\lib\</path>
         <kind>archive</kind>
         <file>rts2800_fpu32.lib</file>
         <name>e_atan2f.c.obj</name>
      </input_file>
      <input_file id="fl-32">
         <path>C:\ti\ccs1270\ccs\tools\compiler\ti-cgt-c2000_22.6.1.LTS\lib\</path>
         <kind>archive</kind>
         <file>rts2800_fpu32.lib</file>
         <name>e_fmodf.c.obj</name>
      </input_file>
      <input_file id="fl-33">
         <path>C:\ti\ccs1270\ccs\tools\compiler\ti-cgt-c2000_22.6.1.LTS\lib\</path>
         <kind>archive</kind>
         <file>rts2800_fpu32.lib</file>
         <name>e_sqrtf.c.obj</name>
      </input_file>
      <input_file id="fl-34">
         <path>C:\ti\ccs1270\ccs\tools\compiler\ti-cgt-c2000_22.6.1.LTS\lib\</path>
         <kind>archive</kind>
         <file>rts2800_fpu32.lib</file>
         <name>s_atanf.c.obj</name>
      </input_file>
      <input_file id="fl-35">
         <path>C:\ti\ccs1270\ccs\tools\compiler\ti-cgt-c2000_22.6.1.LTS\lib\</path>
         <kind>archive</kind>
         <file>rts2800_fpu32.lib</file>
         <name>s_ceilf.c.obj</name>
      </input_file>
      <input_file id="fl-36">
         <path>C:\ti\ccs1270\ccs\tools\compiler\ti-cgt-c2000_22.6.1.LTS\lib\</path>
         <kind>archive</kind>
         <file>rts2800_fpu32.lib</file>
         <name>s_cosf.c.obj</name>
      </input_file>
      <input_file id="fl-37">
         <path>C:\ti\ccs1270\ccs\tools\compiler\ti-cgt-c2000_22.6.1.LTS\lib\</path>
         <kind>archive</kind>
         <file>rts2800_fpu32.lib</file>
         <name>s_floorf.c.obj</name>
      </input_file>
      <input_file id="fl-38">
         <path>C:\ti\ccs1270\ccs\tools\compiler\ti-cgt-c2000_22.6.1.LTS\lib\</path>
         <kind>archive</kind>
         <file>rts2800_fpu32.lib</file>
         <name>s_sinf.c.obj</name>
      </input_file>
      <input_file id="fl-39">
         <path>C:\ti\ccs1270\ccs\tools\compiler\ti-cgt-c2000_22.6.1.LTS\lib\</path>
         <kind>archive</kind>
         <file>rts2800_fpu32.lib</file>
         <name>vsprintf.c.obj</name>
      </input_file>
      <input_file id="fl-3a">
         <path>C:\ti\ccs1270\ccs\tools\compiler\ti-cgt-c2000_22.6.1.LTS\lib\</path>
         <kind>archive</kind>
         <file>rts2800_fpu32.lib</file>
         <name>boot28.asm.obj</name>
      </input_file>
      <input_file id="fl-3b">
         <path>C:\ti\ccs1270\ccs\tools\compiler\ti-cgt-c2000_22.6.1.LTS\lib\</path>
         <kind>archive</kind>
         <file>rts2800_fpu32.lib</file>
         <name>fs_div28.asm.obj</name>
      </input_file>
      <input_file id="fl-3c">
         <path>C:\ti\ccs1270\ccs\tools\compiler\ti-cgt-c2000_22.6.1.LTS\lib\</path>
         <kind>archive</kind>
         <file>rts2800_fpu32.lib</file>
         <name>u_div28.asm.obj</name>
      </input_file>
      <input_file id="fl-3d">
         <path>C:\ti\ccs1270\ccs\tools\compiler\ti-cgt-c2000_22.6.1.LTS\lib\</path>
         <kind>archive</kind>
         <file>rts2800_fpu32.lib</file>
         <name>l_div28.asm.obj</name>
      </input_file>
      <input_file id="fl-3e">
         <path>C:\ti\ccs1270\ccs\tools\compiler\ti-cgt-c2000_22.6.1.LTS\lib\</path>
         <kind>archive</kind>
         <file>rts2800_fpu32.lib</file>
         <name>cpy_tbl.c.obj</name>
      </input_file>
      <input_file id="fl-3f">
         <path>C:\ti\ccs1270\ccs\tools\compiler\ti-cgt-c2000_22.6.1.LTS\lib\</path>
         <kind>archive</kind>
         <file>rts2800_fpu32.lib</file>
         <name>memcpy.c.obj</name>
      </input_file>
      <input_file id="fl-40">
         <path>C:\ti\ccs1270\ccs\tools\compiler\ti-cgt-c2000_22.6.1.LTS\lib\</path>
         <kind>archive</kind>
         <file>rts2800_fpu32.lib</file>
         <name>pre_init.c.obj</name>
      </input_file>
      <input_file id="fl-41">
         <path>C:\ti\ccs1270\ccs\tools\compiler\ti-cgt-c2000_22.6.1.LTS\lib\</path>
         <kind>archive</kind>
         <file>rts2800_fpu32.lib</file>
         <name>startup.c.obj</name>
      </input_file>
      <input_file id="fl-42">
         <path>C:\ti\ccs1270\ccs\tools\compiler\ti-cgt-c2000_22.6.1.LTS\lib\</path>
         <kind>archive</kind>
         <file>rts2800_fpu32.lib</file>
         <name>exit.c.obj</name>
      </input_file>
      <input_file id="fl-43">
         <path>C:\ti\ccs1270\ccs\tools\compiler\ti-cgt-c2000_22.6.1.LTS\lib\</path>
         <kind>archive</kind>
         <file>rts2800_fpu32.lib</file>
         <name>_lock.c.obj</name>
      </input_file>
      <input_file id="fl-44">
         <path>C:\ti\ccs1270\ccs\tools\compiler\ti-cgt-c2000_22.6.1.LTS\lib\</path>
         <kind>archive</kind>
         <file>rts2800_fpu32.lib</file>
         <name>args_main.c.obj</name>
      </input_file>
      <input_file id="fl-45">
         <path>C:\ti\ccs1270\ccs\tools\compiler\ti-cgt-c2000_22.6.1.LTS\lib\</path>
         <kind>archive</kind>
         <file>rts2800_fpu32.lib</file>
         <name>strlen.c.obj</name>
      </input_file>
      <input_file id="fl-46">
         <path>C:\ti\ccs1270\ccs\tools\compiler\ti-cgt-c2000_22.6.1.LTS\lib\</path>
         <kind>archive</kind>
         <file>rts2800_fpu32.lib</file>
         <name>errno.c.obj</name>
      </input_file>
      <input_file id="fl-47">
         <path>C:\ti\ccs1270\ccs\tools\compiler\ti-cgt-c2000_22.6.1.LTS\lib\</path>
         <kind>archive</kind>
         <file>rts2800_fpu32.lib</file>
         <name>_printfi.c.obj</name>
      </input_file>
      <input_file id="fl-48">
         <path>C:\ti\ccs1270\ccs\tools\compiler\ti-cgt-c2000_22.6.1.LTS\lib\</path>
         <kind>archive</kind>
         <file>rts2800_fpu32.lib</file>
         <name>fd_cmp28.asm.obj</name>
      </input_file>
      <input_file id="fl-49">
         <path>C:\ti\ccs1270\ccs\tools\compiler\ti-cgt-c2000_22.6.1.LTS\lib\</path>
         <kind>archive</kind>
         <file>rts2800_fpu32.lib</file>
         <name>fd_mpy28.asm.obj</name>
      </input_file>
      <input_file id="fl-4a">
         <path>C:\ti\ccs1270\ccs\tools\compiler\ti-cgt-c2000_22.6.1.LTS\lib\</path>
         <kind>archive</kind>
         <file>rts2800_fpu32.lib</file>
         <name>fd_neg28.asm.obj</name>
      </input_file>
      <input_file id="fl-4b">
         <path>C:\ti\ccs1270\ccs\tools\compiler\ti-cgt-c2000_22.6.1.LTS\lib\</path>
         <kind>archive</kind>
         <file>rts2800_fpu32.lib</file>
         <name>fd_sub28.asm.obj</name>
      </input_file>
      <input_file id="fl-4c">
         <path>C:\ti\ccs1270\ccs\tools\compiler\ti-cgt-c2000_22.6.1.LTS\lib\</path>
         <kind>archive</kind>
         <file>rts2800_fpu32.lib</file>
         <name>fd_toi28.asm.obj</name>
      </input_file>
      <input_file id="fl-4d">
         <path>C:\ti\ccs1270\ccs\tools\compiler\ti-cgt-c2000_22.6.1.LTS\lib\</path>
         <kind>archive</kind>
         <file>rts2800_fpu32.lib</file>
         <name>fd_tol28.asm.obj</name>
      </input_file>
      <input_file id="fl-4e">
         <path>C:\ti\ccs1270\ccs\tools\compiler\ti-cgt-c2000_22.6.1.LTS\lib\</path>
         <kind>archive</kind>
         <file>rts2800_fpu32.lib</file>
         <name>ll_aox28.asm.obj</name>
      </input_file>
      <input_file id="fl-4f">
         <path>C:\ti\ccs1270\ccs\tools\compiler\ti-cgt-c2000_22.6.1.LTS\lib\</path>
         <kind>archive</kind>
         <file>rts2800_fpu32.lib</file>
         <name>ll_cmp28.asm.obj</name>
      </input_file>
      <input_file id="fl-50">
         <path>C:\ti\ccs1270\ccs\tools\compiler\ti-cgt-c2000_22.6.1.LTS\lib\</path>
         <kind>archive</kind>
         <file>rts2800_fpu32.lib</file>
         <name>ll_div28.asm.obj</name>
      </input_file>
      <input_file id="fl-51">
         <path>C:\ti\ccs1270\ccs\tools\compiler\ti-cgt-c2000_22.6.1.LTS\lib\</path>
         <kind>archive</kind>
         <file>rts2800_fpu32.lib</file>
         <name>i_tofd28.asm.obj</name>
      </input_file>
      <input_file id="fl-52">
         <path>C:\ti\ccs1270\ccs\tools\compiler\ti-cgt-c2000_22.6.1.LTS\lib\</path>
         <kind>archive</kind>
         <file>rts2800_fpu32.lib</file>
         <name>l_tofd28.asm.obj</name>
      </input_file>
      <input_file id="fl-53">
         <path>C:\ti\ccs1270\ccs\tools\compiler\ti-cgt-c2000_22.6.1.LTS\lib\</path>
         <kind>archive</kind>
         <file>rts2800_fpu32.lib</file>
         <name>fs_tofdfpu32.asm.obj</name>
      </input_file>
      <input_file id="fl-54">
         <path>C:\ti\ccs1270\ccs\tools\compiler\ti-cgt-c2000_22.6.1.LTS\lib\</path>
         <kind>archive</kind>
         <file>rts2800_fpu32.lib</file>
         <name>fd_div28.asm.obj</name>
      </input_file>
      <input_file id="fl-55">
         <path>C:\ti\ccs1270\ccs\tools\compiler\ti-cgt-c2000_22.6.1.LTS\lib\</path>
         <kind>archive</kind>
         <file>rts2800_fpu32.lib</file>
         <name>_ltoa.c.obj</name>
      </input_file>
      <input_file id="fl-56">
         <path>C:\ti\ccs1270\ccs\tools\compiler\ti-cgt-c2000_22.6.1.LTS\lib\</path>
         <kind>archive</kind>
         <file>rts2800_fpu32.lib</file>
         <name>atoi.c.obj</name>
      </input_file>
      <input_file id="fl-57">
         <path>C:\ti\ccs1270\ccs\tools\compiler\ti-cgt-c2000_22.6.1.LTS\lib\</path>
         <kind>archive</kind>
         <file>rts2800_fpu32.lib</file>
         <name>ctype.c.obj</name>
      </input_file>
      <input_file id="fl-58">
         <path>C:\ti\ccs1270\ccs\tools\compiler\ti-cgt-c2000_22.6.1.LTS\lib\</path>
         <kind>archive</kind>
         <file>rts2800_fpu32.lib</file>
         <name>memccpy.c.obj</name>
      </input_file>
      <input_file id="fl-59">
         <path>C:\ti\ccs1270\ccs\tools\compiler\ti-cgt-c2000_22.6.1.LTS\lib\</path>
         <kind>archive</kind>
         <file>rts2800_fpu32.lib</file>
         <name>memset.c.obj</name>
      </input_file>
      <input_file id="fl-5a">
         <path>C:\ti\ccs1270\ccs\tools\compiler\ti-cgt-c2000_22.6.1.LTS\lib\</path>
         <kind>archive</kind>
         <file>rts2800_fpu32.lib</file>
         <name>strchr.c.obj</name>
      </input_file>
      <input_file id="fl-5b">
         <path>C:\ti\ccs1270\ccs\tools\compiler\ti-cgt-c2000_22.6.1.LTS\lib\</path>
         <kind>archive</kind>
         <file>rts2800_fpu32.lib</file>
         <name>strcpy.c.obj</name>
      </input_file>
      <input_file id="fl-5c">
         <path>C:\ti\ccs1270\ccs\tools\compiler\ti-cgt-c2000_22.6.1.LTS\lib\</path>
         <kind>archive</kind>
         <file>rts2800_fpu32.lib</file>
         <name>s_frexp.c.obj</name>
      </input_file>
      <input_file id="fl-5d">
         <path>C:\ti\ccs1270\ccs\tools\compiler\ti-cgt-c2000_22.6.1.LTS\lib\</path>
         <kind>archive</kind>
         <file>rts2800_fpu32.lib</file>
         <name>s_scalbn.c.obj</name>
      </input_file>
      <input_file id="fl-5e">
         <path>C:\ti\ccs1270\ccs\tools\compiler\ti-cgt-c2000_22.6.1.LTS\lib\</path>
         <kind>archive</kind>
         <file>rts2800_fpu32.lib</file>
         <name>wcslen.c.obj</name>
      </input_file>
      <input_file id="fl-5f">
         <path>C:\ti\ccs1270\ccs\tools\compiler\ti-cgt-c2000_22.6.1.LTS\lib\</path>
         <kind>archive</kind>
         <file>rts2800_fpu32.lib</file>
         <name>fd_add28.asm.obj</name>
      </input_file>
      <input_file id="fl-60">
         <path>C:\ti\ccs1270\ccs\tools\compiler\ti-cgt-c2000_22.6.1.LTS\lib\</path>
         <kind>archive</kind>
         <file>rts2800_fpu32.lib</file>
         <name>s_copysign.c.obj</name>
      </input_file>
   </input_file_list>
   <object_component_list>
      <object_component id="oc-14a">
         <name>.cinit</name>
         <load_address>0x87068</load_address>
         <run_address>0x87068</run_address>
         <size>0x31a</size>
         <input_file_ref idref="fl-10"/>
      </object_component>
      <object_component id="oc-9b">
         <name>.cinit</name>
         <load_address>0x87382</load_address>
         <run_address>0x87382</run_address>
         <size>0xac</size>
         <input_file_ref idref="fl-3"/>
      </object_component>
      <object_component id="oc-15f">
         <name>.cinit</name>
         <load_address>0x8742e</load_address>
         <run_address>0x8742e</run_address>
         <size>0x54</size>
         <input_file_ref idref="fl-13"/>
      </object_component>
      <object_component id="oc-158">
         <name>.cinit</name>
         <load_address>0x87482</load_address>
         <run_address>0x87482</run_address>
         <size>0x22</size>
         <input_file_ref idref="fl-12"/>
      </object_component>
      <object_component id="oc-2ac">
         <name>.cinit:_K</name>
         <load_address>0x874a4</load_address>
         <run_address>0x874a4</run_address>
         <size>0x15</size>
         <input_file_ref idref="fl-10"/>
      </object_component>
      <object_component id="oc-2a0">
         <name>.cinit:_P_pred</name>
         <load_address>0x874b9</load_address>
         <run_address>0x874b9</run_address>
         <size>0x15</size>
         <input_file_ref idref="fl-10"/>
      </object_component>
      <object_component id="oc-2a2">
         <name>.cinit:_Q</name>
         <load_address>0x874ce</load_address>
         <run_address>0x874ce</run_address>
         <size>0x15</size>
         <input_file_ref idref="fl-10"/>
      </object_component>
      <object_component id="oc-2a8">
         <name>.cinit:_R</name>
         <load_address>0x874e3</load_address>
         <run_address>0x874e3</run_address>
         <size>0x15</size>
         <input_file_ref idref="fl-10"/>
      </object_component>
      <object_component id="oc-2a6">
         <name>.cinit:_S</name>
         <load_address>0x874f8</load_address>
         <run_address>0x874f8</run_address>
         <size>0x15</size>
         <input_file_ref idref="fl-10"/>
      </object_component>
      <object_component id="oc-2aa">
         <name>.cinit:_S_inv</name>
         <load_address>0x8750d</load_address>
         <run_address>0x8750d</run_address>
         <size>0x15</size>
         <input_file_ref idref="fl-10"/>
      </object_component>
      <object_component id="oc-2b0">
         <name>.cinit:_eye3</name>
         <load_address>0x87522</load_address>
         <run_address>0x87522</run_address>
         <size>0x15</size>
         <input_file_ref idref="fl-10"/>
      </object_component>
      <object_component id="oc-296">
         <name>.cinit:_B</name>
         <load_address>0x87537</load_address>
         <run_address>0x87537</run_address>
         <size>0xf</size>
         <input_file_ref idref="fl-10"/>
      </object_component>
      <object_component id="oc-16b">
         <name>.cinit</name>
         <load_address>0x87546</load_address>
         <run_address>0x87546</run_address>
         <size>0xf</size>
         <input_file_ref idref="fl-15"/>
      </object_component>
      <object_component id="oc-290">
         <name>.cinit:_G_command</name>
         <load_address>0x87555</load_address>
         <run_address>0x87555</run_address>
         <size>0xe</size>
         <input_file_ref idref="fl-10"/>
      </object_component>
      <object_component id="oc-1e1">
         <name>.cinit</name>
         <load_address>0x87563</load_address>
         <run_address>0x87563</run_address>
         <size>0xe</size>
         <input_file_ref idref="fl-42"/>
      </object_component>
      <object_component id="oc-29b">
         <name>.cinit:_Bu</name>
         <load_address>0x87571</load_address>
         <run_address>0x87571</run_address>
         <size>0x9</size>
         <input_file_ref idref="fl-10"/>
      </object_component>
      <object_component id="oc-29e">
         <name>.cinit:_x_pred</name>
         <load_address>0x8757a</load_address>
         <run_address>0x8757a</run_address>
         <size>0x9</size>
         <input_file_ref idref="fl-10"/>
      </object_component>
      <object_component id="oc-299">
         <name>.cinit:_u</name>
         <load_address>0x87583</load_address>
         <run_address>0x87583</run_address>
         <size>0x7</size>
         <input_file_ref idref="fl-10"/>
      </object_component>
      <object_component id="oc-93">
         <name>.cinit</name>
         <load_address>0x8758a</load_address>
         <run_address>0x8758a</run_address>
         <size>0x5</size>
         <input_file_ref idref="fl-2"/>
      </object_component>
      <object_component id="oc-2c0">
         <name>.cinit:__lock</name>
         <load_address>0x8758f</load_address>
         <run_address>0x8758f</run_address>
         <size>0x5</size>
         <input_file_ref idref="fl-43"/>
      </object_component>
      <object_component id="oc-2d4">
         <name>.cinit:__unlock</name>
         <load_address>0x87594</load_address>
         <run_address>0x87594</run_address>
         <size>0x5</size>
         <input_file_ref idref="fl-43"/>
      </object_component>
      <object_component id="oc-1f7">
         <name>.cinit</name>
         <load_address>0x87599</load_address>
         <run_address>0x87599</run_address>
         <size>0x4</size>
         <input_file_ref idref="fl-46"/>
      </object_component>
      <object_component id="oc-14c">
         <name>.text:retain</name>
         <load_address>0x80008</load_address>
         <run_address>0x80008</run_address>
         <size>0x1185</size>
         <input_file_ref idref="fl-10"/>
      </object_component>
      <object_component id="oc-288">
         <name>.text</name>
         <load_address>0x8118d</load_address>
         <run_address>0x8118d</run_address>
         <size>0x8ff</size>
         <input_file_ref idref="fl-13"/>
      </object_component>
      <object_component id="oc-2cc">
         <name>.text</name>
         <load_address>0x81a8c</load_address>
         <run_address>0x81a8c</run_address>
         <size>0x4b4</size>
         <input_file_ref idref="fl-e"/>
      </object_component>
      <object_component id="oc-2ff">
         <name>.text</name>
         <load_address>0x81f40</load_address>
         <run_address>0x81f40</run_address>
         <size>0xa9</size>
         <input_file_ref idref="fl-5d"/>
      </object_component>
      <object_component id="oc-304">
         <name>.text:_CPUTimer_stopTimer</name>
         <load_address>0x81fe9</load_address>
         <run_address>0x81fe9</run_address>
         <size>0x14</size>
         <input_file_ref idref="fl-25"/>
      </object_component>
      <object_component id="oc-27d">
         <name>.text</name>
         <load_address>0x81ffd</load_address>
         <run_address>0x81ffd</run_address>
         <size>0x2</size>
         <input_file_ref idref="fl-40"/>
      </object_component>
      <object_component id="oc-27f">
         <name>.text</name>
         <load_address>0x81fff</load_address>
         <run_address>0x81fff</run_address>
         <size>0x1</size>
         <input_file_ref idref="fl-41"/>
      </object_component>
      <object_component id="oc-2e7">
         <name>.text</name>
         <load_address>0x82000</load_address>
         <run_address>0x82000</run_address>
         <size>0x6d0</size>
         <input_file_ref idref="fl-47"/>
      </object_component>
      <object_component id="oc-291">
         <name>.text</name>
         <load_address>0x826d0</load_address>
         <run_address>0x826d0</run_address>
         <size>0x624</size>
         <input_file_ref idref="fl-3"/>
      </object_component>
      <object_component id="oc-2d5">
         <name>.text:__TI_printfi</name>
         <load_address>0x82cf4</load_address>
         <run_address>0x82cf4</run_address>
         <size>0x5f5</size>
         <input_file_ref idref="fl-47"/>
      </object_component>
      <object_component id="oc-b4">
         <name>.text:retain</name>
         <load_address>0x832e9</load_address>
         <run_address>0x832e9</run_address>
         <size>0x585</size>
         <input_file_ref idref="fl-7"/>
      </object_component>
      <object_component id="oc-2d1">
         <name>.text</name>
         <load_address>0x8386e</load_address>
         <run_address>0x8386e</run_address>
         <size>0x3f9</size>
         <input_file_ref idref="fl-15"/>
      </object_component>
      <object_component id="oc-2b6">
         <name>.text</name>
         <load_address>0x83c67</load_address>
         <run_address>0x83c67</run_address>
         <size>0x36e</size>
         <input_file_ref idref="fl-2"/>
      </object_component>
      <object_component id="oc-201">
         <name>.text</name>
         <load_address>0x83fd5</load_address>
         <run_address>0x83fd5</run_address>
         <size>0x2a</size>
         <input_file_ref idref="fl-48"/>
      </object_component>
      <object_component id="oc-2b3">
         <name>.text</name>
         <load_address>0x84000</load_address>
         <run_address>0x84000</run_address>
         <size>0x3d7</size>
         <input_file_ref idref="fl-10"/>
      </object_component>
      <object_component id="oc-293">
         <name>.text</name>
         <load_address>0x843d7</load_address>
         <run_address>0x843d7</run_address>
         <size>0x35e</size>
         <input_file_ref idref="fl-12"/>
      </object_component>
      <object_component id="oc-29c">
         <name>.text</name>
         <load_address>0x84735</load_address>
         <run_address>0x84735</run_address>
         <size>0x2aa</size>
         <input_file_ref idref="fl-11"/>
      </object_component>
      <object_component id="oc-2c1">
         <name>.text</name>
         <load_address>0x849df</load_address>
         <run_address>0x849df</run_address>
         <size>0x244</size>
         <input_file_ref idref="fl-a"/>
      </object_component>
      <object_component id="oc-2dc">
         <name>.text:_SysCtl_setClock</name>
         <load_address>0x84c23</load_address>
         <run_address>0x84c23</run_address>
         <size>0x207</size>
         <input_file_ref idref="fl-25"/>
      </object_component>
      <object_component id="oc-2b2">
         <name>.text</name>
         <load_address>0x84e2a</load_address>
         <run_address>0x84e2a</run_address>
         <size>0x177</size>
         <input_file_ref idref="fl-14"/>
      </object_component>
      <object_component id="oc-229">
         <name>.text</name>
         <load_address>0x84fa1</load_address>
         <run_address>0x84fa1</run_address>
         <size>0x107</size>
         <input_file_ref idref="fl-50"/>
      </object_component>
      <object_component id="oc-2c2">
         <name>.text</name>
         <load_address>0x850a8</load_address>
         <run_address>0x850a8</run_address>
         <size>0xf0</size>
         <input_file_ref idref="fl-4"/>
      </object_component>
      <object_component id="oc-2c9">
         <name>.text</name>
         <load_address>0x85198</load_address>
         <run_address>0x85198</run_address>
         <size>0xd2</size>
         <input_file_ref idref="fl-31"/>
      </object_component>
      <object_component id="oc-2c7">
         <name>.text</name>
         <load_address>0x8526a</load_address>
         <run_address>0x8526a</run_address>
         <size>0xcf</size>
         <input_file_ref idref="fl-32"/>
      </object_component>
      <object_component id="oc-2d7">
         <name>.text</name>
         <load_address>0x85339</load_address>
         <run_address>0x85339</run_address>
         <size>0xca</size>
         <input_file_ref idref="fl-34"/>
      </object_component>
      <object_component id="oc-273">
         <name>.text</name>
         <load_address>0x85403</load_address>
         <run_address>0x85403</run_address>
         <size>0x9c</size>
         <input_file_ref idref="fl-5f"/>
      </object_component>
      <object_component id="oc-23d">
         <name>.text</name>
         <load_address>0x8549f</load_address>
         <run_address>0x8549f</run_address>
         <size>0x8b</size>
         <input_file_ref idref="fl-54"/>
      </object_component>
      <object_component id="oc-1bd">
         <name>.text</name>
         <load_address>0x8552a</load_address>
         <run_address>0x8552a</run_address>
         <size>0x88</size>
         <input_file_ref idref="fl-3b"/>
      </object_component>
      <object_component id="oc-206">
         <name>.text</name>
         <load_address>0x855b2</load_address>
         <run_address>0x855b2</run_address>
         <size>0x83</size>
         <input_file_ref idref="fl-49"/>
      </object_component>
      <object_component id="oc-2cf">
         <name>.text</name>
         <load_address>0x85635</load_address>
         <run_address>0x85635</run_address>
         <size>0x7c</size>
         <input_file_ref idref="fl-6"/>
      </object_component>
      <object_component id="oc-301">
         <name>.text:_SysCtl_selectXTAL</name>
         <load_address>0x856b1</load_address>
         <run_address>0x856b1</run_address>
         <size>0x6b</size>
         <input_file_ref idref="fl-25"/>
      </object_component>
      <object_component id="oc-2db">
         <name>.text:_SysCtl_getDeviceParametric</name>
         <load_address>0x8571c</load_address>
         <run_address>0x8571c</run_address>
         <size>0x68</size>
         <input_file_ref idref="fl-25"/>
      </object_component>
      <object_component id="oc-297">
         <name>.text</name>
         <load_address>0x85784</load_address>
         <run_address>0x85784</run_address>
         <size>0x66</size>
         <input_file_ref idref="fl-38"/>
      </object_component>
      <object_component id="oc-294">
         <name>.text</name>
         <load_address>0x857ea</load_address>
         <run_address>0x857ea</run_address>
         <size>0x63</size>
         <input_file_ref idref="fl-36"/>
      </object_component>
      <object_component id="oc-2fe">
         <name>.text</name>
         <load_address>0x8584d</load_address>
         <run_address>0x8584d</run_address>
         <size>0x5a</size>
         <input_file_ref idref="fl-5c"/>
      </object_component>
      <object_component id="oc-2c8">
         <name>.text</name>
         <load_address>0x858a7</load_address>
         <run_address>0x858a7</run_address>
         <size>0x59</size>
         <input_file_ref idref="fl-37"/>
      </object_component>
      <object_component id="oc-2ca">
         <name>.text</name>
         <load_address>0x85900</load_address>
         <run_address>0x85900</run_address>
         <size>0x58</size>
         <input_file_ref idref="fl-35"/>
      </object_component>
      <object_component id="oc-91">
         <name>.text</name>
         <load_address>0x85958</load_address>
         <run_address>0x85958</run_address>
         <size>0x56</size>
         <input_file_ref idref="fl-3a"/>
      </object_component>
      <object_component id="oc-2f9">
         <name>.text:_SysCtl_selectOscSource</name>
         <load_address>0x859ae</load_address>
         <run_address>0x859ae</run_address>
         <size>0x54</size>
         <input_file_ref idref="fl-25"/>
      </object_component>
      <object_component id="oc-2dd">
         <name>.text:_SysCtl_getClock</name>
         <load_address>0x85a02</load_address>
         <run_address>0x85a02</run_address>
         <size>0x51</size>
         <input_file_ref idref="fl-25"/>
      </object_component>
      <object_component id="oc-2e2">
         <name>.text:_GPIO_setMasterCore</name>
         <load_address>0x85a53</load_address>
         <run_address>0x85a53</run_address>
         <size>0x38</size>
         <input_file_ref idref="fl-24"/>
      </object_component>
      <object_component id="oc-2e0">
         <name>.text:_GPIO_setQualificationMode</name>
         <load_address>0x85a8b</load_address>
         <run_address>0x85a8b</run_address>
         <size>0x38</size>
         <input_file_ref idref="fl-24"/>
      </object_component>
      <object_component id="oc-2e1">
         <name>.text:_GPIO_setPinConfig</name>
         <load_address>0x85ac3</load_address>
         <run_address>0x85ac3</run_address>
         <size>0x37</size>
         <input_file_ref idref="fl-24"/>
      </object_component>
      <object_component id="oc-2df">
         <name>.text:_GPIO_setDirectionMode</name>
         <load_address>0x85afa</load_address>
         <run_address>0x85afa</run_address>
         <size>0x31</size>
         <input_file_ref idref="fl-24"/>
      </object_component>
      <object_component id="oc-2e4">
         <name>.text</name>
         <load_address>0x85b2b</load_address>
         <run_address>0x85b2b</run_address>
         <size>0x31</size>
         <input_file_ref idref="fl-56"/>
      </object_component>
      <object_component id="oc-2fd">
         <name>.text</name>
         <load_address>0x85b5c</load_address>
         <run_address>0x85b5c</run_address>
         <size>0x30</size>
         <input_file_ref idref="fl-55"/>
      </object_component>
      <object_component id="oc-2c4">
         <name>.text</name>
         <load_address>0x85b8c</load_address>
         <run_address>0x85b8c</run_address>
         <size>0x30</size>
         <input_file_ref idref="fl-39"/>
      </object_component>
      <object_component id="oc-1c7">
         <name>.text</name>
         <load_address>0x85bbc</load_address>
         <run_address>0x85bbc</run_address>
         <size>0x2a</size>
         <input_file_ref idref="fl-3d"/>
      </object_component>
      <object_component id="oc-281">
         <name>.text</name>
         <load_address>0x85be6</load_address>
         <run_address>0x85be6</run_address>
         <size>0x29</size>
         <input_file_ref idref="fl-42"/>
      </object_component>
      <object_component id="oc-2cd">
         <name>.text</name>
         <load_address>0x85c0f</load_address>
         <run_address>0x85c0f</run_address>
         <size>0x28</size>
         <input_file_ref idref="fl-b"/>
      </object_component>
      <object_component id="oc-2ef">
         <name>.text:_Flash_setBankPowerUpDelay</name>
         <load_address>0x85c37</load_address>
         <run_address>0x85c37</run_address>
         <size>0x28</size>
         <input_file_ref idref="fl-23"/>
      </object_component>
      <object_component id="oc-2cb">
         <name>.text</name>
         <load_address>0x85c60</load_address>
         <run_address>0x85c60</run_address>
         <size>0x27</size>
         <input_file_ref idref="fl-33"/>
      </object_component>
      <object_component id="oc-2ce">
         <name>.text</name>
         <load_address>0x85c87</load_address>
         <run_address>0x85c87</run_address>
         <size>0x26</size>
         <input_file_ref idref="fl-c"/>
      </object_component>
      <object_component id="oc-306">
         <name>.text:_CPUTimer_selectClockSource</name>
         <load_address>0x85cad</load_address>
         <run_address>0x85cad</run_address>
         <size>0x24</size>
         <input_file_ref idref="fl-25"/>
      </object_component>
      <object_component id="oc-27e">
         <name>.text</name>
         <load_address>0x85cd1</load_address>
         <run_address>0x85cd1</run_address>
         <size>0x24</size>
         <input_file_ref idref="fl-3e"/>
      </object_component>
      <object_component id="oc-302">
         <name>.text</name>
         <load_address>0x85cf5</load_address>
         <run_address>0x85cf5</run_address>
         <size>0x24</size>
         <input_file_ref idref="fl-60"/>
      </object_component>
      <object_component id="oc-215">
         <name>.text</name>
         <load_address>0x85d19</load_address>
         <run_address>0x85d19</run_address>
         <size>0x21</size>
         <input_file_ref idref="fl-4c"/>
      </object_component>
      <object_component id="oc-30c">
         <name>.text:_CPUTimer_getTimerOverflowStatus</name>
         <load_address>0x85d3a</load_address>
         <run_address>0x85d3a</run_address>
         <size>0x20</size>
         <input_file_ref idref="fl-25"/>
      </object_component>
      <object_component id="oc-21a">
         <name>.text</name>
         <load_address>0x85d5a</load_address>
         <run_address>0x85d5a</run_address>
         <size>0x1f</size>
         <input_file_ref idref="fl-4d"/>
      </object_component>
      <object_component id="oc-224">
         <name>.text</name>
         <load_address>0x85d79</load_address>
         <run_address>0x85d79</run_address>
         <size>0x1e</size>
         <input_file_ref idref="fl-4f"/>
      </object_component>
      <object_component id="oc-22e">
         <name>.text</name>
         <load_address>0x85d97</load_address>
         <run_address>0x85d97</run_address>
         <size>0x1d</size>
         <input_file_ref idref="fl-51"/>
      </object_component>
      <object_component id="oc-2be">
         <name>.text</name>
         <load_address>0x85db4</load_address>
         <run_address>0x85db4</run_address>
         <size>0x1d</size>
         <input_file_ref idref="fl-3f"/>
      </object_component>
      <object_component id="oc-238">
         <name>.text</name>
         <load_address>0x85dd1</load_address>
         <run_address>0x85dd1</run_address>
         <size>0x1c</size>
         <input_file_ref idref="fl-53"/>
      </object_component>
      <object_component id="oc-233">
         <name>.text</name>
         <load_address>0x85ded</load_address>
         <run_address>0x85ded</run_address>
         <size>0x1c</size>
         <input_file_ref idref="fl-52"/>
      </object_component>
      <object_component id="oc-308">
         <name>.text:_CPUTimer_startTimer</name>
         <load_address>0x85e09</load_address>
         <run_address>0x85e09</run_address>
         <size>0x1b</size>
         <input_file_ref idref="fl-25"/>
      </object_component>
      <object_component id="oc-30b">
         <name>.text:_CPUTimer_isBaseValid</name>
         <load_address>0x85e24</load_address>
         <run_address>0x85e24</run_address>
         <size>0x1a</size>
         <input_file_ref idref="fl-25"/>
      </object_component>
      <object_component id="oc-2de">
         <name>.text:_SysCtl_getLowSpeedClock</name>
         <load_address>0x85e3e</load_address>
         <run_address>0x85e3e</run_address>
         <size>0x1a</size>
         <input_file_ref idref="fl-25"/>
      </object_component>
      <object_component id="oc-309">
         <name>.text:_SysCtl_pollCpuTimer</name>
         <load_address>0x85e58</load_address>
         <run_address>0x85e58</run_address>
         <size>0x19</size>
         <input_file_ref idref="fl-25"/>
      </object_component>
      <object_component id="oc-21f">
         <name>.text</name>
         <load_address>0x85e71</load_address>
         <run_address>0x85e71</run_address>
         <size>0x18</size>
         <input_file_ref idref="fl-4e"/>
      </object_component>
      <object_component id="oc-307">
         <name>.text:_CPUTimer_clearOverflowFlag</name>
         <load_address>0x85e89</load_address>
         <run_address>0x85e89</run_address>
         <size>0x12</size>
         <input_file_ref idref="fl-25"/>
      </object_component>
      <object_component id="oc-303">
         <name>.text:_CPUTimer_disableInterrupt</name>
         <load_address>0x85e9b</load_address>
         <run_address>0x85e9b</run_address>
         <size>0x12</size>
         <input_file_ref idref="fl-25"/>
      </object_component>
      <object_component id="oc-305">
         <name>.text:_CPUTimer_setPeriod</name>
         <load_address>0x85ead</load_address>
         <run_address>0x85ead</run_address>
         <size>0x12</size>
         <input_file_ref idref="fl-25"/>
      </object_component>
      <object_component id="oc-280">
         <name>.text</name>
         <load_address>0x85ebf</load_address>
         <run_address>0x85ebf</run_address>
         <size>0x12</size>
         <input_file_ref idref="fl-44"/>
      </object_component>
      <object_component id="oc-2ed">
         <name>.text:_Flash_isCtrlBaseValid</name>
         <load_address>0x85ed1</load_address>
         <run_address>0x85ed1</run_address>
         <size>0x10</size>
         <input_file_ref idref="fl-23"/>
      </object_component>
      <object_component id="oc-2ee">
         <name>.text:_Flash_isECCBaseValid</name>
         <load_address>0x85ee1</load_address>
         <run_address>0x85ee1</run_address>
         <size>0x10</size>
         <input_file_ref idref="fl-23"/>
      </object_component>
      <object_component id="oc-2e8">
         <name>.text</name>
         <load_address>0x85ef1</load_address>
         <run_address>0x85ef1</run_address>
         <size>0x10</size>
         <input_file_ref idref="fl-58"/>
      </object_component>
      <object_component id="oc-2fb">
         <name>.text:_GPIO_isPinValid</name>
         <load_address>0x85f01</load_address>
         <run_address>0x85f01</run_address>
         <size>0xe</size>
         <input_file_ref idref="fl-24"/>
      </object_component>
      <object_component id="oc-210">
         <name>.text</name>
         <load_address>0x85f0f</load_address>
         <run_address>0x85f0f</run_address>
         <size>0xe</size>
         <input_file_ref idref="fl-4b"/>
      </object_component>
      <object_component id="oc-300">
         <name>.text</name>
         <load_address>0x85f1d</load_address>
         <run_address>0x85f1d</run_address>
         <size>0xc</size>
         <input_file_ref idref="fl-5a"/>
      </object_component>
      <object_component id="oc-2f8">
         <name>.text:_SysCtl_isMCDClockFailureDetected</name>
         <load_address>0x85f29</load_address>
         <run_address>0x85f29</run_address>
         <size>0xb</size>
         <input_file_ref idref="fl-25"/>
      </object_component>
      <object_component id="oc-1c2">
         <name>.text</name>
         <load_address>0x85f34</load_address>
         <run_address>0x85f34</run_address>
         <size>0xb</size>
         <input_file_ref idref="fl-3c"/>
      </object_component>
      <object_component id="oc-2fa">
         <name>.text:_SysCtl_serviceWatchdog</name>
         <load_address>0x85f3f</load_address>
         <run_address>0x85f3f</run_address>
         <size>0x9</size>
         <input_file_ref idref="fl-25"/>
      </object_component>
      <object_component id="oc-2d3">
         <name>.text</name>
         <load_address>0x85f48</load_address>
         <run_address>0x85f48</run_address>
         <size>0x9</size>
         <input_file_ref idref="fl-43"/>
      </object_component>
      <object_component id="oc-20b">
         <name>.text</name>
         <load_address>0x85f51</load_address>
         <run_address>0x85f51</run_address>
         <size>0x9</size>
         <input_file_ref idref="fl-4a"/>
      </object_component>
      <object_component id="oc-2e9">
         <name>.text</name>
         <load_address>0x85f5a</load_address>
         <run_address>0x85f5a</run_address>
         <size>0x9</size>
         <input_file_ref idref="fl-5e"/>
      </object_component>
      <object_component id="oc-a7">
         <name>.text</name>
         <load_address>0x85f63</load_address>
         <run_address>0x85f63</run_address>
         <size>0x8</size>
         <input_file_ref idref="fl-5"/>
      </object_component>
      <object_component id="oc-2c5">
         <name>.text</name>
         <load_address>0x85f6b</load_address>
         <run_address>0x85f6b</run_address>
         <size>0x8</size>
         <input_file_ref idref="fl-45"/>
      </object_component>
      <object_component id="oc-30a">
         <name>.text:_SysCtl_resetMCD</name>
         <load_address>0x85f73</load_address>
         <run_address>0x85f73</run_address>
         <size>0x7</size>
         <input_file_ref idref="fl-25"/>
      </object_component>
      <object_component id="oc-2e5">
         <name>.text</name>
         <load_address>0x85f7a</load_address>
         <run_address>0x85f7a</run_address>
         <size>0x7</size>
         <input_file_ref idref="fl-59"/>
      </object_component>
      <object_component id="oc-2e6">
         <name>.text</name>
         <load_address>0x85f81</load_address>
         <run_address>0x85f81</run_address>
         <size>0x5</size>
         <input_file_ref idref="fl-5b"/>
      </object_component>
      <object_component id="oc-a8">
         <name>codestart</name>
         <load_address>0x80000</load_address>
         <run_address>0x80000</run_address>
         <size>0x2</size>
         <input_file_ref idref="fl-5"/>
      </object_component>
      <object_component id="oc-1b7">
         <name>.stack</name>
         <uninitialized>true</uninitialized>
         <run_address>0xb000</run_address>
         <size>0x0</size>
         <input_file_ref idref="fl-3a"/>
      </object_component>
      <object_component id="oc-3a3">
         <name>.stack</name>
         <uninitialized>true</uninitialized>
         <run_address>0xb000</run_address>
         <size>0x0</size>
      </object_component>
      <object_component id="oc-1b8">
         <name>.reset</name>
         <load_address>0x3fffc0</load_address>
         <run_address>0x3fffc0</run_address>
         <size>0x2</size>
         <input_file_ref idref="fl-3a"/>
      </object_component>
      <object_component id="oc-287">
         <name>.ebss:_ladar_data</name>
         <uninitialized>true</uninitialized>
         <run_address>0xc000</run_address>
         <size>0x558</size>
         <input_file_ref idref="fl-3"/>
      </object_component>
      <object_component id="oc-160">
         <name>.ebss</name>
         <uninitialized>true</uninitialized>
         <run_address>0xc558</run_address>
         <size>0x22</size>
         <input_file_ref idref="fl-13"/>
      </object_component>
      <object_component id="oc-29a">
         <name>.ebss:_Bu</name>
         <uninitialized>true</uninitialized>
         <run_address>0xc57a</run_address>
         <size>0x6</size>
         <input_file_ref idref="fl-10"/>
      </object_component>
      <object_component id="oc-9c">
         <name>.ebss</name>
         <uninitialized>true</uninitialized>
         <run_address>0xc580</run_address>
         <size>0x546</size>
         <input_file_ref idref="fl-3"/>
      </object_component>
      <object_component id="oc-2b4">
         <name>.ebss:_LVsenddata</name>
         <uninitialized>true</uninitialized>
         <run_address>0xcac6</run_address>
         <size>0x22</size>
         <input_file_ref idref="fl-3"/>
      </object_component>
      <object_component id="oc-ae">
         <name>.ebss</name>
         <uninitialized>true</uninitialized>
         <run_address>0xcae8</run_address>
         <size>0x18</size>
         <input_file_ref idref="fl-6"/>
      </object_component>
      <object_component id="oc-2b5">
         <name>.ebss:_ladar_pts</name>
         <uninitialized>true</uninitialized>
         <run_address>0xcb00</run_address>
         <size>0x390</size>
         <input_file_ref idref="fl-10"/>
      </object_component>
      <object_component id="oc-28e">
         <name>.ebss:_readdata</name>
         <uninitialized>true</uninitialized>
         <run_address>0xce90</run_address>
         <size>0x19</size>
         <input_file_ref idref="fl-10"/>
      </object_component>
      <object_component id="oc-1f8">
         <name>.ebss</name>
         <uninitialized>true</uninitialized>
         <run_address>0xcea9</run_address>
         <size>0x1</size>
         <input_file_ref idref="fl-46"/>
      </object_component>
      <object_component id="oc-28d">
         <name>.ebss:_LinuxCommands</name>
         <uninitialized>true</uninitialized>
         <run_address>0xceaa</run_address>
         <size>0x16</size>
         <input_file_ref idref="fl-3"/>
      </object_component>
      <object_component id="oc-289">
         <name>.ebss:_buf</name>
         <uninitialized>true</uninitialized>
         <run_address>0xcec0</run_address>
         <size>0x1dd</size>
         <input_file_ref idref="fl-3"/>
      </object_component>
      <object_component id="oc-2ab">
         <name>.ebss:_K</name>
         <uninitialized>true</uninitialized>
         <run_address>0xd09e</run_address>
         <size>0x12</size>
         <input_file_ref idref="fl-10"/>
      </object_component>
      <object_component id="oc-28c">
         <name>.ebss:_fromLVvalues</name>
         <uninitialized>true</uninitialized>
         <run_address>0xd0b0</run_address>
         <size>0x10</size>
         <input_file_ref idref="fl-3"/>
      </object_component>
      <object_component id="oc-14b">
         <name>.ebss</name>
         <uninitialized>true</uninitialized>
         <run_address>0xd0c0</run_address>
         <size>0x13a</size>
         <input_file_ref idref="fl-10"/>
      </object_component>
      <object_component id="oc-2ad">
         <name>.ebss:_temp_3x1</name>
         <uninitialized>true</uninitialized>
         <run_address>0xd1fa</run_address>
         <size>0x6</size>
         <input_file_ref idref="fl-10"/>
      </object_component>
      <object_component id="oc-2c6">
         <name>.ebss:_UART_printf_bufferSCIB</name>
         <uninitialized>true</uninitialized>
         <run_address>0xd200</run_address>
         <size>0x88</size>
         <input_file_ref idref="fl-3"/>
      </object_component>
      <object_component id="oc-29f">
         <name>.ebss:_P_pred</name>
         <uninitialized>true</uninitialized>
         <run_address>0xd288</run_address>
         <size>0x12</size>
         <input_file_ref idref="fl-10"/>
      </object_component>
      <object_component id="oc-2a1">
         <name>.ebss:_Q</name>
         <uninitialized>true</uninitialized>
         <run_address>0xd29a</run_address>
         <size>0x12</size>
         <input_file_ref idref="fl-10"/>
      </object_component>
      <object_component id="oc-2a7">
         <name>.ebss:_R</name>
         <uninitialized>true</uninitialized>
         <run_address>0xd2ac</run_address>
         <size>0x12</size>
         <input_file_ref idref="fl-10"/>
      </object_component>
      <object_component id="oc-94">
         <name>.ebss</name>
         <uninitialized>true</uninitialized>
         <run_address>0xd2be</run_address>
         <size>0x2</size>
         <input_file_ref idref="fl-2"/>
      </object_component>
      <object_component id="oc-2c3">
         <name>.ebss:_serial_printf_bufSCIA</name>
         <uninitialized>true</uninitialized>
         <run_address>0xd2c0</run_address>
         <size>0x88</size>
         <input_file_ref idref="fl-3"/>
      </object_component>
      <object_component id="oc-2a5">
         <name>.ebss:_S</name>
         <uninitialized>true</uninitialized>
         <run_address>0xd348</run_address>
         <size>0x12</size>
         <input_file_ref idref="fl-10"/>
      </object_component>
      <object_component id="oc-2a9">
         <name>.ebss:_S_inv</name>
         <uninitialized>true</uninitialized>
         <run_address>0xd35a</run_address>
         <size>0x12</size>
         <input_file_ref idref="fl-10"/>
      </object_component>
      <object_component id="oc-2af">
         <name>.ebss:_eye3</name>
         <uninitialized>true</uninitialized>
         <run_address>0xd36c</run_address>
         <size>0x12</size>
         <input_file_ref idref="fl-10"/>
      </object_component>
      <object_component id="oc-2bf">
         <name>.ebss:__lock</name>
         <uninitialized>true</uninitialized>
         <run_address>0xd37e</run_address>
         <size>0x2</size>
         <input_file_ref idref="fl-43"/>
      </object_component>
      <object_component id="oc-28a">
         <name>.ebss:_path_received</name>
         <uninitialized>true</uninitialized>
         <run_address>0xd380</run_address>
         <size>0x51</size>
         <input_file_ref idref="fl-3"/>
      </object_component>
      <object_component id="oc-285">
         <name>.ebss:_fromCAMvaluesAprilTag1</name>
         <uninitialized>true</uninitialized>
         <run_address>0xd3d2</run_address>
         <size>0x12</size>
         <input_file_ref idref="fl-3"/>
      </object_component>
      <object_component id="oc-283">
         <name>.ebss:_fromCAMvaluesThreshold1</name>
         <uninitialized>true</uninitialized>
         <run_address>0xd3e4</run_address>
         <size>0x12</size>
         <input_file_ref idref="fl-3"/>
      </object_component>
      <object_component id="oc-28b">
         <name>.ebss:_Optitrackdata</name>
         <uninitialized>true</uninitialized>
         <run_address>0xd3f6</run_address>
         <size>0xa</size>
         <input_file_ref idref="fl-3"/>
      </object_component>
      <object_component id="oc-2b1">
         <name>.ebss:_robotdest</name>
         <uninitialized>true</uninitialized>
         <run_address>0xd400</run_address>
         <size>0x3c</size>
         <input_file_ref idref="fl-10"/>
      </object_component>
      <object_component id="oc-2b8">
         <name>.ebss:_dis_raw_1</name>
         <uninitialized>true</uninitialized>
         <run_address>0xd43c</run_address>
         <size>0x4</size>
         <input_file_ref idref="fl-10"/>
      </object_component>
      <object_component id="oc-284">
         <name>.ebss:_fromCAMvaluesThreshold2</name>
         <uninitialized>true</uninitialized>
         <run_address>0xd440</run_address>
         <size>0x12</size>
         <input_file_ref idref="fl-3"/>
      </object_component>
      <object_component id="oc-286">
         <name>.ebss:_fromCAMvaluesThreshold3</name>
         <uninitialized>true</uninitialized>
         <run_address>0xd452</run_address>
         <size>0x12</size>
         <input_file_ref idref="fl-3"/>
      </object_component>
      <object_component id="oc-2ae">
         <name>.ebss:_temp_3x3</name>
         <uninitialized>true</uninitialized>
         <run_address>0xd464</run_address>
         <size>0x12</size>
         <input_file_ref idref="fl-10"/>
      </object_component>
      <object_component id="oc-292">
         <name>.ebss:_IMU_data</name>
         <uninitialized>true</uninitialized>
         <run_address>0xd476</run_address>
         <size>0x9</size>
         <input_file_ref idref="fl-10"/>
      </object_component>
      <object_component id="oc-159">
         <name>.ebss</name>
         <uninitialized>true</uninitialized>
         <run_address>0xd480</run_address>
         <size>0xe</size>
         <input_file_ref idref="fl-12"/>
      </object_component>
      <object_component id="oc-295">
         <name>.ebss:_B</name>
         <uninitialized>true</uninitialized>
         <run_address>0xd48e</run_address>
         <size>0xc</size>
         <input_file_ref idref="fl-10"/>
      </object_component>
      <object_component id="oc-28f">
         <name>.ebss:_G_command</name>
         <uninitialized>true</uninitialized>
         <run_address>0xd49a</run_address>
         <size>0xb</size>
         <input_file_ref idref="fl-10"/>
      </object_component>
      <object_component id="oc-2ba">
         <name>.ebss:_lightlevel_raw_1</name>
         <uninitialized>true</uninitialized>
         <run_address>0xd4a6</run_address>
         <size>0x8</size>
         <input_file_ref idref="fl-10"/>
      </object_component>
      <object_component id="oc-2bc">
         <name>.ebss:_lightlevel_raw_2</name>
         <uninitialized>true</uninitialized>
         <run_address>0xd4ae</run_address>
         <size>0x8</size>
         <input_file_ref idref="fl-10"/>
      </object_component>
      <object_component id="oc-2bb">
         <name>.ebss:_quality_raw_1</name>
         <uninitialized>true</uninitialized>
         <run_address>0xd4b6</run_address>
         <size>0x8</size>
         <input_file_ref idref="fl-10"/>
      </object_component>
      <object_component id="oc-2e3">
         <name>.ebss:__unlock</name>
         <uninitialized>true</uninitialized>
         <run_address>0xd4be</run_address>
         <size>0x2</size>
         <input_file_ref idref="fl-43"/>
      </object_component>
      <object_component id="oc-2bd">
         <name>.ebss:_quality_raw_2</name>
         <uninitialized>true</uninitialized>
         <run_address>0xd4c0</run_address>
         <size>0x8</size>
         <input_file_ref idref="fl-10"/>
      </object_component>
      <object_component id="oc-2b7">
         <name>.ebss:_rxMsgData</name>
         <uninitialized>true</uninitialized>
         <run_address>0xd4c8</run_address>
         <size>0x8</size>
         <input_file_ref idref="fl-2"/>
      </object_component>
      <object_component id="oc-29d">
         <name>.ebss:_x_pred</name>
         <uninitialized>true</uninitialized>
         <run_address>0xd4d0</run_address>
         <size>0x6</size>
         <input_file_ref idref="fl-10"/>
      </object_component>
      <object_component id="oc-2a4">
         <name>.ebss:_ytilde</name>
         <uninitialized>true</uninitialized>
         <run_address>0xd4d6</run_address>
         <size>0x6</size>
         <input_file_ref idref="fl-10"/>
      </object_component>
      <object_component id="oc-2a3">
         <name>.ebss:_z</name>
         <uninitialized>true</uninitialized>
         <run_address>0xd4dc</run_address>
         <size>0x6</size>
         <input_file_ref idref="fl-10"/>
      </object_component>
      <object_component id="oc-16c">
         <name>.ebss</name>
         <uninitialized>true</uninitialized>
         <run_address>0xd4e2</run_address>
         <size>0x6</size>
         <input_file_ref idref="fl-15"/>
      </object_component>
      <object_component id="oc-1e2">
         <name>.ebss</name>
         <uninitialized>true</uninitialized>
         <run_address>0xd4e8</run_address>
         <size>0x6</size>
         <input_file_ref idref="fl-42"/>
      </object_component>
      <object_component id="oc-2b9">
         <name>.ebss:_dis_raw_2</name>
         <uninitialized>true</uninitialized>
         <run_address>0xd4ee</run_address>
         <size>0x4</size>
         <input_file_ref idref="fl-10"/>
      </object_component>
      <object_component id="oc-298">
         <name>.ebss:_u</name>
         <uninitialized>true</uninitialized>
         <run_address>0xd4f2</run_address>
         <size>0x4</size>
         <input_file_ref idref="fl-10"/>
      </object_component>
      <object_component id="oc-95">
         <name>.econst:.string</name>
         <load_address>0x85f88</load_address>
         <run_address>0x85f88</run_address>
         <size>0x74</size>
         <input_file_ref idref="fl-2"/>
      </object_component>
      <object_component id="oc-2d6">
         <name>.econst:_Zero</name>
         <load_address>0x85ffc</load_address>
         <run_address>0x85ffc</run_address>
         <size>0x4</size>
         <input_file_ref idref="fl-32"/>
      </object_component>
      <object_component id="oc-2d9">
         <name>.econst:_PieVectTableInit</name>
         <load_address>0x86980</load_address>
         <run_address>0x86980</run_address>
         <size>0x1c0</size>
         <input_file_ref idref="fl-c"/>
      </object_component>
      <object_component id="oc-14d">
         <name>.econst:.string</name>
         <load_address>0x86b40</load_address>
         <run_address>0x86b40</run_address>
         <size>0x11f</size>
         <input_file_ref idref="fl-10"/>
      </object_component>
      <object_component id="oc-2fc">
         <name>.econst:.string:__ctypes_</name>
         <load_address>0x86c5f</load_address>
         <run_address>0x86c5f</run_address>
         <size>0x101</size>
         <input_file_ref idref="fl-57"/>
      </object_component>
      <object_component id="oc-180">
         <name>.econst:.string</name>
         <load_address>0x86d60</load_address>
         <run_address>0x86d60</run_address>
         <size>0xc2</size>
         <input_file_ref idref="fl-25"/>
      </object_component>
      <object_component id="oc-173">
         <name>.econst:.string</name>
         <load_address>0x86e22</load_address>
         <run_address>0x86e22</run_address>
         <size>0xbf</size>
         <input_file_ref idref="fl-23"/>
      </object_component>
      <object_component id="oc-179">
         <name>.econst:.string</name>
         <load_address>0x86ee2</load_address>
         <run_address>0x86ee2</run_address>
         <size>0xbc</size>
         <input_file_ref idref="fl-24"/>
      </object_component>
      <object_component id="oc-1fc">
         <name>.econst:.string</name>
         <load_address>0x86f9e</load_address>
         <run_address>0x86f9e</run_address>
         <size>0x26</size>
         <input_file_ref idref="fl-47"/>
      </object_component>
      <object_component id="oc-1fb">
         <name>.econst</name>
         <load_address>0x86fc4</load_address>
         <run_address>0x86fc4</run_address>
         <size>0x1c</size>
         <input_file_ref idref="fl-47"/>
      </object_component>
      <object_component id="oc-269">
         <name>.econst</name>
         <load_address>0x86fe0</load_address>
         <run_address>0x86fe0</run_address>
         <size>0x1c</size>
         <input_file_ref idref="fl-5d"/>
      </object_component>
      <object_component id="oc-2d0">
         <name>.econst:.string:_$P$T0$1</name>
         <load_address>0x86ffc</load_address>
         <run_address>0x86ffc</run_address>
         <size>0x13</size>
         <input_file_ref idref="fl-10"/>
      </object_component>
      <object_component id="oc-16d">
         <name>.econst:.string</name>
         <load_address>0x87010</load_address>
         <run_address>0x87010</run_address>
         <size>0x13</size>
         <input_file_ref idref="fl-15"/>
      </object_component>
      <object_component id="oc-186">
         <name>.econst</name>
         <load_address>0x87024</load_address>
         <run_address>0x87024</run_address>
         <size>0xc</size>
         <input_file_ref idref="fl-31"/>
      </object_component>
      <object_component id="oc-2ec">
         <name>.econst:_aT</name>
         <load_address>0x87030</load_address>
         <run_address>0x87030</run_address>
         <size>0xa</size>
         <input_file_ref idref="fl-34"/>
      </object_component>
      <object_component id="oc-2d2">
         <name>.econst:_canBitValues</name>
         <load_address>0x8703a</load_address>
         <run_address>0x8703a</run_address>
         <size>0x9</size>
         <input_file_ref idref="fl-2"/>
      </object_component>
      <object_component id="oc-2ea">
         <name>.econst:_atanhi</name>
         <load_address>0x87044</load_address>
         <run_address>0x87044</run_address>
         <size>0x8</size>
         <input_file_ref idref="fl-34"/>
      </object_component>
      <object_component id="oc-2eb">
         <name>.econst:_atanlo</name>
         <load_address>0x8704c</load_address>
         <run_address>0x8704c</run_address>
         <size>0x8</size>
         <input_file_ref idref="fl-34"/>
      </object_component>
      <object_component id="oc-263">
         <name>.econst</name>
         <load_address>0x87054</load_address>
         <run_address>0x87054</run_address>
         <size>0x8</size>
         <input_file_ref idref="fl-5c"/>
      </object_component>
      <object_component id="oc-197">
         <name>.econst</name>
         <load_address>0x8705c</load_address>
         <run_address>0x8705c</run_address>
         <size>0x4</size>
         <input_file_ref idref="fl-34"/>
      </object_component>
      <object_component id="oc-18c">
         <name>.econst</name>
         <load_address>0x87060</load_address>
         <run_address>0x87060</run_address>
         <size>0x2</size>
         <input_file_ref idref="fl-32"/>
      </object_component>
      <object_component id="oc-19d">
         <name>.econst</name>
         <load_address>0x87062</load_address>
         <run_address>0x87062</run_address>
         <size>0x2</size>
         <input_file_ref idref="fl-35"/>
      </object_component>
      <object_component id="oc-1a8">
         <name>.econst</name>
         <load_address>0x87064</load_address>
         <run_address>0x87064</run_address>
         <size>0x2</size>
         <input_file_ref idref="fl-37"/>
      </object_component>
      <object_component id="oc-9d">
         <name>.TI.ramfunc:retain</name>
         <load_address>0x86000</load_address>
         <run_address>0x8000</run_address>
         <size>0x656</size>
         <input_file_ref idref="fl-3"/>
      </object_component>
      <object_component id="oc-282">
         <name>.TI.ramfunc</name>
         <load_address>0x86656</load_address>
         <run_address>0x8656</run_address>
         <size>0x1ba</size>
         <input_file_ref idref="fl-3"/>
      </object_component>
      <object_component id="oc-2da">
         <name>.TI.ramfunc:_Flash_initModule</name>
         <load_address>0x86810</load_address>
         <run_address>0x8810</run_address>
         <size>0x43</size>
         <input_file_ref idref="fl-23"/>
      </object_component>
      <object_component id="oc-2d8">
         <name>.TI.ramfunc</name>
         <load_address>0x86853</load_address>
         <run_address>0x8853</run_address>
         <size>0x37</size>
         <input_file_ref idref="fl-e"/>
      </object_component>
      <object_component id="oc-2f0">
         <name>.TI.ramfunc:_Flash_setBankPowerMode</name>
         <load_address>0x8688a</load_address>
         <run_address>0x888a</run_address>
         <size>0x2d</size>
         <input_file_ref idref="fl-23"/>
      </object_component>
      <object_component id="oc-2f4">
         <name>.TI.ramfunc:_Flash_setWaitstates</name>
         <load_address>0x868b7</load_address>
         <run_address>0x88b7</run_address>
         <size>0x26</size>
         <input_file_ref idref="fl-23"/>
      </object_component>
      <object_component id="oc-2f1">
         <name>.TI.ramfunc:_Flash_setPumpPowerMode</name>
         <load_address>0x868dd</load_address>
         <run_address>0x88dd</run_address>
         <size>0x1e</size>
         <input_file_ref idref="fl-23"/>
      </object_component>
      <object_component id="oc-2f2">
         <name>.TI.ramfunc:_Flash_disableCache</name>
         <load_address>0x868fb</load_address>
         <run_address>0x88fb</run_address>
         <size>0x1a</size>
         <input_file_ref idref="fl-23"/>
      </object_component>
      <object_component id="oc-2f3">
         <name>.TI.ramfunc:_Flash_disablePrefetch</name>
         <load_address>0x86915</load_address>
         <run_address>0x8915</run_address>
         <size>0x1a</size>
         <input_file_ref idref="fl-23"/>
      </object_component>
      <object_component id="oc-2f5">
         <name>.TI.ramfunc:_Flash_enableCache</name>
         <load_address>0x8692f</load_address>
         <run_address>0x892f</run_address>
         <size>0x19</size>
         <input_file_ref idref="fl-23"/>
      </object_component>
      <object_component id="oc-2f6">
         <name>.TI.ramfunc:_Flash_enablePrefetch</name>
         <load_address>0x86948</load_address>
         <run_address>0x8948</run_address>
         <size>0x19</size>
         <input_file_ref idref="fl-23"/>
      </object_component>
      <object_component id="oc-2f7">
         <name>.TI.ramfunc:_Flash_enableECC</name>
         <load_address>0x86961</load_address>
         <run_address>0x8961</run_address>
         <size>0x17</size>
         <input_file_ref idref="fl-23"/>
      </object_component>
      <object_component id="oc-144">
         <name>.TI.ramfunc</name>
         <load_address>0x86978</load_address>
         <run_address>0x8978</run_address>
         <size>0x4</size>
         <input_file_ref idref="fl-f"/>
      </object_component>
      <object_component id="oc-17f">
         <name>.TI.ramfunc</name>
         <load_address>0x8697c</load_address>
         <run_address>0x897c</run_address>
         <size>0x4</size>
         <input_file_ref idref="fl-25"/>
      </object_component>
      <object_component id="oc-129">
         <name>PieVectTableFile</name>
         <uninitialized>true</uninitialized>
         <run_address>0xd00</run_address>
         <size>0x1c0</size>
         <input_file_ref idref="fl-9"/>
      </object_component>
      <object_component id="oc-f9">
         <name>AccessProtectionRegsFile</name>
         <uninitialized>true</uninitialized>
         <run_address>0x5f4c0</run_address>
         <size>0x2e</size>
         <input_file_ref idref="fl-9"/>
      </object_component>
      <object_component id="oc-10e">
         <name>AdcaRegsFile</name>
         <uninitialized>true</uninitialized>
         <run_address>0x7400</run_address>
         <size>0x7c</size>
         <input_file_ref idref="fl-9"/>
      </object_component>
      <object_component id="oc-10f">
         <name>AdcbRegsFile</name>
         <uninitialized>true</uninitialized>
         <run_address>0x7480</run_address>
         <size>0x7c</size>
         <input_file_ref idref="fl-9"/>
      </object_component>
      <object_component id="oc-110">
         <name>AdccRegsFile</name>
         <uninitialized>true</uninitialized>
         <run_address>0x7500</run_address>
         <size>0x7c</size>
         <input_file_ref idref="fl-9"/>
      </object_component>
      <object_component id="oc-111">
         <name>AdcdRegsFile</name>
         <uninitialized>true</uninitialized>
         <run_address>0x7580</run_address>
         <size>0x7c</size>
         <input_file_ref idref="fl-9"/>
      </object_component>
      <object_component id="oc-d6">
         <name>AdcaResultRegsFile</name>
         <uninitialized>true</uninitialized>
         <run_address>0xb00</run_address>
         <size>0x18</size>
         <input_file_ref idref="fl-9"/>
      </object_component>
      <object_component id="oc-d7">
         <name>AdcbResultRegsFile</name>
         <uninitialized>true</uninitialized>
         <run_address>0xb20</run_address>
         <size>0x18</size>
         <input_file_ref idref="fl-9"/>
      </object_component>
      <object_component id="oc-d8">
         <name>AdccResultRegsFile</name>
         <uninitialized>true</uninitialized>
         <run_address>0xb40</run_address>
         <size>0x18</size>
         <input_file_ref idref="fl-9"/>
      </object_component>
      <object_component id="oc-d9">
         <name>AdcdResultRegsFile</name>
         <uninitialized>true</uninitialized>
         <run_address>0xb60</run_address>
         <size>0x18</size>
         <input_file_ref idref="fl-9"/>
      </object_component>
      <object_component id="oc-fd">
         <name>AnalogSubsysRegsFile</name>
         <uninitialized>true</uninitialized>
         <run_address>0x5d180</run_address>
         <size>0x3e</size>
         <input_file_ref idref="fl-9"/>
      </object_component>
      <object_component id="oc-125">
         <name>CanaRegsFile</name>
         <uninitialized>true</uninitialized>
         <run_address>0x48000</run_address>
         <size>0x164</size>
         <input_file_ref idref="fl-9"/>
      </object_component>
      <object_component id="oc-126">
         <name>CanbRegsFile</name>
         <uninitialized>true</uninitialized>
         <run_address>0x4a000</run_address>
         <size>0x164</size>
         <input_file_ref idref="fl-9"/>
      </object_component>
      <object_component id="oc-fe">
         <name>Cla1RegsFile</name>
         <uninitialized>true</uninitialized>
         <run_address>0x1400</run_address>
         <size>0x3e</size>
         <input_file_ref idref="fl-9"/>
      </object_component>
      <object_component id="oc-120">
         <name>Clb1DataExchRegsFile</name>
         <uninitialized>true</uninitialized>
         <run_address>0x3200</run_address>
         <size>0x108</size>
         <input_file_ref idref="fl-9"/>
      </object_component>
      <object_component id="oc-121">
         <name>Clb2DataExchRegsFile</name>
         <uninitialized>true</uninitialized>
         <run_address>0x3600</run_address>
         <size>0x108</size>
         <input_file_ref idref="fl-9"/>
      </object_component>
      <object_component id="oc-122">
         <name>Clb3DataExchRegsFile</name>
         <uninitialized>true</uninitialized>
         <run_address>0x3a00</run_address>
         <size>0x108</size>
         <input_file_ref idref="fl-9"/>
      </object_component>
      <object_component id="oc-123">
         <name>Clb4DataExchRegsFile</name>
         <uninitialized>true</uninitialized>
         <run_address>0x3e00</run_address>
         <size>0x108</size>
         <input_file_ref idref="fl-9"/>
      </object_component>
      <object_component id="oc-ff">
         <name>Clb1LogicCfgRegsFile</name>
         <uninitialized>true</uninitialized>
         <run_address>0x3000</run_address>
         <size>0x3e</size>
         <input_file_ref idref="fl-9"/>
      </object_component>
      <object_component id="oc-100">
         <name>Clb2LogicCfgRegsFile</name>
         <uninitialized>true</uninitialized>
         <run_address>0x3400</run_address>
         <size>0x3e</size>
         <input_file_ref idref="fl-9"/>
      </object_component>
      <object_component id="oc-101">
         <name>Clb3LogicCfgRegsFile</name>
         <uninitialized>true</uninitialized>
         <run_address>0x3800</run_address>
         <size>0x3e</size>
         <input_file_ref idref="fl-9"/>
      </object_component>
      <object_component id="oc-102">
         <name>Clb4LogicCfgRegsFile</name>
         <uninitialized>true</uninitialized>
         <run_address>0x3c00</run_address>
         <size>0x3e</size>
         <input_file_ref idref="fl-9"/>
      </object_component>
      <object_component id="oc-103">
         <name>Clb1LogicCtrlRegsFile</name>
         <uninitialized>true</uninitialized>
         <run_address>0x3100</run_address>
         <size>0x40</size>
         <input_file_ref idref="fl-9"/>
      </object_component>
      <object_component id="oc-104">
         <name>Clb2LogicCtrlRegsFile</name>
         <uninitialized>true</uninitialized>
         <run_address>0x3500</run_address>
         <size>0x40</size>
         <input_file_ref idref="fl-9"/>
      </object_component>
      <object_component id="oc-105">
         <name>Clb3LogicCtrlRegsFile</name>
         <uninitialized>true</uninitialized>
         <run_address>0x3900</run_address>
         <size>0x40</size>
         <input_file_ref idref="fl-9"/>
      </object_component>
      <object_component id="oc-106">
         <name>Clb4LogicCtrlRegsFile</name>
         <uninitialized>true</uninitialized>
         <run_address>0x3d00</run_address>
         <size>0x40</size>
         <input_file_ref idref="fl-9"/>
      </object_component>
      <object_component id="oc-107">
         <name>ClbXbarRegsFile</name>
         <uninitialized>true</uninitialized>
         <run_address>0x7a40</run_address>
         <size>0x40</size>
         <input_file_ref idref="fl-9"/>
      </object_component>
      <object_component id="oc-fb">
         <name>ClkCfgRegsFile</name>
         <uninitialized>true</uninitialized>
         <run_address>0x5d200</run_address>
         <size>0x32</size>
         <input_file_ref idref="fl-9"/>
      </object_component>
      <object_component id="oc-e2">
         <name>Cmpss1RegsFile</name>
         <uninitialized>true</uninitialized>
         <run_address>0x5c80</run_address>
         <size>0x1b</size>
         <input_file_ref idref="fl-9"/>
      </object_component>
      <object_component id="oc-e3">
         <name>Cmpss2RegsFile</name>
         <uninitialized>true</uninitialized>
         <run_address>0x5ca0</run_address>
         <size>0x1b</size>
         <input_file_ref idref="fl-9"/>
      </object_component>
      <object_component id="oc-e4">
         <name>Cmpss3RegsFile</name>
         <uninitialized>true</uninitialized>
         <run_address>0x5cc0</run_address>
         <size>0x1b</size>
         <input_file_ref idref="fl-9"/>
      </object_component>
      <object_component id="oc-e5">
         <name>Cmpss4RegsFile</name>
         <uninitialized>true</uninitialized>
         <run_address>0x5ce0</run_address>
         <size>0x1b</size>
         <input_file_ref idref="fl-9"/>
      </object_component>
      <object_component id="oc-e6">
         <name>Cmpss5RegsFile</name>
         <uninitialized>true</uninitialized>
         <run_address>0x5d00</run_address>
         <size>0x1b</size>
         <input_file_ref idref="fl-9"/>
      </object_component>
      <object_component id="oc-e7">
         <name>Cmpss6RegsFile</name>
         <uninitialized>true</uninitialized>
         <run_address>0x5d20</run_address>
         <size>0x1b</size>
         <input_file_ref idref="fl-9"/>
      </object_component>
      <object_component id="oc-e8">
         <name>Cmpss7RegsFile</name>
         <uninitialized>true</uninitialized>
         <run_address>0x5d40</run_address>
         <size>0x1b</size>
         <input_file_ref idref="fl-9"/>
      </object_component>
      <object_component id="oc-e9">
         <name>Cmpss8RegsFile</name>
         <uninitialized>true</uninitialized>
         <run_address>0x5d60</run_address>
         <size>0x1b</size>
         <input_file_ref idref="fl-9"/>
      </object_component>
      <object_component id="oc-c8">
         <name>CpuTimer0RegsFile</name>
         <uninitialized>true</uninitialized>
         <run_address>0xc00</run_address>
         <size>0x8</size>
         <input_file_ref idref="fl-9"/>
      </object_component>
      <object_component id="oc-c9">
         <name>CpuTimer1RegsFile</name>
         <uninitialized>true</uninitialized>
         <run_address>0xc08</run_address>
         <size>0x8</size>
         <input_file_ref idref="fl-9"/>
      </object_component>
      <object_component id="oc-ca">
         <name>CpuTimer2RegsFile</name>
         <uninitialized>true</uninitialized>
         <run_address>0xc10</run_address>
         <size>0x8</size>
         <input_file_ref idref="fl-9"/>
      </object_component>
      <object_component id="oc-112">
         <name>CpuSysRegsFile</name>
         <uninitialized>true</uninitialized>
         <run_address>0x5d300</run_address>
         <size>0x82</size>
         <input_file_ref idref="fl-9"/>
      </object_component>
      <object_component id="oc-c4">
         <name>DacaRegsFile</name>
         <uninitialized>true</uninitialized>
         <run_address>0x5c00</run_address>
         <size>0x7</size>
         <input_file_ref idref="fl-9"/>
      </object_component>
      <object_component id="oc-c5">
         <name>DacbRegsFile</name>
         <uninitialized>true</uninitialized>
         <run_address>0x5c10</run_address>
         <size>0x7</size>
         <input_file_ref idref="fl-9"/>
      </object_component>
      <object_component id="oc-c6">
         <name>DaccRegsFile</name>
         <uninitialized>true</uninitialized>
         <run_address>0x5c20</run_address>
[...]
         <name>_PostSWI1</name>
         <value>0x81935</value>
         <object_component_ref idref="oc-288"/>
      </symbol>
      <symbol id="sm-9c5">
         <name>_PostSWI2</name>
         <value>0x8193a</value>
         <object_component_ref idref="oc-288"/>
      </symbol>
      <symbol id="sm-9c7">
         <name>_PostSWI3</name>
         <value>0x8193f</value>
         <object_component_ref idref="oc-288"/>
      </symbol>
      <symbol id="sm-9c9">
         <name>_PI_Cneg</name>
         <value>0xc564</value>
         <object_component_ref idref="oc-160"/>
      </symbol>
      <symbol id="sm-9ca">
         <name>_PI_RightWheel_1</name>
         <value>0xc55c</value>
         <object_component_ref idref="oc-160"/>
      </symbol>
      <symbol id="sm-9cb">
         <name>_init_ADCsAndDACs</name>
         <value>0x8177a</value>
         <object_component_ref idref="oc-288"/>
      </symbol>
      <symbol id="sm-9cd">
         <name>_PI_LeftVel</name>
         <value>0xc55e</value>
         <object_component_ref idref="oc-160"/>
      </symbol>
      <symbol id="sm-9ce">
         <name>_setDACA</name>
         <value>0x8118d</value>
         <object_component_ref idref="oc-288"/>
      </symbol>
      <symbol id="sm-9d0">
         <name>_setDACB</name>
         <value>0x811ba</value>
         <object_component_ref idref="oc-288"/>
      </symbol>
      <symbol id="sm-9d2">
         <name>_PI_Vpos</name>
         <value>0xc566</value>
         <object_component_ref idref="oc-160"/>
      </symbol>
      <symbol id="sm-9d3">
         <name>_PI_e2</name>
         <value>0xc56c</value>
         <object_component_ref idref="oc-160"/>
      </symbol>
      <symbol id="sm-9d4">
         <name>_PI_e1</name>
         <value>0xc56a</value>
         <object_component_ref idref="oc-160"/>
      </symbol>
      <symbol id="sm-9d5">
         <name>_readEncRight</name>
         <value>0x81308</value>
         <object_component_ref idref="oc-288"/>
      </symbol>
      <symbol id="sm-9d7">
         <name>_PI_Kp_turn</name>
         <value>0xc578</value>
         <object_component_ref idref="oc-160"/>
      </symbol>
      <symbol id="sm-9d8">
         <name>_init_EPWM1and2</name>
         <value>0x81720</value>
         <object_component_ref idref="oc-288"/>
      </symbol>
      <symbol id="sm-9da">
         <name>_PI_e2s</name>
         <value>0xc570</value>
         <object_component_ref idref="oc-160"/>
      </symbol>
      <symbol id="sm-9db">
         <name>_dummyread</name>
         <value>0xc558</value>
         <object_component_ref idref="oc-160"/>
      </symbol>
      <symbol id="sm-9dc">
         <name>_PI_e1s</name>
         <value>0xc56e</value>
         <object_component_ref idref="oc-160"/>
      </symbol>
      <symbol id="sm-9dd">
         <name>_PI_LeftWheel_1</name>
         <value>0xc55a</value>
         <object_component_ref idref="oc-160"/>
      </symbol>
      <symbol id="sm-9de">
         <name>_readEncWheel</name>
         <value>0x81323</value>
         <object_component_ref idref="oc-288"/>
      </symbol>
      <symbol id="sm-9e0">
         <name>_setupSpib</name>
         <value>0x8133e</value>
         <object_component_ref idref="oc-288"/>
      </symbol>
      <symbol id="sm-9ff">
         <name>_my_atanf</name>
         <value>0x84e2a</value>
         <object_component_ref idref="oc-2b2"/>
      </symbol>
      <symbol id="sm-a01">
         <name>_xy_control</name>
         <value>0x84e70</value>
         <object_component_ref idref="oc-2b2"/>
      </symbol>
      <symbol id="sm-a32">
         <name>_Example_done</name>
         <value>0x83c66</value>
         <object_component_ref idref="oc-2d1"/>
      </symbol>
      <symbol id="sm-a34">
         <name>_Example_Fail</name>
         <value>0xd4e6</value>
         <object_component_ref idref="oc-16c"/>
      </symbol>
      <symbol id="sm-a35">
         <name>_Device_bootCPU2</name>
         <value>0x83adb</value>
         <object_component_ref idref="oc-2d1"/>
      </symbol>
      <symbol id="sm-a37">
         <name>_Device_initGPIO</name>
         <value>0x83a43</value>
         <object_component_ref idref="oc-2d1"/>
      </symbol>
      <symbol id="sm-a39">
         <name>_Example_setResultPass</name>
         <value>0x83c5c</value>
         <object_component_ref idref="oc-2d1"/>
      </symbol>
      <symbol id="sm-a3b">
         <name>___error__</name>
         <value>0x83c55</value>
         <object_component_ref idref="oc-2d1"/>
      </symbol>
      <symbol id="sm-a3d">
         <name>_Example_Result</name>
         <value>0xd4e2</value>
         <object_component_ref idref="oc-16c"/>
      </symbol>
      <symbol id="sm-a3e">
         <name>_Example_setResultFail</name>
         <value>0x83c61</value>
         <object_component_ref idref="oc-2d1"/>
      </symbol>
      <symbol id="sm-a40">
         <name>_Device_enableUnbondedGPIOPullupsFor176Pin</name>
         <value>0x83a64</value>
         <object_component_ref idref="oc-2d1"/>
      </symbol>
      <symbol id="sm-a42">
         <name>_Device_enableUnbondedGPIOPullups</name>
         <value>0x83a94</value>
         <object_component_ref idref="oc-2d1"/>
      </symbol>
      <symbol id="sm-a44">
         <name>_Device_init</name>
         <value>0x83905</value>
         <object_component_ref idref="oc-2d1"/>
      </symbol>
      <symbol id="sm-a46">
         <name>_Example_PassCount</name>
         <value>0xd4e4</value>
         <object_component_ref idref="oc-16c"/>
      </symbol>
      <symbol id="sm-a47">
         <name>_Device_enableUnbondedGPIOPullupsFor100Pin</name>
         <value>0x83a77</value>
         <object_component_ref idref="oc-2d1"/>
      </symbol>
      <symbol id="sm-a49">
         <name>_Device_enableAllPeripherals</name>
         <value>0x83958</value>
         <object_component_ref idref="oc-2d1"/>
      </symbol>
      <symbol id="sm-a4b">
         <name>_Device_configureTMXAnalogTrim</name>
         <value>0x83aaa</value>
         <object_component_ref idref="oc-2d1"/>
      </symbol>
      <symbol id="sm-a8f">
         <name>_Flash_initModule</name>
         <value>0x8810</value>
         <object_component_ref idref="oc-2da"/>
      </symbol>
      <symbol id="sm-ab0">
         <name>_GPIO_setMasterCore</name>
         <value>0x85a53</value>
         <object_component_ref idref="oc-2e2"/>
      </symbol>
      <symbol id="sm-ab2">
         <name>_GPIO_setPinConfig</name>
         <value>0x85ac3</value>
         <object_component_ref idref="oc-2e1"/>
      </symbol>
      <symbol id="sm-ab4">
         <name>_GPIO_setDirectionMode</name>
         <value>0x85afa</value>
         <object_component_ref idref="oc-2df"/>
      </symbol>
      <symbol id="sm-ab6">
         <name>_GPIO_setQualificationMode</name>
         <value>0x85a8b</value>
         <object_component_ref idref="oc-2e0"/>
      </symbol>
      <symbol id="sm-b3f">
         <name>_SysCtl_selectXTAL</name>
         <value>0x856b1</value>
         <object_component_ref idref="oc-301"/>
      </symbol>
      <symbol id="sm-b41">
         <name>_SysCtl_delay</name>
         <value>0x897c</value>
         <object_component_ref idref="oc-17f"/>
      </symbol>
      <symbol id="sm-b42">
         <name>_SysCtl_selectOscSource</name>
         <value>0x859ae</value>
         <object_component_ref idref="oc-2f9"/>
      </symbol>
      <symbol id="sm-b44">
         <name>_SysCtl_setClock</name>
         <value>0x84c23</value>
         <object_component_ref idref="oc-2dc"/>
      </symbol>
      <symbol id="sm-b46">
         <name>_SysCtl_getLowSpeedClock</name>
         <value>0x85e3e</value>
         <object_component_ref idref="oc-2de"/>
      </symbol>
      <symbol id="sm-b48">
         <name>_SysCtl_getClock</name>
         <value>0x85a02</value>
         <object_component_ref idref="oc-2dd"/>
      </symbol>
      <symbol id="sm-b4a">
         <name>_SysCtl_getDeviceParametric</name>
         <value>0x8571c</value>
         <object_component_ref idref="oc-2db"/>
      </symbol>
      <symbol id="sm-b7a">
         <name>_atan2f</name>
         <value>0x85198</value>
         <object_component_ref idref="oc-2c9"/>
      </symbol>
      <symbol id="sm-b7c">
         <name>_atan2</name>
         <value>0x85198</value>
         <object_component_ref idref="oc-2c9"/>
      </symbol>
      <symbol id="sm-ba8">
         <name>_fmodf</name>
         <value>0x8526a</value>
         <object_component_ref idref="oc-2c7"/>
      </symbol>
      <symbol id="sm-baa">
         <name>_fmod</name>
         <value>0x8526a</value>
         <object_component_ref idref="oc-2c7"/>
      </symbol>
      <symbol id="sm-bba">
         <name>_sqrtf</name>
         <value>0x85c60</value>
         <object_component_ref idref="oc-2cb"/>
      </symbol>
      <symbol id="sm-bbc">
         <name>_sqrt</name>
         <value>0x85c60</value>
         <object_component_ref idref="oc-2cb"/>
      </symbol>
      <symbol id="sm-be1">
         <name>_atan</name>
         <value>0x85339</value>
         <object_component_ref idref="oc-2d7"/>
      </symbol>
      <symbol id="sm-be2">
         <name>_atanf</name>
         <value>0x85339</value>
         <object_component_ref idref="oc-2d7"/>
      </symbol>
      <symbol id="sm-bf9">
         <name>_ceilf</name>
         <value>0x85900</value>
         <object_component_ref idref="oc-2ca"/>
      </symbol>
      <symbol id="sm-bfb">
         <name>_ceil</name>
         <value>0x85900</value>
         <object_component_ref idref="oc-2ca"/>
      </symbol>
      <symbol id="sm-c09">
         <name>_cos</name>
         <value>0x857ea</value>
         <object_component_ref idref="oc-294"/>
      </symbol>
      <symbol id="sm-c0a">
         <name>_cosf</name>
         <value>0x857ea</value>
         <object_component_ref idref="oc-294"/>
      </symbol>
      <symbol id="sm-c21">
         <name>_floorf</name>
         <value>0x858a7</value>
         <object_component_ref idref="oc-2c8"/>
      </symbol>
      <symbol id="sm-c23">
         <name>_floor</name>
         <value>0x858a7</value>
         <object_component_ref idref="oc-2c8"/>
      </symbol>
      <symbol id="sm-c30">
         <name>_sin</name>
         <value>0x85784</value>
         <object_component_ref idref="oc-297"/>
      </symbol>
      <symbol id="sm-c31">
         <name>_sinf</name>
         <value>0x85784</value>
         <object_component_ref idref="oc-297"/>
      </symbol>
      <symbol id="sm-c40">
         <name>_vsprintf</name>
         <value>0x85b8c</value>
         <object_component_ref idref="oc-2c4"/>
      </symbol>
      <symbol id="sm-c5c">
         <name>_c_int00</name>
         <value>0x85958</value>
         <object_component_ref idref="oc-91"/>
      </symbol>
      <symbol id="sm-c5d">
         <name>__stack</name>
         <value>0xb000</value>
         <object_component_ref idref="oc-1b7"/>
      </symbol>
      <symbol id="sm-c6e">
         <name>FS$$DIV</name>
         <value>0x8552a</value>
         <object_component_ref idref="oc-1bd"/>
      </symbol>
      <symbol id="sm-c7a">
         <name>U$$MOD</name>
         <value>0x85f39</value>
         <object_component_ref idref="oc-1c2"/>
      </symbol>
      <symbol id="sm-c7b">
         <name>U$$DIV</name>
         <value>0x85f34</value>
         <object_component_ref idref="oc-1c2"/>
      </symbol>
      <symbol id="sm-c87">
         <name>UL$$MOD</name>
         <value>0x85be0</value>
         <object_component_ref idref="oc-1c7"/>
      </symbol>
      <symbol id="sm-c88">
         <name>L$$MOD</name>
         <value>0x85bcb</value>
         <object_component_ref idref="oc-1c7"/>
      </symbol>
      <symbol id="sm-c89">
         <name>L$$DIV</name>
         <value>0x85bbc</value>
         <object_component_ref idref="oc-1c7"/>
      </symbol>
      <symbol id="sm-c8a">
         <name>UL$$DIV</name>
         <value>0x85bd9</value>
         <object_component_ref idref="oc-1c7"/>
      </symbol>
      <symbol id="sm-c99">
         <name>_copy_in</name>
         <value>0x85cd1</value>
         <object_component_ref idref="oc-27e"/>
      </symbol>
      <symbol id="sm-cab">
         <name>_memcpy</name>
         <value>0x85db4</value>
         <object_component_ref idref="oc-2be"/>
      </symbol>
      <symbol id="sm-cb8">
         <name>__system_pre_init</name>
         <value>0x81ffd</value>
         <object_component_ref idref="oc-27d"/>
      </symbol>
      <symbol id="sm-cc6">
         <name>__system_post_cinit</name>
         <value>0x81fff</value>
         <object_component_ref idref="oc-27f"/>
      </symbol>
      <symbol id="sm-cdb">
         <name>C$$EXIT</name>
         <value>0x85be6</value>
         <object_component_ref idref="oc-281"/>
      </symbol>
      <symbol id="sm-cdc">
         <name>_exit</name>
         <value>0x85be8</value>
         <object_component_ref idref="oc-281"/>
      </symbol>
      <symbol id="sm-cde">
         <name>___TI_cleanup_ptr</name>
         <value>0xd4ea</value>
         <object_component_ref idref="oc-1e2"/>
      </symbol>
      <symbol id="sm-cdf">
         <name>___TI_enable_exit_profile_output</name>
         <value>0xd4e8</value>
         <object_component_ref idref="oc-1e2"/>
      </symbol>
      <symbol id="sm-ce0">
         <name>_abort</name>
         <value>0x85be6</value>
         <object_component_ref idref="oc-281"/>
      </symbol>
      <symbol id="sm-ce2">
         <name>___TI_dtors_ptr</name>
         <value>0xd4ec</value>
         <object_component_ref idref="oc-1e2"/>
      </symbol>
      <symbol id="sm-cf6">
         <name>__unlock</name>
         <value>0xd4be</value>
         <object_component_ref idref="oc-2e3"/>
      </symbol>
      <symbol id="sm-cf7">
         <name>__lock</name>
         <value>0xd37e</value>
         <object_component_ref idref="oc-2bf"/>
      </symbol>
      <symbol id="sm-cf8">
         <name>__register_lock</name>
         <value>0x85f4c</value>
         <object_component_ref idref="oc-2d3"/>
      </symbol>
      <symbol id="sm-cfa">
         <name>__nop</name>
         <value>0x85f50</value>
         <object_component_ref idref="oc-2d3"/>
      </symbol>
      <symbol id="sm-cfc">
         <name>__register_unlock</name>
         <value>0x85f48</value>
         <object_component_ref idref="oc-2d3"/>
      </symbol>
      <symbol id="sm-d0c">
         <name>__args_main</name>
         <value>0x85ebf</value>
         <object_component_ref idref="oc-280"/>
      </symbol>
      <symbol id="sm-d1a">
         <name>_strlen</name>
         <value>0x85f6b</value>
         <object_component_ref idref="oc-2c5"/>
      </symbol>
      <symbol id="sm-d25">
         <name>_errno</name>
         <value>0xcea9</value>
         <object_component_ref idref="oc-1f8"/>
      </symbol>
      <symbol id="sm-e88">
         <name>___TI_printfi</name>
         <value>0x83164</value>
         <object_component_ref idref="oc-2d5"/>
      </symbol>
      <symbol id="sm-e99">
         <name>FD$$CMP</name>
         <value>0x83fd5</value>
         <object_component_ref idref="oc-201"/>
      </symbol>
      <symbol id="sm-eab">
         <name>FD$$MPY</name>
         <value>0x855b2</value>
         <object_component_ref idref="oc-206"/>
      </symbol>
      <symbol id="sm-eb8">
         <name>FD$$NEG</name>
         <value>0x85f51</value>
         <object_component_ref idref="oc-20b"/>
      </symbol>
      <symbol id="sm-ec4">
         <name>FD$$SUB</name>
         <value>0x85f0f</value>
         <object_component_ref idref="oc-210"/>
      </symbol>
      <symbol id="sm-ed3">
         <name>FD$$TOI</name>
         <value>0x85d19</value>
         <object_component_ref idref="oc-215"/>
      </symbol>
      <symbol id="sm-ee2">
         <name>FD$$TOL</name>
         <value>0x85d5a</value>
         <object_component_ref idref="oc-21a"/>
      </symbol>
      <symbol id="sm-eee">
         <name>LL$$AND</name>
         <value>0x85e71</value>
         <object_component_ref idref="oc-21f"/>
      </symbol>
      <symbol id="sm-eef">
         <name>LL$$OR</name>
         <value>0x85e79</value>
         <object_component_ref idref="oc-21f"/>
      </symbol>
      <symbol id="sm-ef0">
         <name>LL$$XOR</name>
         <value>0x85e81</value>
         <object_component_ref idref="oc-21f"/>
      </symbol>
      <symbol id="sm-efe">
         <name>ULL$$CMP</name>
         <value>0x85d8b</value>
         <object_component_ref idref="oc-224"/>
      </symbol>
      <symbol id="sm-eff">
         <name>LL$$CMP</name>
         <value>0x85d79</value>
         <object_component_ref idref="oc-224"/>
      </symbol>
      <symbol id="sm-f2b">
         <name>ULL$$MOD</name>
         <value>0x85046</value>
         <object_component_ref idref="oc-229"/>
      </symbol>
      <symbol id="sm-f2c">
         <name>ULL$$DIV</name>
         <value>0x85017</value>
         <object_component_ref idref="oc-229"/>
      </symbol>
      <symbol id="sm-f2d">
         <name>LL$$MOD</name>
         <value>0x84fdd</value>
         <object_component_ref idref="oc-229"/>
      </symbol>
      <symbol id="sm-f2e">
         <name>LL$$DIV</name>
         <value>0x84fa1</value>
         <object_component_ref idref="oc-229"/>
      </symbol>
      <symbol id="sm-f3e">
         <name>I$$TOFD</name>
         <value>0x85d97</value>
         <object_component_ref idref="oc-22e"/>
      </symbol>
      <symbol id="sm-f4e">
         <name>L$$TOFD</name>
         <value>0x85ded</value>
         <object_component_ref idref="oc-233"/>
      </symbol>
      <symbol id="sm-f5e">
         <name>FS$$TOFD</name>
         <value>0x85dd1</value>
         <object_component_ref idref="oc-238"/>
      </symbol>
      <symbol id="sm-f75">
         <name>FD$$DIV</name>
         <value>0x8549f</value>
         <object_component_ref idref="oc-23d"/>
      </symbol>
      <symbol id="sm-f83">
         <name>___TI_ltoa</name>
         <value>0x85b5c</value>
         <object_component_ref idref="oc-2fd"/>
      </symbol>
      <symbol id="sm-f98">
         <name>_atoi</name>
         <value>0x85b2b</value>
         <object_component_ref idref="oc-2e4"/>
      </symbol>
      <symbol id="sm-fa1">
         <name>__ctypes_</name>
         <value>0x86c5f</value>
         <object_component_ref idref="oc-2fc"/>
      </symbol>
      <symbol id="sm-fb0">
         <name>_memccpy</name>
         <value>0x85ef1</value>
         <object_component_ref idref="oc-2e8"/>
      </symbol>
      <symbol id="sm-fbf">
         <name>_memset</name>
         <value>0x85f7a</value>
         <object_component_ref idref="oc-2e5"/>
      </symbol>
      <symbol id="sm-fcf">
         <name>_strchr</name>
         <value>0x85f1d</value>
         <object_component_ref idref="oc-300"/>
      </symbol>
      <symbol id="sm-fdd">
         <name>_strcpy</name>
         <value>0x85f81</value>
         <object_component_ref idref="oc-2e6"/>
      </symbol>
      <symbol id="sm-ff1">
         <name>_frexpl</name>
         <value>0x8584d</value>
         <object_component_ref idref="oc-2fe"/>
      </symbol>
      <symbol id="sm-1010">
         <name>_scalbnl</name>
         <value>0x81f40</value>
         <object_component_ref idref="oc-2ff"/>
      </symbol>
      <symbol id="sm-1012">
         <name>_ldexpl</name>
         <value>0x81f40</value>
         <object_component_ref idref="oc-2ff"/>
      </symbol>
      <symbol id="sm-1020">
         <name>_wcslen</name>
         <value>0x85f5a</value>
         <object_component_ref idref="oc-2e9"/>
      </symbol>
      <symbol id="sm-103c">
         <name>FD$$ADD</name>
         <value>0x85403</value>
         <object_component_ref idref="oc-273"/>
      </symbol>
      <symbol id="sm-1049">
         <name>_copysignl</name>
         <value>0x85cf5</value>
         <object_component_ref idref="oc-302"/>
      </symbol>
   </symbol_table>
   <title>Link successful</title>
</link_info>
